******************************************************************************
                  TI ARM Linker PC v16.9.3                     
******************************************************************************
>> Linked Fri Feb 23 11:16:31 2018

OUTPUT FILE NAME:   <Practicum 0.out>
ENTRY POINT SYMBOL: "_c_int00"  address: 000040a5


MEMORY CONFIGURATION

         name            origin    length      used     unused   attr    fill
----------------------  --------  ---------  --------  --------  ----  --------
  MAIN                  00000000   00040000  0000663c  000399c4  R  X
  INFO                  00200000   00004000  00000000  00004000  R  X
  SRAM_CODE             01000000   00010000  00000637  0000f9c9  RW X
  SRAM_DATA             20000000   00010000  00000637  0000f9c9  RW  


SEGMENT ALLOCATION MAP

run origin  load origin   length   init length attrs members
----------  ----------- ---------- ----------- ----- -------
00000000    00000000    00006640   00006640    r-x
  00000000    00000000    000000e4   000000e4    r-- .intvecs
  000000e4    000000e4    00004280   00004280    r-x .text
  00004364    00004364    00002288   00002288    r-- .const
  000065f0    000065f0    00000050   00000050    r-- .cinit
20000000    20000000    00000437   00000000    rw-
  20000000    20000000    00000404   00000000    rw- .bss
  20000404    20000404    00000033   00000000    rw- .data
2000fe00    2000fe00    00000200   00000000    rw-
  2000fe00    2000fe00    00000200   00000000    rw- .stack


SECTION ALLOCATION MAP

 output                                  attributes/
section   page    origin      length       input sections
--------  ----  ----------  ----------   ----------------
.intvecs   0    00000000    000000e4     
                  00000000    000000e4     startup_msp432p401r_ccs.obj (.intvecs:retain)

.binit     0    00000000    00000000     

.text      0    000000e4    00004280     
                  000000e4    0000113e     rtsv7M4_T_le_v4SPD16_eabi.lib : _printfi.obj (.text)
                  00001222    00000002                                   : mpu_init.obj (.text)
                  00001224    0000104c     lib_PAE2.lib : graphics.obj (.text)
                  00002270    000008a8                  : lcd.obj (.text)
                  00002b18    000005c4     Practica1_PAE_main.obj (.text)
                  000030dc    0000032c     system_msp432p401r.obj (.text)
                  00003408    000001f4     rtsv7M4_T_le_v4SPD16_eabi.lib : ull_div_t2.obj (.text)
                  000035fc    000001b6                                   : fd_add_t2.obj (.text)
                  000037b2    00000002                                   : startup.obj (.text)
                  000037b4    00000188     lib_PAE2.lib : msp_LCD.obj (.text)
                  0000393c    00000136     rtsv7M4_T_le_v4SPD16_eabi.lib : fd_div_t2.obj (.text)
                  00003a72    000000fc                                   : fd_mul_t2.obj (.text)
                  00003b6e    00000002     --HOLE-- [fill = 0]
                  00003b70    000000fc                                   : s_scalbn.obj (.text)
                  00003c6c    0000009c                                   : memcpy_t2.obj (.text)
                  00003d08    00000086                                   : fd_cmp_t2.obj (.text:__aeabi_cdcmple)
                  00003d8e    00000086                                   : fd_cmp_t2.obj (.text:__aeabi_cdrcmple)
                  00003e14    0000007a                                   : memset_t2.obj (.text)
                  00003e8e    00000002     --HOLE-- [fill = 0]
                  00003e90    00000078     lib_PAE2.lib : Inicializacion.obj (.text)
                  00003f08    00000070     rtsv7M4_T_le_v4SPD16_eabi.lib : autoinit.obj (.text)
                  00003f78    00000068                                   : copy_decompress_lzss.obj (.text:decompress:lzss)
                  00003fe0    00000064                                   : s_frexp.obj (.text)
                  00004044    00000060                                   : sprintf.obj (.text)
                  000040a4    00000054                                   : boot.obj (.text)
                  000040f8    00000054                                   : exit.obj (.text)
                  0000414c    00000054                                   : ltoa.obj (.text)
                  000041a0    0000004c                                   : atoi.obj (.text)
                  000041ec    0000004c                                   : cpy_tbl.obj (.text)
                  00004238    00000048                                   : fd_toi_t2.obj (.text)
                  00004280    0000002e                                   : i_tofd_t2.obj (.text)
                  000042ae    0000001c                                   : memccpy.obj (.text)
                  000042ca    00000002     --HOLE-- [fill = 0]
                  000042cc    00000018                                   : args_main.obj (.text)
                  000042e4    00000016                                   : strchr.obj (.text)
                  000042fa    00000002     --HOLE-- [fill = 0]
                  000042fc    00000014                                   : _lock.obj (.text)
                  00004310    00000014                                   : s_copysign.obj (.text)
                  00004324    00000014                                   : strlen.obj (.text)
                  00004338    0000000e                                   : copy_decompress_none.obj (.text:decompress:none)
                  00004346    0000000e     startup_msp432p401r_ccs.obj (.text)
                  00004354    0000000c     rtsv7M4_T_le_v4SPD16_eabi.lib : copy_zero_init.obj (.text:decompress:ZI)
                  00004360    00000004                                   : pre_init.obj (.text)

.const     0    00004364    00002288     
                  00004364    00000ed3     logoUB_256.obj (.const:.string:pixel_logoUB8BPP_UNCOMP)
                  00005237    00000001     --HOLE-- [fill = 0]
                  00005238    0000082a     lib_PAE2.lib : graphics.obj (.const:font_11x16)
                  00005a62    00000474                  : graphics.obj (.const:font_8x12)
                  00005ed6    00000002     --HOLE-- [fill = 0]
                  00005ed8    00000400     logoUB_256.obj (.const:palette_logoUB8BPP_UNCOMP)
                  000062d8    000001e0     lib_PAE2.lib : graphics.obj (.const:font_5x7)
                  000064b8    00000101     rtsv7M4_T_le_v4SPD16_eabi.lib : ctype.obj (.const:.string:_ctypes_)
                  000065b9    00000010     lib_PAE2.lib : lcd.obj (.const:.string:$P$T0$1)
                  000065c9    00000010                  : lcd.obj (.const:.string:$P$T1$2)
                  000065d9    00000003     --HOLE-- [fill = 0]
                  000065dc    00000010     logoUB_256.obj (.const:logoUB8BPP_UNCOMP)

.cinit     0    000065f0    00000050     
                  000065f0    00000026     (.cinit..data.load) [load image, compression = lzss]
                  00006616    00000002     --HOLE-- [fill = 0]
                  00006618    0000000c     (__TI_handler_table)
                  00006624    00000004     --HOLE-- [fill = 0]
                  00006628    00000008     (.cinit..bss.load) [load image, compression = zero_init]
                  00006630    00000010     (__TI_cinit_table)

.init_array 
*          0    00000000    00000000     UNINITIALIZED

.bss       0    20000000    00000404     UNINITIALIZED
                  20000000    00000400     lib_PAE2.lib : graphics.obj (.bss:g_pulConvertedPalette)
                  20000400    00000002     (.common:x0)
                  20000402    00000002     (.common:y0)

.data      0    20000404    00000033     UNINITIALIZED
                  20000404    0000000c     rtsv7M4_T_le_v4SPD16_eabi.lib : exit.obj (.data:$O1$$)
                  20000410    0000000a     lib_PAE2.lib : lcd.obj (.data)
                  2000041a    00000002     --HOLE--
                  2000041c    00000008     rtsv7M4_T_le_v4SPD16_eabi.lib : _lock.obj (.data:$O1$$)
                  20000424    00000004     lib_PAE2.lib : graphics.obj (.data)
                  20000428    00000004     rtsv7M4_T_le_v4SPD16_eabi.lib : errno.obj (.data)
                  2000042c    00000004                                   : stkdepth_vars.obj (.data)
                  20000430    00000004     system_msp432p401r.obj (.data)
                  20000434    00000003     Practica1_PAE_main.obj (.data)

.stack     0    2000fe00    00000200     UNINITIALIZED
                  2000fe00    00000200     --HOLE--

MODULE SUMMARY

       Module                        code    ro data   rw data
       ------                        ----    -------   -------
    .\
       logoUB_256.obj                0       4835      0      
       Practica1_PAE_main.obj        1476    0         14     
       system_msp432p401r.obj        812     0         8      
       startup_msp432p401r_ccs.obj   14      228       0      
    +--+-----------------------------+-------+---------+---------+
       Total:                        2302    5063      22     
                                                              
    ../lib_PAE2.lib
       graphics.obj                  4172    3710      2056   
       lcd.obj                       2216    32        20     
       msp_LCD.obj                   392     0         0      
       Inicializacion.obj            120     0         0      
    +--+-----------------------------+-------+---------+---------+
       Total:                        6900    3742      2076   
                                                              
    C:\ti\ccsv7\tools\compiler\ti-cgt-arm_16.9.3.LTS\lib\rtsv7M4_T_le_v4SPD16_eabi.lib
       _printfi.obj                  4414    0         0      
       ull_div_t2.obj                500     0         0      
       fd_add_t2.obj                 438     0         0      
       fd_div_t2.obj                 310     0         0      
       fd_cmp_t2.obj                 268     0         0      
       ctype.obj                     0       257       0      
       fd_mul_t2.obj                 252     0         0      
       s_scalbn.obj                  252     0         0      
       memcpy_t2.obj                 156     0         0      
       memset_t2.obj                 122     0         0      
       autoinit.obj                  112     0         0      
       exit.obj                      84      0         24     
       copy_decompress_lzss.obj      104     0         0      
       s_frexp.obj                   100     0         0      
       sprintf.obj                   96      0         0      
       boot.obj                      84      0         0      
       ltoa.obj                      84      0         0      
       atoi.obj                      76      0         0      
       cpy_tbl.obj                   76      0         0      
       fd_toi_t2.obj                 72      0         0      
       i_tofd_t2.obj                 46      0         0      
       _lock.obj                     20      0         16     
       memccpy.obj                   28      0         0      
       args_main.obj                 24      0         0      
       strchr.obj                    22      0         0      
       s_copysign.obj                20      0         0      
       strlen.obj                    20      0         0      
       copy_decompress_none.obj      14      0         0      
       copy_zero_init.obj            12      0         0      
       errno.obj                     0       0         8      
       stkdepth_vars.obj             0       0         8      
       pre_init.obj                  4       0         0      
       mpu_init.obj                  2       0         0      
       startup.obj                   2       0         0      
    +--+-----------------------------+-------+---------+---------+
       Total:                        7814    257       56     
                                                              
       Stack:                        0       0         1024   
       Linker Generated:             0       74        0      
    +--+-----------------------------+-------+---------+---------+
       Grand Total:                  17016   9136      3178   


LINKER GENERATED COPY TABLES

__TI_cinit_table @ 00006630 records: 2, size/record: 8, table size: 16
	.data: load addr=000065f0, load size=00000026 bytes, run addr=20000404, run size=00000033 bytes, compression=lzss
	.bss: load addr=00006628, load size=00000008 bytes, run addr=20000000, run size=00000404 bytes, compression=zero_init


LINKER GENERATED HANDLER TABLE

__TI_handler_table @ 00006618 records: 3, size/record: 4, table size: 12
	index: 0, handler: __TI_decompress_lzss
	index: 1, handler: __TI_decompress_none
	index: 2, handler: __TI_zero_init


GLOBAL SYMBOLS: SORTED ALPHABETICALLY BY Name 

address   name                           
-------   ----                           
00004353  ADC14_IRQHandler               
00004353  AES256_IRQHandler              
00004353  BusFault_Handler               
000040f9  C$$EXIT                        
00004353  COMP_E0_IRQHandler             
00004353  COMP_E1_IRQHandler             
00004353  CS_IRQHandler                  
20000412  Color_Fondo                    
20000416  Color_Fondo_Inv                
20000414  Color_Texto                    
20000418  Color_Texto_Inv                
00004353  DMA_ERR_IRQHandler             
00004353  DMA_INT0_IRQHandler            
00004353  DMA_INT1_IRQHandler            
00004353  DMA_INT2_IRQHandler            
00004353  DMA_INT3_IRQHandler            
00004353  DebugMon_Handler               
00004353  Default_Handler                
00004353  EUSCIA0_IRQHandler             
00004353  EUSCIA1_IRQHandler             
00004353  EUSCIA2_IRQHandler             
00004353  EUSCIA3_IRQHandler             
00004353  EUSCIB0_IRQHandler             
00004353  EUSCIB1_IRQHandler             
00004353  EUSCIB2_IRQHandler             
00004353  EUSCIB3_IRQHandler             
00002bdf  EncenderRGB_Launchpad          
00004353  FLCTL_IRQHandler               
00004353  FPU_IRQHandler                 
20000411  Fuente                         
00004353  HardFault_Handler              
00004353  MemManage_Handler              
00004353  NMI_Handler                    
00004353  PCM_IRQHandler                 
00004353  PORT1_IRQHandler               
00004353  PORT2_IRQHandler               
00004353  PORT3_IRQHandler               
00002fc9  PORT4_IRQHandler               
00002fc9  PORT4_IRQHandler               
00003065  PORT5_IRQHandler               
00003065  PORT5_IRQHandler               
00004353  PORT6_IRQHandler               
00004353  PSS_IRQHandler                 
00004353  PendSV_Handler                 
00004353  RTC_C_IRQHandler               
00004347  Reset_Handler                  
UNDEFED   SHT$$INIT_ARRAY$$Base          
UNDEFED   SHT$$INIT_ARRAY$$Limit         
00004353  SVC_Handler                    
00004353  SysTick_Handler                
20000430  SystemCoreClock                
000030dd  SystemCoreClockUpdate          
00003351  SystemInit                     
00004353  T32_INT1_IRQHandler            
00004353  T32_INT2_IRQHandler            
00004353  T32_INTC_IRQHandler            
00004353  TA0_0_IRQHandler               
00004353  TA0_N_IRQHandler               
00004353  TA1_0_IRQHandler               
00004353  TA1_N_IRQHandler               
00004353  TA2_0_IRQHandler               
00004353  TA2_N_IRQHandler               
00004353  TA3_0_IRQHandler               
00004353  TA3_N_IRQHandler               
00004353  UsageFault_Handler             
4000480c  WDTCTL_SYM                     
00004353  WDT_A_IRQHandler               
20010000  __STACK_END                    
00000200  __STACK_SIZE                   
00006630  __TI_CINIT_Base                
00006640  __TI_CINIT_Limit               
00006618  __TI_Handler_Table_Base        
00006624  __TI_Handler_Table_Limit       
00003f09  __TI_auto_init                 
20000404  __TI_cleanup_ptr               
00003f79  __TI_decompress_lzss           
00004339  __TI_decompress_none           
20000408  __TI_dtors_ptr                 
2000040c  __TI_enable_exit_profile_output
ffffffff  __TI_pprof_out_hndl            
00000929  __TI_printfi                   
ffffffff  __TI_prof_data_size            
ffffffff  __TI_prof_data_start           
00000000  __TI_static_base__             
00004355  __TI_zero_init                 
00003d09  __aeabi_cdcmpeq                
00003d09  __aeabi_cdcmple                
00003d8f  __aeabi_cdrcmple               
00004239  __aeabi_d2iz                   
00003607  __aeabi_dadd                   
0000393d  __aeabi_ddiv                   
00003a73  __aeabi_dmul                   
000035fd  __aeabi_dsub                   
00004281  __aeabi_i2d                    
00003e15  __aeabi_memclr                 
00003e15  __aeabi_memclr4                
00003e15  __aeabi_memclr8                
00003c6d  __aeabi_memcpy                 
00003c6d  __aeabi_memcpy4                
00003c6d  __aeabi_memcpy8                
00003e17  __aeabi_memset                 
00003e17  __aeabi_memset4                
00003e17  __aeabi_memset8                
00003409  __aeabi_uldivmod               
ffffffff  __binit__                      
ffffffff  __c_args__                     
00001223  __mpu_init                     
2000fe00  __stack                        
000042cd  _args_main                     
000040a5  _c_int00                       
000064b8  _ctypes_                       
2000041c  _lock                          
0000430b  _nop                           
20000410  _orientation                   
00004303  _register_lock                 
000042fd  _register_unlock               
000037b3  _system_post_cinit             
00004361  _system_pre_init               
20000420  _unlock                        
000040fd  abort                          
000041a1  atoi                           
20000427  bgColorHighByte                
20000426  bgColorLowByte                 
ffffffff  binit                          
00002c3d  borrar_Logo                    
000026a1  cambiar_orientacion            
00001261  clearScreen                    
000012ef  clearScreenBkg                 
20000425  colorHighByte                  
20000424  colorLowByte                   
000041ed  copy_in                        
00004311  copysign                       
00004311  copysignl                      
000038d9  delay                          
00001661  drawCharLg                     
00001709  drawCharLgBkg                  
000017ed  drawCharMd                     
0000189b  drawCharMdBkg                  
000014e1  drawCharSm                     
00001587  drawCharSmBkg                  
00001edb  drawCircle                     
000019fd  drawImage                      
00001a15  drawImageLut                   
00001b23  drawImageMono                  
00001c81  drawLine                       
00001b41  drawLogicLine                  
00001377  drawPixel                      
00001e77  drawRect                       
000013a7  drawString                     
20000428  errno                          
20000434  estado                         
20000435  estado_anterior                
00004105  exit                           
000020f9  fillCircle                     
0000205b  fillRect                       
00005238  font_11x16                     
000062d8  font_5x7                       
00005a62  font_8x12                      
00003fe1  frexp                          
00003fe1  frexpl                         
0000231b  getAltura                      
000022c9  getColumna                     
00002277  getLinea                       
00002271  getOrientacion                 
00002377  getScreenHeight                
00002361  getScreenWidth                 
00002831  halLcdClearLine                
000026cf  halLcdClearScreen              
000026f3  halLcdClearScreenBkg           
000029a5  halLcdDrawCircle               
00002aad  halLcdDrawImageLut             
000028f9  halLcdDrawLine                 
000028a7  halLcdDrawPixel                
0000294d  halLcdDrawRect                 
00002a51  halLcdFillCircle               
000029f5  halLcdFillRect                 
000026c3  halLcdInit                     
00002713  halLcdPrintLine                
00002793  halLcdPrintLineCol             
000024ed  initLCD                        
00002bb3  init_interrupciones            
00002b19  init_puertos                   
000037b5  init_spi_lcd_tactil            
00003e91  init_ucs_16MHz                 
00003ec9  init_ucs_24MHz                 
00000000  interruptVectors               
00003b71  ldexp                          
00003b71  ldexpl                         
20000436  linea                          
000065dc  logoUB8BPP_UNCOMP              
0000414d  ltoa                           
00002cc9  main                           
2000042c  main_func_sp                   
000042af  memccpy                        
00003c6d  memcpy                         
00003e1d  memset                         
00002c01  pintaLogo                      
00003b71  scalbn                         
00003b71  scalbnl                        
0000238d  setArea                        
00001243  setBackgroundColor             
00001225  setColor                       
00002633  setOrientation                 
00004045  sprintf                        
000042e5  strchr                         
00004325  strlen                         
000038b3  writeCommand                   
0000388d  writeData                      
20000400  x0                             
20000402  y0                             


GLOBAL SYMBOLS: SORTED BY Symbol Address 

address   name                           
-------   ----                           
00000000  __TI_static_base__             
00000000  interruptVectors               
00000200  __STACK_SIZE                   
00000929  __TI_printfi                   
00001223  __mpu_init                     
00001225  setColor                       
00001243  setBackgroundColor             
00001261  clearScreen                    
000012ef  clearScreenBkg                 
00001377  drawPixel                      
000013a7  drawString                     
000014e1  drawCharSm                     
00001587  drawCharSmBkg                  
00001661  drawCharLg                     
00001709  drawCharLgBkg                  
000017ed  drawCharMd                     
0000189b  drawCharMdBkg                  
000019fd  drawImage                      
00001a15  drawImageLut                   
00001b23  drawImageMono                  
00001b41  drawLogicLine                  
00001c81  drawLine                       
00001e77  drawRect                       
00001edb  drawCircle                     
0000205b  fillRect                       
000020f9  fillCircle                     
00002271  getOrientacion                 
00002277  getLinea                       
000022c9  getColumna                     
0000231b  getAltura                      
00002361  getScreenWidth                 
00002377  getScreenHeight                
0000238d  setArea                        
000024ed  initLCD                        
00002633  setOrientation                 
000026a1  cambiar_orientacion            
000026c3  halLcdInit                     
000026cf  halLcdClearScreen              
000026f3  halLcdClearScreenBkg           
00002713  halLcdPrintLine                
00002793  halLcdPrintLineCol             
00002831  halLcdClearLine                
000028a7  halLcdDrawPixel                
000028f9  halLcdDrawLine                 
0000294d  halLcdDrawRect                 
000029a5  halLcdDrawCircle               
000029f5  halLcdFillRect                 
00002a51  halLcdFillCircle               
00002aad  halLcdDrawImageLut             
00002b19  init_puertos                   
00002bb3  init_interrupciones            
00002bdf  EncenderRGB_Launchpad          
00002c01  pintaLogo                      
00002c3d  borrar_Logo                    
00002cc9  main                           
00002fc9  PORT4_IRQHandler               
00002fc9  PORT4_IRQHandler               
00003065  PORT5_IRQHandler               
00003065  PORT5_IRQHandler               
000030dd  SystemCoreClockUpdate          
00003351  SystemInit                     
00003409  __aeabi_uldivmod               
000035fd  __aeabi_dsub                   
00003607  __aeabi_dadd                   
000037b3  _system_post_cinit             
000037b5  init_spi_lcd_tactil            
0000388d  writeData                      
000038b3  writeCommand                   
000038d9  delay                          
0000393d  __aeabi_ddiv                   
00003a73  __aeabi_dmul                   
00003b71  ldexp                          
00003b71  ldexpl                         
00003b71  scalbn                         
00003b71  scalbnl                        
00003c6d  __aeabi_memcpy                 
00003c6d  __aeabi_memcpy4                
00003c6d  __aeabi_memcpy8                
00003c6d  memcpy                         
00003d09  __aeabi_cdcmpeq                
00003d09  __aeabi_cdcmple                
00003d8f  __aeabi_cdrcmple               
00003e15  __aeabi_memclr                 
00003e15  __aeabi_memclr4                
00003e15  __aeabi_memclr8                
00003e17  __aeabi_memset                 
00003e17  __aeabi_memset4                
00003e17  __aeabi_memset8                
00003e1d  memset                         
00003e91  init_ucs_16MHz                 
00003ec9  init_ucs_24MHz                 
00003f09  __TI_auto_init                 
00003f79  __TI_decompress_lzss           
00003fe1  frexp                          
00003fe1  frexpl                         
00004045  sprintf                        
000040a5  _c_int00                       
000040f9  C$$EXIT                        
000040fd  abort                          
00004105  exit                           
0000414d  ltoa                           
000041a1  atoi                           
000041ed  copy_in                        
00004239  __aeabi_d2iz                   
00004281  __aeabi_i2d                    
000042af  memccpy                        
000042cd  _args_main                     
000042e5  strchr                         
000042fd  _register_unlock               
00004303  _register_lock                 
0000430b  _nop                           
00004311  copysign                       
00004311  copysignl                      
00004325  strlen                         
00004339  __TI_decompress_none           
00004347  Reset_Handler                  
00004353  ADC14_IRQHandler               
00004353  AES256_IRQHandler              
00004353  BusFault_Handler               
00004353  COMP_E0_IRQHandler             
00004353  COMP_E1_IRQHandler             
00004353  CS_IRQHandler                  
00004353  DMA_ERR_IRQHandler             
00004353  DMA_INT0_IRQHandler            
00004353  DMA_INT1_IRQHandler            
00004353  DMA_INT2_IRQHandler            
00004353  DMA_INT3_IRQHandler            
00004353  DebugMon_Handler               
00004353  Default_Handler                
00004353  EUSCIA0_IRQHandler             
00004353  EUSCIA1_IRQHandler             
00004353  EUSCIA2_IRQHandler             
00004353  EUSCIA3_IRQHandler             
00004353  EUSCIB0_IRQHandler             
00004353  EUSCIB1_IRQHandler             
00004353  EUSCIB2_IRQHandler             
00004353  EUSCIB3_IRQHandler             
00004353  FLCTL_IRQHandler               
00004353  FPU_IRQHandler                 
00004353  HardFault_Handler              
00004353  MemManage_Handler              
00004353  NMI_Handler                    
00004353  PCM_IRQHandler                 
00004353  PORT1_IRQHandler               
00004353  PORT2_IRQHandler               
00004353  PORT3_IRQHandler               
00004353  PORT6_IRQHandler               
00004353  PSS_IRQHandler                 
00004353  PendSV_Handler                 
00004353  RTC_C_IRQHandler               
00004353  SVC_Handler                    
00004353  SysTick_Handler                
00004353  T32_INT1_IRQHandler            
00004353  T32_INT2_IRQHandler            
00004353  T32_INTC_IRQHandler            
00004353  TA0_0_IRQHandler               
00004353  TA0_N_IRQHandler               
00004353  TA1_0_IRQHandler               
00004353  TA1_N_IRQHandler               
00004353  TA2_0_IRQHandler               
00004353  TA2_N_IRQHandler               
00004353  TA3_0_IRQHandler               
00004353  TA3_N_IRQHandler               
00004353  UsageFault_Handler             
00004353  WDT_A_IRQHandler               
00004355  __TI_zero_init                 
00004361  _system_pre_init               
00005238  font_11x16                     
00005a62  font_8x12                      
000062d8  font_5x7                       
000064b8  _ctypes_                       
000065dc  logoUB8BPP_UNCOMP              
00006618  __TI_Handler_Table_Base        
00006624  __TI_Handler_Table_Limit       
00006630  __TI_CINIT_Base                
00006640  __TI_CINIT_Limit               
20000400  x0                             
20000402  y0                             
20000404  __TI_cleanup_ptr               
20000408  __TI_dtors_ptr                 
2000040c  __TI_enable_exit_profile_output
20000410  _orientation                   
20000411  Fuente                         
20000412  Color_Fondo                    
20000414  Color_Texto                    
20000416  Color_Fondo_Inv                
20000418  Color_Texto_Inv                
2000041c  _lock                          
20000420  _unlock                        
20000424  colorLowByte                   
20000425  colorHighByte                  
20000426  bgColorLowByte                 
20000427  bgColorHighByte                
20000428  errno                          
2000042c  main_func_sp                   
20000430  SystemCoreClock                
20000434  estado                         
20000435  estado_anterior                
20000436  linea                          
2000fe00  __stack                        
20010000  __STACK_END                    
4000480c  WDTCTL_SYM                     
ffffffff  __TI_pprof_out_hndl            
ffffffff  __TI_prof_data_size            
ffffffff  __TI_prof_data_start           
ffffffff  __binit__                      
ffffffff  __c_args__                     
ffffffff  binit                          
UNDEFED   SHT$$INIT_ARRAY$$Base          
UNDEFED   SHT$$INIT_ARRAY$$Limit         

[210 symbols]
