<?xml version="1.0"?>
<link_info>
   <banner>TI ARM Linker PC v16.9.3.LTS</banner>
   <copyright>Copyright (c) 1996-2017 Texas Instruments Incorporated</copyright>
   <link_time>0x5a8fe9ff</link_time>
   <link_errors>0x0</link_errors>
   <output_file>Practicum 0.out</output_file>
   <entry_point>
      <name>_c_int00</name>
      <address>0x40a5</address>
   </entry_point>
   <input_file_list>
      <input_file id="fl-2">
         <path>.\</path>
         <kind>object</kind>
         <file>Practica1_PAE_main.obj</file>
         <name>Practica1_PAE_main.obj</name>
      </input_file>
      <input_file id="fl-3">
         <path>.\</path>
         <kind>object</kind>
         <file>logoUB_256.obj</file>
         <name>logoUB_256.obj</name>
      </input_file>
      <input_file id="fl-4">
         <path>.\</path>
         <kind>object</kind>
         <file>startup_msp432p401r_ccs.obj</file>
         <name>startup_msp432p401r_ccs.obj</name>
      </input_file>
      <input_file id="fl-5">
         <path>.\</path>
         <kind>object</kind>
         <file>system_msp432p401r.obj</file>
         <name>system_msp432p401r.obj</name>
      </input_file>
      <input_file id="fl-a">
         <kind>object</kind>
         <file>&lt;internal&gt;</file>
         <name>&lt;internal&gt;</name>
      </input_file>
      <input_file id="fl-b">
         <path>..\</path>
         <kind>archive</kind>
         <file>lib_PAE2.lib</file>
         <name>Inicializacion.obj</name>
      </input_file>
      <input_file id="fl-c">
         <path>..\</path>
         <kind>archive</kind>
         <file>lib_PAE2.lib</file>
         <name>lcd.obj</name>
      </input_file>
      <input_file id="fl-d">
         <path>..\</path>
         <kind>archive</kind>
         <file>lib_PAE2.lib</file>
         <name>msp_LCD.obj</name>
      </input_file>
      <input_file id="fl-e">
         <path>..\</path>
         <kind>archive</kind>
         <file>lib_PAE2.lib</file>
         <name>graphics.obj</name>
      </input_file>
      <input_file id="fl-c4">
         <path>C:\ti\ccsv7\tools\compiler\ti-cgt-arm_16.9.3.LTS\lib\</path>
         <kind>archive</kind>
         <file>rtsv7M4_T_le_v4SPD16_eabi.lib</file>
         <name>boot.obj</name>
      </input_file>
      <input_file id="fl-c5">
         <path>C:\ti\ccsv7\tools\compiler\ti-cgt-arm_16.9.3.LTS\lib\</path>
         <kind>archive</kind>
         <file>rtsv7M4_T_le_v4SPD16_eabi.lib</file>
         <name>copy_decompress_lzss.obj</name>
      </input_file>
      <input_file id="fl-c6">
         <path>C:\ti\ccsv7\tools\compiler\ti-cgt-arm_16.9.3.LTS\lib\</path>
         <kind>archive</kind>
         <file>rtsv7M4_T_le_v4SPD16_eabi.lib</file>
         <name>copy_decompress_none.obj</name>
      </input_file>
      <input_file id="fl-c7">
         <path>C:\ti\ccsv7\tools\compiler\ti-cgt-arm_16.9.3.LTS\lib\</path>
         <kind>archive</kind>
         <file>rtsv7M4_T_le_v4SPD16_eabi.lib</file>
         <name>copy_zero_init.obj</name>
      </input_file>
      <input_file id="fl-c8">
         <path>C:\ti\ccsv7\tools\compiler\ti-cgt-arm_16.9.3.LTS\lib\</path>
         <kind>archive</kind>
         <file>rtsv7M4_T_le_v4SPD16_eabi.lib</file>
         <name>exit.obj</name>
      </input_file>
      <input_file id="fl-c9">
         <path>C:\ti\ccsv7\tools\compiler\ti-cgt-arm_16.9.3.LTS\lib\</path>
         <kind>archive</kind>
         <file>rtsv7M4_T_le_v4SPD16_eabi.lib</file>
         <name>memcpy_t2.obj</name>
      </input_file>
      <input_file id="fl-ca">
         <path>C:\ti\ccsv7\tools\compiler\ti-cgt-arm_16.9.3.LTS\lib\</path>
         <kind>archive</kind>
         <file>rtsv7M4_T_le_v4SPD16_eabi.lib</file>
         <name>memset_t2.obj</name>
      </input_file>
      <input_file id="fl-cb">
         <path>C:\ti\ccsv7\tools\compiler\ti-cgt-arm_16.9.3.LTS\lib\</path>
         <kind>archive</kind>
         <file>rtsv7M4_T_le_v4SPD16_eabi.lib</file>
         <name>mpu_init.obj</name>
      </input_file>
      <input_file id="fl-cc">
         <path>C:\ti\ccsv7\tools\compiler\ti-cgt-arm_16.9.3.LTS\lib\</path>
         <kind>archive</kind>
         <file>rtsv7M4_T_le_v4SPD16_eabi.lib</file>
         <name>pre_init.obj</name>
      </input_file>
      <input_file id="fl-cd">
         <path>C:\ti\ccsv7\tools\compiler\ti-cgt-arm_16.9.3.LTS\lib\</path>
         <kind>archive</kind>
         <file>rtsv7M4_T_le_v4SPD16_eabi.lib</file>
         <name>sprintf.obj</name>
      </input_file>
      <input_file id="fl-ce">
         <path>C:\ti\ccsv7\tools\compiler\ti-cgt-arm_16.9.3.LTS\lib\</path>
         <kind>archive</kind>
         <file>rtsv7M4_T_le_v4SPD16_eabi.lib</file>
         <name>stkdepth_vars.obj</name>
      </input_file>
      <input_file id="fl-cf">
         <path>C:\ti\ccsv7\tools\compiler\ti-cgt-arm_16.9.3.LTS\lib\</path>
         <kind>archive</kind>
         <file>rtsv7M4_T_le_v4SPD16_eabi.lib</file>
         <name>_lock.obj</name>
      </input_file>
      <input_file id="fl-d0">
         <path>C:\ti\ccsv7\tools\compiler\ti-cgt-arm_16.9.3.LTS\lib\</path>
         <kind>archive</kind>
         <file>rtsv7M4_T_le_v4SPD16_eabi.lib</file>
         <name>_printfi.obj</name>
      </input_file>
      <input_file id="fl-d1">
         <path>C:\ti\ccsv7\tools\compiler\ti-cgt-arm_16.9.3.LTS\lib\</path>
         <kind>archive</kind>
         <file>rtsv7M4_T_le_v4SPD16_eabi.lib</file>
         <name>args_main.obj</name>
      </input_file>
      <input_file id="fl-d2">
         <path>C:\ti\ccsv7\tools\compiler\ti-cgt-arm_16.9.3.LTS\lib\</path>
         <kind>archive</kind>
         <file>rtsv7M4_T_le_v4SPD16_eabi.lib</file>
         <name>atoi.obj</name>
      </input_file>
      <input_file id="fl-d3">
         <path>C:\ti\ccsv7\tools\compiler\ti-cgt-arm_16.9.3.LTS\lib\</path>
         <kind>archive</kind>
         <file>rtsv7M4_T_le_v4SPD16_eabi.lib</file>
         <name>autoinit.obj</name>
      </input_file>
      <input_file id="fl-d4">
         <path>C:\ti\ccsv7\tools\compiler\ti-cgt-arm_16.9.3.LTS\lib\</path>
         <kind>archive</kind>
         <file>rtsv7M4_T_le_v4SPD16_eabi.lib</file>
         <name>cpy_tbl.obj</name>
      </input_file>
      <input_file id="fl-d5">
         <path>C:\ti\ccsv7\tools\compiler\ti-cgt-arm_16.9.3.LTS\lib\</path>
         <kind>archive</kind>
         <file>rtsv7M4_T_le_v4SPD16_eabi.lib</file>
         <name>ctype.obj</name>
      </input_file>
      <input_file id="fl-d6">
         <path>C:\ti\ccsv7\tools\compiler\ti-cgt-arm_16.9.3.LTS\lib\</path>
         <kind>archive</kind>
         <file>rtsv7M4_T_le_v4SPD16_eabi.lib</file>
         <name>fd_add_t2.obj</name>
      </input_file>
      <input_file id="fl-d7">
         <path>C:\ti\ccsv7\tools\compiler\ti-cgt-arm_16.9.3.LTS\lib\</path>
         <kind>archive</kind>
         <file>rtsv7M4_T_le_v4SPD16_eabi.lib</file>
         <name>fd_cmp_t2.obj</name>
      </input_file>
      <input_file id="fl-d8">
         <path>C:\ti\ccsv7\tools\compiler\ti-cgt-arm_16.9.3.LTS\lib\</path>
         <kind>archive</kind>
         <file>rtsv7M4_T_le_v4SPD16_eabi.lib</file>
         <name>fd_div_t2.obj</name>
      </input_file>
      <input_file id="fl-d9">
         <path>C:\ti\ccsv7\tools\compiler\ti-cgt-arm_16.9.3.LTS\lib\</path>
         <kind>archive</kind>
         <file>rtsv7M4_T_le_v4SPD16_eabi.lib</file>
         <name>fd_mul_t2.obj</name>
      </input_file>
      <input_file id="fl-da">
         <path>C:\ti\ccsv7\tools\compiler\ti-cgt-arm_16.9.3.LTS\lib\</path>
         <kind>archive</kind>
         <file>rtsv7M4_T_le_v4SPD16_eabi.lib</file>
         <name>fd_toi_t2.obj</name>
      </input_file>
      <input_file id="fl-db">
         <path>C:\ti\ccsv7\tools\compiler\ti-cgt-arm_16.9.3.LTS\lib\</path>
         <kind>archive</kind>
         <file>rtsv7M4_T_le_v4SPD16_eabi.lib</file>
         <name>i_tofd_t2.obj</name>
      </input_file>
      <input_file id="fl-dc">
         <path>C:\ti\ccsv7\tools\compiler\ti-cgt-arm_16.9.3.LTS\lib\</path>
         <kind>archive</kind>
         <file>rtsv7M4_T_le_v4SPD16_eabi.lib</file>
         <name>ltoa.obj</name>
      </input_file>
      <input_file id="fl-dd">
         <path>C:\ti\ccsv7\tools\compiler\ti-cgt-arm_16.9.3.LTS\lib\</path>
         <kind>archive</kind>
         <file>rtsv7M4_T_le_v4SPD16_eabi.lib</file>
         <name>memccpy.obj</name>
      </input_file>
      <input_file id="fl-de">
         <path>C:\ti\ccsv7\tools\compiler\ti-cgt-arm_16.9.3.LTS\lib\</path>
         <kind>archive</kind>
         <file>rtsv7M4_T_le_v4SPD16_eabi.lib</file>
         <name>s_frexp.obj</name>
      </input_file>
      <input_file id="fl-df">
         <path>C:\ti\ccsv7\tools\compiler\ti-cgt-arm_16.9.3.LTS\lib\</path>
         <kind>archive</kind>
         <file>rtsv7M4_T_le_v4SPD16_eabi.lib</file>
         <name>s_scalbn.obj</name>
      </input_file>
      <input_file id="fl-e0">
         <path>C:\ti\ccsv7\tools\compiler\ti-cgt-arm_16.9.3.LTS\lib\</path>
         <kind>archive</kind>
         <file>rtsv7M4_T_le_v4SPD16_eabi.lib</file>
         <name>startup.obj</name>
      </input_file>
      <input_file id="fl-e1">
         <path>C:\ti\ccsv7\tools\compiler\ti-cgt-arm_16.9.3.LTS\lib\</path>
         <kind>archive</kind>
         <file>rtsv7M4_T_le_v4SPD16_eabi.lib</file>
         <name>strchr.obj</name>
      </input_file>
      <input_file id="fl-e2">
         <path>C:\ti\ccsv7\tools\compiler\ti-cgt-arm_16.9.3.LTS\lib\</path>
         <kind>archive</kind>
         <file>rtsv7M4_T_le_v4SPD16_eabi.lib</file>
         <name>strlen.obj</name>
      </input_file>
      <input_file id="fl-e3">
         <path>C:\ti\ccsv7\tools\compiler\ti-cgt-arm_16.9.3.LTS\lib\</path>
         <kind>archive</kind>
         <file>rtsv7M4_T_le_v4SPD16_eabi.lib</file>
         <name>ull_div_t2.obj</name>
      </input_file>
      <input_file id="fl-e4">
         <path>C:\ti\ccsv7\tools\compiler\ti-cgt-arm_16.9.3.LTS\lib\</path>
         <kind>archive</kind>
         <file>rtsv7M4_T_le_v4SPD16_eabi.lib</file>
         <name>errno.obj</name>
      </input_file>
      <input_file id="fl-e5">
         <path>C:\ti\ccsv7\tools\compiler\ti-cgt-arm_16.9.3.LTS\lib\</path>
         <kind>archive</kind>
         <file>rtsv7M4_T_le_v4SPD16_eabi.lib</file>
         <name>s_copysign.obj</name>
      </input_file>
   </input_file_list>
   <object_component_list>
      <object_component id="oc-2c">
         <name>.intvecs:retain</name>
         <load_address>0x0</load_address>
         <run_address>0x0</run_address>
         <size>0xe4</size>
         <input_file_ref idref="fl-4"/>
      </object_component>
      <object_component id="oc-12b">
         <name>.text</name>
         <load_address>0xe4</load_address>
         <run_address>0xe4</run_address>
         <size>0x113e</size>
         <input_file_ref idref="fl-d0"/>
      </object_component>
      <object_component id="oc-53">
         <name>.text</name>
         <load_address>0x1222</load_address>
         <run_address>0x1222</run_address>
         <size>0x2</size>
         <input_file_ref idref="fl-cb"/>
      </object_component>
      <object_component id="oc-11a">
         <name>.text</name>
         <load_address>0x1224</load_address>
         <run_address>0x1224</run_address>
         <size>0x104c</size>
         <input_file_ref idref="fl-e"/>
      </object_component>
      <object_component id="oc-be">
         <name>.text</name>
         <load_address>0x2270</load_address>
         <run_address>0x2270</run_address>
         <size>0x8a8</size>
         <input_file_ref idref="fl-c"/>
      </object_component>
      <object_component id="oc-7b">
         <name>.text</name>
         <load_address>0x2b18</load_address>
         <run_address>0x2b18</run_address>
         <size>0x5c4</size>
         <input_file_ref idref="fl-2"/>
      </object_component>
      <object_component id="oc-b7">
         <name>.text</name>
         <load_address>0x30dc</load_address>
         <run_address>0x30dc</run_address>
         <size>0x32c</size>
         <input_file_ref idref="fl-5"/>
      </object_component>
      <object_component id="oc-17d">
         <name>.text</name>
         <load_address>0x3408</load_address>
         <run_address>0x3408</run_address>
         <size>0x1f4</size>
         <input_file_ref idref="fl-e3"/>
      </object_component>
      <object_component id="oc-1ac">
         <name>.text</name>
         <load_address>0x35fc</load_address>
         <run_address>0x35fc</run_address>
         <size>0x1b6</size>
         <input_file_ref idref="fl-d6"/>
      </object_component>
      <object_component id="oc-a2">
         <name>.text</name>
         <load_address>0x37b2</load_address>
         <run_address>0x37b2</run_address>
         <size>0x2</size>
         <input_file_ref idref="fl-e0"/>
      </object_component>
      <object_component id="oc-114">
         <name>.text</name>
         <load_address>0x37b4</load_address>
         <run_address>0x37b4</run_address>
         <size>0x188</size>
         <input_file_ref idref="fl-d"/>
      </object_component>
      <object_component id="oc-192">
         <name>.text</name>
         <load_address>0x393c</load_address>
         <run_address>0x393c</run_address>
         <size>0x136</size>
         <input_file_ref idref="fl-d8"/>
      </object_component>
      <object_component id="oc-18d">
         <name>.text</name>
         <load_address>0x3a72</load_address>
         <run_address>0x3a72</run_address>
         <size>0xfc</size>
         <input_file_ref idref="fl-d9"/>
      </object_component>
      <object_component id="oc-1b7">
         <name>.text</name>
         <load_address>0x3b70</load_address>
         <run_address>0x3b70</run_address>
         <size>0xfc</size>
         <input_file_ref idref="fl-df"/>
      </object_component>
      <object_component id="oc-3b">
         <name>.text</name>
         <load_address>0x3c6c</load_address>
         <run_address>0x3c6c</run_address>
         <size>0x9c</size>
         <input_file_ref idref="fl-c9"/>
      </object_component>
      <object_component id="oc-188">
         <name>.text:__aeabi_cdcmple</name>
         <load_address>0x3d08</load_address>
         <run_address>0x3d08</run_address>
         <size>0x86</size>
         <input_file_ref idref="fl-d7"/>
      </object_component>
      <object_component id="oc-197">
         <name>.text:__aeabi_cdrcmple</name>
         <load_address>0x3d8e</load_address>
         <run_address>0x3d8e</run_address>
         <size>0x86</size>
         <input_file_ref idref="fl-d7"/>
      </object_component>
      <object_component id="oc-47">
         <name>.text</name>
         <load_address>0x3e14</load_address>
         <run_address>0x3e14</run_address>
         <size>0x7a</size>
         <input_file_ref idref="fl-ca"/>
      </object_component>
      <object_component id="oc-c7">
         <name>.text</name>
         <load_address>0x3e90</load_address>
         <run_address>0x3e90</run_address>
         <size>0x78</size>
         <input_file_ref idref="fl-b"/>
      </object_component>
      <object_component id="oc-5f">
         <name>.text</name>
         <load_address>0x3f08</load_address>
         <run_address>0x3f08</run_address>
         <size>0x70</size>
         <input_file_ref idref="fl-d3"/>
      </object_component>
      <object_component id="oc-14">
         <name>.text:decompress:lzss</name>
         <load_address>0x3f78</load_address>
         <run_address>0x3f78</run_address>
         <size>0x68</size>
         <input_file_ref idref="fl-c5"/>
      </object_component>
      <object_component id="oc-1b1">
         <name>.text</name>
         <load_address>0x3fe0</load_address>
         <run_address>0x3fe0</run_address>
         <size>0x64</size>
         <input_file_ref idref="fl-de"/>
      </object_component>
      <object_component id="oc-cd">
         <name>.text</name>
         <load_address>0x4044</load_address>
         <run_address>0x4044</run_address>
         <size>0x60</size>
         <input_file_ref idref="fl-cd"/>
      </object_component>
      <object_component id="oc-26">
         <name>.text</name>
         <load_address>0x40a4</load_address>
         <run_address>0x40a4</run_address>
         <size>0x54</size>
         <input_file_ref idref="fl-c4"/>
      </object_component>
      <object_component id="oc-6b">
         <name>.text</name>
         <load_address>0x40f8</load_address>
         <run_address>0x40f8</run_address>
         <size>0x54</size>
         <input_file_ref idref="fl-c8"/>
      </object_component>
      <object_component id="oc-1a1">
         <name>.text</name>
         <load_address>0x414c</load_address>
         <run_address>0x414c</run_address>
         <size>0x54</size>
         <input_file_ref idref="fl-dc"/>
      </object_component>
      <object_component id="oc-1c3">
         <name>.text</name>
         <load_address>0x41a0</load_address>
         <run_address>0x41a0</run_address>
         <size>0x4c</size>
         <input_file_ref idref="fl-d2"/>
      </object_component>
      <object_component id="oc-9c">
         <name>.text</name>
         <load_address>0x41ec</load_address>
         <run_address>0x41ec</run_address>
         <size>0x4c</size>
         <input_file_ref idref="fl-d4"/>
      </object_component>
      <object_component id="oc-19c">
         <name>.text</name>
         <load_address>0x4238</load_address>
         <run_address>0x4238</run_address>
         <size>0x48</size>
         <input_file_ref idref="fl-da"/>
      </object_component>
      <object_component id="oc-1a7">
         <name>.text</name>
         <load_address>0x4280</load_address>
         <run_address>0x4280</run_address>
         <size>0x2e</size>
         <input_file_ref idref="fl-db"/>
      </object_component>
      <object_component id="oc-1c9">
         <name>.text</name>
         <load_address>0x42ae</load_address>
         <run_address>0x42ae</run_address>
         <size>0x1c</size>
         <input_file_ref idref="fl-dd"/>
      </object_component>
      <object_component id="oc-65">
         <name>.text</name>
         <load_address>0x42cc</load_address>
         <run_address>0x42cc</run_address>
         <size>0x18</size>
         <input_file_ref idref="fl-d1"/>
      </object_component>
      <object_component id="oc-1bd">
         <name>.text</name>
         <load_address>0x42e4</load_address>
         <run_address>0x42e4</run_address>
         <size>0x16</size>
         <input_file_ref idref="fl-e1"/>
      </object_component>
      <object_component id="oc-104">
         <name>.text</name>
         <load_address>0x42fc</load_address>
         <run_address>0x42fc</run_address>
         <size>0x14</size>
         <input_file_ref idref="fl-cf"/>
      </object_component>
      <object_component id="oc-207">
         <name>.text</name>
         <load_address>0x4310</load_address>
         <run_address>0x4310</run_address>
         <size>0x14</size>
         <input_file_ref idref="fl-e5"/>
      </object_component>
      <object_component id="oc-182">
         <name>.text</name>
         <load_address>0x4324</load_address>
         <run_address>0x4324</run_address>
         <size>0x14</size>
         <input_file_ref idref="fl-e2"/>
      </object_component>
      <object_component id="oc-1a">
         <name>.text:decompress:none</name>
         <load_address>0x4338</load_address>
         <run_address>0x4338</run_address>
         <size>0xe</size>
         <input_file_ref idref="fl-c6"/>
      </object_component>
      <object_component id="oc-75">
         <name>.text</name>
         <load_address>0x4346</load_address>
         <run_address>0x4346</run_address>
         <size>0xe</size>
         <input_file_ref idref="fl-4"/>
      </object_component>
      <object_component id="oc-20">
         <name>.text:decompress:ZI</name>
         <load_address>0x4354</load_address>
         <run_address>0x4354</run_address>
         <size>0xc</size>
         <input_file_ref idref="fl-c7"/>
      </object_component>
      <object_component id="oc-59">
         <name>.text</name>
         <load_address>0x4360</load_address>
         <run_address>0x4360</run_address>
         <size>0x4</size>
         <input_file_ref idref="fl-cc"/>
      </object_component>
      <object_component id="oc-149">
         <name>.const:.string:pixel_logoUB8BPP_UNCOMP</name>
         <load_address>0x4364</load_address>
         <run_address>0x4364</run_address>
         <size>0xed3</size>
         <input_file_ref idref="fl-3"/>
      </object_component>
      <object_component id="oc-167">
         <name>.const:font_11x16</name>
         <load_address>0x5238</load_address>
         <run_address>0x5238</run_address>
         <size>0x82a</size>
         <input_file_ref idref="fl-e"/>
      </object_component>
      <object_component id="oc-16a">
         <name>.const:font_8x12</name>
         <load_address>0x5a62</load_address>
         <run_address>0x5a62</run_address>
         <size>0x474</size>
         <input_file_ref idref="fl-e"/>
      </object_component>
      <object_component id="oc-146">
         <name>.const:palette_logoUB8BPP_UNCOMP</name>
         <load_address>0x5ed8</load_address>
         <run_address>0x5ed8</run_address>
         <size>0x400</size>
         <input_file_ref idref="fl-3"/>
      </object_component>
      <object_component id="oc-164">
         <name>.const:font_5x7</name>
         <load_address>0x62d8</load_address>
         <run_address>0x62d8</run_address>
         <size>0x1e0</size>
         <input_file_ref idref="fl-e"/>
      </object_component>
      <object_component id="oc-214">
         <name>.const:.string:_ctypes_</name>
         <load_address>0x64b8</load_address>
         <run_address>0x64b8</run_address>
         <size>0x101</size>
         <input_file_ref idref="fl-d5"/>
      </object_component>
      <object_component id="oc-120">
         <name>.const:.string:$P$T0$1</name>
         <load_address>0x65b9</load_address>
         <run_address>0x65b9</run_address>
         <size>0x10</size>
         <input_file_ref idref="fl-c"/>
      </object_component>
      <object_component id="oc-123">
         <name>.const:.string:$P$T1$2</name>
         <load_address>0x65c9</load_address>
         <run_address>0x65c9</run_address>
         <size>0x10</size>
         <input_file_ref idref="fl-c"/>
      </object_component>
      <object_component id="oc-d9">
         <name>.const:logoUB8BPP_UNCOMP</name>
         <load_address>0x65dc</load_address>
         <run_address>0x65dc</run_address>
         <size>0x10</size>
         <input_file_ref idref="fl-3"/>
      </object_component>
      <object_component id="oc-25f">
         <name>.cinit..data.load</name>
         <load_address>0x65f0</load_address>
         <run_address>0x65f0</run_address>
         <size>0x26</size>
      </object_component>
      <object_component id="oc-25d">
         <name>__TI_handler_table</name>
         <load_address>0x6618</load_address>
         <run_address>0x6618</run_address>
         <size>0xc</size>
      </object_component>
      <object_component id="oc-260">
         <name>.cinit..bss.load</name>
         <load_address>0x6628</load_address>
         <run_address>0x6628</run_address>
         <size>0x8</size>
      </object_component>
      <object_component id="oc-25e">
         <name>__TI_cinit_table</name>
         <load_address>0x6630</load_address>
         <run_address>0x6630</run_address>
         <size>0x10</size>
      </object_component>
      <object_component id="oc-23a">
         <name>.binit</name>
         <load_address>0x0</load_address>
         <run_address>0x0</run_address>
         <size>0x0</size>
      </object_component>
      <object_component id="oc-d3">
         <name>.data</name>
         <load_address>0x20000434</load_address>
         <run_address>0x20000434</run_address>
         <size>0x3</size>
         <input_file_ref idref="fl-2"/>
      </object_component>
      <object_component id="oc-110">
         <name>.data</name>
         <load_address>0x20000430</load_address>
         <run_address>0x20000430</run_address>
         <size>0x4</size>
         <input_file_ref idref="fl-5"/>
      </object_component>
      <object_component id="oc-c4">
         <name>.data</name>
         <load_address>0x20000410</load_address>
         <run_address>0x20000410</run_address>
         <size>0xa</size>
         <input_file_ref idref="fl-c"/>
      </object_component>
      <object_component id="oc-161">
         <name>.data</name>
         <load_address>0x20000424</load_address>
         <run_address>0x20000424</run_address>
         <size>0x4</size>
         <input_file_ref idref="fl-e"/>
      </object_component>
      <object_component id="oc-ac">
         <name>.data:$O1$$</name>
         <load_address>0x20000404</load_address>
         <run_address>0x20000404</run_address>
         <size>0xc</size>
         <input_file_ref idref="fl-c8"/>
      </object_component>
      <object_component id="oc-71">
         <name>.data</name>
         <load_address>0x2000042c</load_address>
         <run_address>0x2000042c</run_address>
         <size>0x4</size>
         <input_file_ref idref="fl-ce"/>
      </object_component>
      <object_component id="oc-af">
         <name>.data:$O1$$</name>
         <load_address>0x2000041c</load_address>
         <run_address>0x2000041c</run_address>
         <size>0x8</size>
         <input_file_ref idref="fl-cf"/>
      </object_component>
      <object_component id="oc-20d">
         <name>.data</name>
         <load_address>0x20000428</load_address>
         <run_address>0x20000428</run_address>
         <size>0x4</size>
         <input_file_ref idref="fl-e4"/>
      </object_component>
      <object_component id="oc-16d">
         <name>.bss:g_pulConvertedPalette</name>
         <uninitialized>true</uninitialized>
         <run_address>0x20000000</run_address>
         <size>0x400</size>
         <input_file_ref idref="fl-e"/>
      </object_component>
      <object_component id="oc-d6">
         <name>.common:x0</name>
         <uninitialized>true</uninitialized>
         <run_address>0x20000400</run_address>
         <size>0x2</size>
      </object_component>
      <object_component id="oc-dc">
         <name>.common:y0</name>
         <uninitialized>true</uninitialized>
         <run_address>0x20000402</run_address>
         <size>0x2</size>
      </object_component>
      <object_component id="oc-2f">
         <name>.stack</name>
         <uninitialized>true</uninitialized>
         <run_address>0x2000fe00</run_address>
         <size>0x0</size>
         <input_file_ref idref="fl-c4"/>
      </object_component>
      <object_component id="oc-261">
         <name>.stack</name>
         <uninitialized>true</uninitialized>
         <run_address>0x2000fe00</run_address>
         <size>0x0</size>
      </object_component>
      <object_component id="oc-d7">
         <name>.debug_info</name>
         <load_address>0x0</load_address>
         <run_address>0x0</run_address>
         <size>0x82f</size>
         <input_file_ref idref="fl-2"/>
      </object_component>
      <object_component id="oc-d4">
         <name>.debug_info</name>
         <load_address>0x82f</load_address>
         <run_address>0x82f</run_address>
         <size>0x10f</size>
         <input_file_ref idref="fl-2"/>
      </object_component>
      <object_component id="oc-7c">
         <name>.debug_info</name>
         <load_address>0x93e</load_address>
         <run_address>0x93e</run_address>
         <size>0x755</size>
         <input_file_ref idref="fl-2"/>
      </object_component>
      <object_component id="oc-141">
         <name>.debug_info</name>
         <load_address>0x1093</load_address>
         <run_address>0x1093</run_address>
         <size>0x1055</size>
         <input_file_ref idref="fl-2"/>
      </object_component>
      <object_component id="oc-13c">
         <name>.debug_info</name>
         <load_address>0x20e8</load_address>
         <run_address>0x20e8</run_address>
         <size>0x37cd</size>
         <input_file_ref idref="fl-2"/>
      </object_component>
      <object_component id="oc-e3">
         <name>.debug_info</name>
         <load_address>0x58b5</load_address>
         <run_address>0x58b5</run_address>
         <size>0xb2</size>
         <input_file_ref idref="fl-2"/>
      </object_component>
      <object_component id="oc-36">
         <name>.debug_info</name>
         <load_address>0x5967</load_address>
         <run_address>0x5967</run_address>
         <size>0x84</size>
         <input_file_ref idref="fl-2"/>
      </object_component>
      <object_component id="oc-de">
         <name>.debug_info</name>
         <load_address>0x59eb</load_address>
         <run_address>0x59eb</run_address>
         <size>0x18b</size>
         <input_file_ref idref="fl-2"/>
      </object_component>
      <object_component id="oc-133">
         <name>.debug_info</name>
         <load_address>0x5b76</load_address>
         <run_address>0x5b76</run_address>
         <size>0x4e</size>
         <input_file_ref idref="fl-2"/>
      </object_component>
      <object_component id="oc-14e">
         <name>.debug_info</name>
         <load_address>0x5bc4</load_address>
         <run_address>0x5bc4</run_address>
         <size>0xda</size>
         <input_file_ref idref="fl-3"/>
      </object_component>
      <object_component id="oc-14a">
         <name>.debug_info</name>
         <load_address>0x5c9e</load_address>
         <run_address>0x5c9e</run_address>
         <size>0xde</size>
         <input_file_ref idref="fl-3"/>
      </object_component>
      <object_component id="oc-147">
         <name>.debug_info</name>
         <load_address>0x5d7c</load_address>
         <run_address>0x5d7c</run_address>
         <size>0xe2</size>
         <input_file_ref idref="fl-3"/>
      </object_component>
      <object_component id="oc-da">
         <name>.debug_info</name>
         <load_address>0x5e5e</load_address>
         <run_address>0x5e5e</run_address>
         <size>0xd3</size>
         <input_file_ref idref="fl-3"/>
      </object_component>
      <object_component id="oc-83">
         <name>.debug_info</name>
         <load_address>0x5f31</load_address>
         <run_address>0x5f31</run_address>
         <size>0x2a0</size>
         <input_file_ref idref="fl-4"/>
      </object_component>
      <object_component id="oc-2d">
         <name>.debug_info</name>
         <load_address>0x61d1</load_address>
         <run_address>0x61d1</run_address>
         <size>0xde</size>
         <input_file_ref idref="fl-4"/>
      </object_component>
      <object_component id="oc-76">
         <name>.debug_info</name>
         <load_address>0x62af</load_address>
         <run_address>0x62af</run_address>
         <size>0x1a5</size>
         <input_file_ref idref="fl-4"/>
      </object_component>
      <object_component id="oc-111">
         <name>.debug_info</name>
         <load_address>0x6454</load_address>
         <run_address>0x6454</run_address>
         <size>0xd7</size>
         <input_file_ref idref="fl-5"/>
      </object_component>
      <object_component id="oc-b8">
         <name>.debug_info</name>
         <load_address>0x652b</load_address>
         <run_address>0x652b</run_address>
         <size>0x249</size>
         <input_file_ref idref="fl-5"/>
      </object_component>
      <object_component id="oc-c8">
         <name>.debug_info</name>
         <load_address>0x6774</load_address>
         <run_address>0x6774</run_address>
         <size>0x181</size>
         <input_file_ref idref="fl-b"/>
      </object_component>
      <object_component id="oc-127">
         <name>.debug_info</name>
         <load_address>0x68f5</load_address>
         <run_address>0x68f5</run_address>
         <size>0x689</size>
         <input_file_ref idref="fl-c"/>
      </object_component>
      <object_component id="oc-c5">
         <name>.debug_info</name>
         <load_address>0x6f7e</load_address>
         <run_address>0x6f7e</run_address>
         <size>0x19a</size>
         <input_file_ref idref="fl-c"/>
      </object_component>
      <object_component id="oc-121">
         <name>.debug_info</name>
         <load_address>0x7118</load_address>
         <run_address>0x7118</run_address>
         <size>0xc6</size>
         <input_file_ref idref="fl-c"/>
      </object_component>
      <object_component id="oc-124">
         <name>.debug_info</name>
         <load_address>0x71de</load_address>
         <run_address>0x71de</run_address>
         <size>0xc6</size>
         <input_file_ref idref="fl-c"/>
      </object_component>
      <object_component id="oc-c2">
         <name>.debug_info</name>
         <load_address>0x72a4</load_address>
         <run_address>0x72a4</run_address>
         <size>0x1818</size>
         <input_file_ref idref="fl-c"/>
      </object_component>
      <object_component id="oc-178">
         <name>.debug_info</name>
         <load_address>0x8abc</load_address>
         <run_address>0x8abc</run_address>
         <size>0x37cd</size>
         <input_file_ref idref="fl-c"/>
      </object_component>
      <object_component id="oc-116">
         <name>.debug_info</name>
         <load_address>0xc289</load_address>
         <run_address>0xc289</run_address>
         <size>0x28b</size>
         <input_file_ref idref="fl-d"/>
      </object_component>
      <object_component id="oc-171">
         <name>.debug_info</name>
         <load_address>0xc514</load_address>
         <run_address>0xc514</run_address>
         <size>0x1f1</size>
         <input_file_ref idref="fl-e"/>
      </object_component>
      <object_component id="oc-165">
         <name>.debug_info</name>
         <load_address>0xc705</load_address>
         <run_address>0xc705</run_address>
         <size>0xce</size>
         <input_file_ref idref="fl-e"/>
      </object_component>
      <object_component id="oc-16b">
         <name>.debug_info</name>
         <load_address>0xc7d3</load_address>
         <run_address>0xc7d3</run_address>
         <size>0xd0</size>
         <input_file_ref idref="fl-e"/>
      </object_component>
      <object_component id="oc-168">
         <name>.debug_info</name>
         <load_address>0xc8a3</load_address>
         <run_address>0xc8a3</run_address>
         <size>0xd2</size>
         <input_file_ref idref="fl-e"/>
      </object_component>
      <object_component id="oc-162">
         <name>.debug_info</name>
         <load_address>0xc975</load_address>
         <run_address>0xc975</run_address>
         <size>0x15d</size>
         <input_file_ref idref="fl-e"/>
      </object_component>
      <object_component id="oc-16e">
         <name>.debug_info</name>
         <load_address>0xcad2</load_address>
         <run_address>0xcad2</run_address>
         <size>0xe7</size>
         <input_file_ref idref="fl-e"/>
      </object_component>
      <object_component id="oc-11b">
         <name>.debug_info</name>
         <load_address>0xcbb9</load_address>
         <run_address>0xcbb9</run_address>
         <size>0x1a6f</size>
         <input_file_ref idref="fl-e"/>
      </object_component>
      <object_component id="oc-29">
         <name>.debug_info</name>
         <load_address>0xe628</load_address>
         <run_address>0xe628</run_address>
         <size>0x160</size>
         <input_file_ref idref="fl-c4"/>
      </object_component>
      <object_component id="oc-89">
         <name>.debug_info</name>
         <load_address>0xe788</load_address>
         <run_address>0xe788</run_address>
         <size>0x293</size>
         <input_file_ref idref="fl-c5"/>
      </object_component>
      <object_component id="oc-18">
         <name>.debug_info</name>
         <load_address>0xea1b</load_address>
         <run_address>0xea1b</run_address>
         <size>0x245</size>
         <input_file_ref idref="fl-c5"/>
      </object_component>
      <object_component id="oc-31">
         <name>.debug_info</name>
         <load_address>0xec60</load_address>
         <run_address>0xec60</run_address>
         <size>0x60</size>
         <input_file_ref idref="fl-c5"/>
      </object_component>
      <object_component id="oc-84">
         <name>.debug_info</name>
         <load_address>0xecc0</load_address>
         <run_address>0xecc0</run_address>
         <size>0x46</size>
         <input_file_ref idref="fl-c5"/>
      </object_component>
      <object_component id="oc-46">
         <name>.debug_info</name>
         <load_address>0xed06</load_address>
         <run_address>0xed06</run_address>
         <size>0x2da</size>
         <input_file_ref idref="fl-c6"/>
      </object_component>
      <object_component id="oc-1b">
         <name>.debug_info</name>
         <load_address>0xefe0</load_address>
         <run_address>0xefe0</run_address>
         <size>0x1df</size>
         <input_file_ref idref="fl-c6"/>
      </object_component>
      <object_component id="oc-41">
         <name>.debug_info</name>
         <load_address>0xf1bf</load_address>
         <run_address>0xf1bf</run_address>
         <size>0x46</size>
         <input_file_ref idref="fl-c6"/>
      </object_component>
      <object_component id="oc-8b">
         <name>.debug_info</name>
         <load_address>0xf205</load_address>
         <run_address>0xf205</run_address>
         <size>0x2c</size>
         <input_file_ref idref="fl-c6"/>
      </object_component>
      <object_component id="oc-52">
         <name>.debug_info</name>
         <load_address>0xf231</load_address>
         <run_address>0xf231</run_address>
         <size>0x2c9</size>
         <input_file_ref idref="fl-c7"/>
      </object_component>
      <object_component id="oc-21">
         <name>.debug_info</name>
         <load_address>0xf4fa</load_address>
         <run_address>0xf4fa</run_address>
         <size>0x1aa</size>
         <input_file_ref idref="fl-c7"/>
      </object_component>
      <object_component id="oc-4d">
         <name>.debug_info</name>
         <load_address>0xf6a4</load_address>
         <run_address>0xf6a4</run_address>
         <size>0x46</size>
         <input_file_ref idref="fl-c7"/>
      </object_component>
      <object_component id="oc-93">
         <name>.debug_info</name>
         <load_address>0xf6ea</load_address>
         <run_address>0xf6ea</run_address>
         <size>0x2c</size>
         <input_file_ref idref="fl-c7"/>
      </object_component>
      <object_component id="oc-b3">
         <name>.debug_info</name>
         <load_address>0xf716</load_address>
         <run_address>0xf716</run_address>
         <size>0x3ce</size>
         <input_file_ref idref="fl-c8"/>
      </object_component>
      <object_component id="oc-ad">
         <name>.debug_info</name>
         <load_address>0xfae4</load_address>
         <run_address>0xfae4</run_address>
         <size>0x185</size>
         <input_file_ref idref="fl-c8"/>
      </object_component>
      <object_component id="oc-6c">
         <name>.debug_info</name>
         <load_address>0xfc69</load_address>
         <run_address>0xfc69</run_address>
         <size>0x214</size>
         <input_file_ref idref="fl-c8"/>
      </object_component>
      <object_component id="oc-3e">
         <name>.debug_info</name>
         <load_address>0xfe7d</load_address>
         <run_address>0xfe7d</run_address>
         <size>0x111</size>
         <input_file_ref idref="fl-c9"/>
      </object_component>
      <object_component id="oc-48">
         <name>.debug_info</name>
         <load_address>0xff8e</load_address>
         <run_address>0xff8e</run_address>
         <size>0x13f</size>
         <input_file_ref idref="fl-ca"/>
      </object_component>
      <object_component id="oc-54">
         <name>.debug_info</name>
         <load_address>0x100cd</load_address>
         <run_address>0x100cd</run_address>
         <size>0x138</size>
         <input_file_ref idref="fl-cb"/>
      </object_component>
      <object_component id="oc-5a">
         <name>.debug_info</name>
         <load_address>0x10205</load_address>
         <run_address>0x10205</run_address>
         <size>0x148</size>
         <input_file_ref idref="fl-cc"/>
      </object_component>
      <object_component id="oc-132">
         <name>.debug_info</name>
         <load_address>0x1034d</load_address>
         <run_address>0x1034d</run_address>
         <size>0x355</size>
         <input_file_ref idref="fl-cd"/>
      </object_component>
      <object_component id="oc-ce">
         <name>.debug_info</name>
         <load_address>0x106a2</load_address>
         <run_address>0x106a2</run_address>
         <size>0x2e4</size>
         <input_file_ref idref="fl-cd"/>
      </object_component>
      <object_component id="oc-1db">
         <name>.debug_info</name>
         <load_address>0x10986</load_address>
         <run_address>0x10986</run_address>
         <size>0x2c</size>
         <input_file_ref idref="fl-cd"/>
      </object_component>
      <object_component id="oc-72">
         <name>.debug_info</name>
         <load_address>0x109b2</load_address>
         <run_address>0x109b2</run_address>
         <size>0x109</size>
         <input_file_ref idref="fl-ce"/>
      </object_component>
      <object_component id="oc-10c">
         <name>.debug_info</name>
         <load_address>0x10abb</load_address>
         <run_address>0x10abb</run_address>
         <size>0x2be</size>
         <input_file_ref idref="fl-cf"/>
      </object_component>
      <object_component id="oc-b0">
         <name>.debug_info</name>
         <load_address>0x10d79</load_address>
         <run_address>0x10d79</run_address>
         <size>0x113</size>
         <input_file_ref idref="fl-cf"/>
      </object_component>
      <object_component id="oc-105">
         <name>.debug_info</name>
         <load_address>0x10e8c</load_address>
         <run_address>0x10e8c</run_address>
         <size>0x21f</size>
         <input_file_ref idref="fl-cf"/>
      </object_component>
      <object_component id="oc-1d0">
         <name>.debug_info</name>
         <load_address>0x110ab</load_address>
         <run_address>0x110ab</run_address>
         <size>0x51f</size>
         <input_file_ref idref="fl-d0"/>
      </object_component>
      <object_component id="oc-12c">
         <name>.debug_info</name>
         <load_address>0x115ca</load_address>
         <run_address>0x115ca</run_address>
         <size>0x1543</size>
         <input_file_ref idref="fl-d0"/>
      </object_component>
      <object_component id="oc-1d1">
         <name>.debug_info</name>
         <load_address>0x12b0d</load_address>
         <run_address>0x12b0d</run_address>
         <size>0x86</size>
         <input_file_ref idref="fl-d0"/>
      </object_component>
      <object_component id="oc-21d">
         <name>.debug_info</name>
         <load_address>0x12b93</load_address>
         <run_address>0x12b93</run_address>
         <size>0x46</size>
         <input_file_ref idref="fl-d0"/>
      </object_component>
      <object_component id="oc-1d6">
         <name>.debug_info</name>
         <load_address>0x12bd9</load_address>
         <run_address>0x12bd9</run_address>
         <size>0x39</size>
         <input_file_ref idref="fl-d0"/>
      </object_component>
      <object_component id="oc-ab">
         <name>.debug_info</name>
         <load_address>0x12c12</load_address>
         <run_address>0x12c12</run_address>
         <size>0x300</size>
         <input_file_ref idref="fl-d1"/>
      </object_component>
      <object_component id="oc-66">
         <name>.debug_info</name>
         <load_address>0x12f12</load_address>
         <run_address>0x12f12</run_address>
         <size>0x167</size>
         <input_file_ref idref="fl-d1"/>
      </object_component>
      <object_component id="oc-fd">
         <name>.debug_info</name>
         <load_address>0x13079</load_address>
         <run_address>0x13079</run_address>
         <size>0x5e</size>
         <input_file_ref idref="fl-d1"/>
      </object_component>
      <object_component id="oc-218">
         <name>.debug_info</name>
         <load_address>0x130d7</load_address>
         <run_address>0x130d7</run_address>
         <size>0x2ae</size>
         <input_file_ref idref="fl-d2"/>
      </object_component>
      <object_component id="oc-1c4">
         <name>.debug_info</name>
         <load_address>0x13385</load_address>
         <run_address>0x13385</run_address>
         <size>0x171</size>
         <input_file_ref idref="fl-d2"/>
      </object_component>
      <object_component id="oc-a9">
         <name>.debug_info</name>
         <load_address>0x134f6</load_address>
         <run_address>0x134f6</run_address>
         <size>0x483</size>
         <input_file_ref idref="fl-d3"/>
      </object_component>
      <object_component id="oc-60">
         <name>.debug_info</name>
         <load_address>0x13979</load_address>
         <run_address>0x13979</run_address>
         <size>0x190</size>
         <input_file_ref idref="fl-d3"/>
      </object_component>
      <object_component id="oc-f1">
         <name>.debug_info</name>
         <load_address>0x13b09</load_address>
         <run_address>0x13b09</run_address>
         <size>0x39</size>
         <input_file_ref idref="fl-d3"/>
      </object_component>
      <object_component id="oc-156">
         <name>.debug_info</name>
         <load_address>0x13b42</load_address>
         <run_address>0x13b42</run_address>
         <size>0x39</size>
         <input_file_ref idref="fl-d3"/>
      </object_component>
      <object_component id="oc-f6">
         <name>.debug_info</name>
         <load_address>0x13b7b</load_address>
         <run_address>0x13b7b</run_address>
         <size>0xcd</size>
         <input_file_ref idref="fl-d3"/>
      </object_component>
      <object_component id="oc-ed">
         <name>.debug_info</name>
         <load_address>0x13c48</load_address>
         <run_address>0x13c48</run_address>
         <size>0x37a</size>
         <input_file_ref idref="fl-d4"/>
      </object_component>
      <object_component id="oc-9d">
         <name>.debug_info</name>
         <load_address>0x13fc2</load_address>
         <run_address>0x13fc2</run_address>
         <size>0x183</size>
         <input_file_ref idref="fl-d4"/>
      </object_component>
      <object_component id="oc-151">
         <name>.debug_info</name>
         <load_address>0x14145</load_address>
         <run_address>0x14145</run_address>
         <size>0x2c</size>
         <input_file_ref idref="fl-d4"/>
      </object_component>
      <object_component id="oc-231">
         <name>.debug_info</name>
         <load_address>0x14171</load_address>
         <run_address>0x14171</run_address>
         <size>0xee</size>
         <input_file_ref idref="fl-d5"/>
      </object_component>
      <object_component id="oc-215">
         <name>.debug_info</name>
         <load_address>0x1425f</load_address>
         <run_address>0x1425f</run_address>
         <size>0xfa</size>
         <input_file_ref idref="fl-d5"/>
      </object_component>
      <object_component id="oc-1af">
         <name>.debug_info</name>
         <load_address>0x14359</load_address>
         <run_address>0x14359</run_address>
         <size>0x144</size>
         <input_file_ref idref="fl-d6"/>
      </object_component>
      <object_component id="oc-189">
         <name>.debug_info</name>
         <load_address>0x1449d</load_address>
         <run_address>0x1449d</run_address>
         <size>0x120</size>
         <input_file_ref idref="fl-d7"/>
      </object_component>
      <object_component id="oc-198">
         <name>.debug_info</name>
         <load_address>0x145bd</load_address>
         <run_address>0x145bd</run_address>
         <size>0x122</size>
         <input_file_ref idref="fl-d7"/>
      </object_component>
      <object_component id="oc-193">
         <name>.debug_info</name>
         <load_address>0x146df</load_address>
         <run_address>0x146df</run_address>
         <size>0x132</size>
         <input_file_ref idref="fl-d8"/>
      </object_component>
      <object_component id="oc-18e">
         <name>.debug_info</name>
         <load_address>0x14811</load_address>
         <run_address>0x14811</run_address>
         <size>0x132</size>
         <input_file_ref idref="fl-d9"/>
      </object_component>
      <object_component id="oc-19d">
         <name>.debug_info</name>
         <load_address>0x14943</load_address>
         <run_address>0x14943</run_address>
         <size>0x126</size>
         <input_file_ref idref="fl-da"/>
      </object_component>
      <object_component id="oc-1a8">
         <name>.debug_info</name>
         <load_address>0x14a69</load_address>
         <run_address>0x14a69</run_address>
         <size>0x124</size>
         <input_file_ref idref="fl-db"/>
      </object_component>
      <object_component id="oc-1fd">
         <name>.debug_info</name>
         <load_address>0x14b8d</load_address>
         <run_address>0x14b8d</run_address>
         <size>0x2e6</size>
         <input_file_ref idref="fl-dc"/>
      </object_component>
      <object_component id="oc-1a2">
         <name>.debug_info</name>
         <load_address>0x14e73</load_address>
         <run_address>0x14e73</run_address>
         <size>0x1c2</size>
         <input_file_ref idref="fl-dc"/>
      </object_component>
      <object_component id="oc-21a">
         <name>.debug_info</name>
         <load_address>0x15035</load_address>
         <run_address>0x15035</run_address>
         <size>0x28b</size>
         <input_file_ref idref="fl-dd"/>
      </object_component>
      <object_component id="oc-1cb">
         <name>.debug_info</name>
         <load_address>0x152c0</load_address>
         <run_address>0x152c0</run_address>
         <size>0x1ab</size>
         <input_file_ref idref="fl-dd"/>
      </object_component>
      <object_component id="oc-201">
         <name>.debug_info</name>
         <load_address>0x1546b</load_address>
         <run_address>0x1546b</run_address>
         <size>0x2d9</size>
         <input_file_ref idref="fl-de"/>
      </object_component>
      <object_component id="oc-1b2">
         <name>.debug_info</name>
         <load_address>0x15744</load_address>
         <run_address>0x15744</run_address>
         <size>0x18a</size>
         <input_file_ref idref="fl-de"/>
      </object_component>
      <object_component id="oc-202">
         <name>.debug_info</name>
         <load_address>0x158ce</load_address>
         <run_address>0x158ce</run_address>
         <size>0x2c</size>
         <input_file_ref idref="fl-de"/>
      </object_component>
      <object_component id="oc-211">
         <name>.debug_info</name>
         <load_address>0x158fa</load_address>
         <run_address>0x158fa</run_address>
         <size>0x316</size>
         <input_file_ref idref="fl-df"/>
      </object_component>
      <object_component id="oc-1b8">
         <name>.debug_info</name>
         <load_address>0x15c10</load_address>
         <run_address>0x15c10</run_address>
         <size>0x1d5</size>
         <input_file_ref idref="fl-df"/>
      </object_component>
      <object_component id="oc-a4">
         <name>.debug_info</name>
         <load_address>0x15de5</load_address>
         <run_address>0x15de5</run_address>
         <size>0x145</size>
         <input_file_ref idref="fl-e0"/>
      </object_component>
      <object_component id="oc-213">
         <name>.debug_info</name>
         <load_address>0x15f2a</load_address>
         <run_address>0x15f2a</run_address>
         <size>0x28f</size>
         <input_file_ref idref="fl-e1"/>
      </object_component>
      <object_component id="oc-1be">
         <name>.debug_info</name>
         <load_address>0x161b9</load_address>
         <run_address>0x161b9</run_address>
         <size>0x244</size>
         <input_file_ref idref="fl-e1"/>
      </object_component>
      <object_component id="oc-1f6">
         <name>.debug_info</name>
         <load_address>0x163fd</load_address>
         <run_address>0x163fd</run_address>
         <size>0x284</size>
         <input_file_ref idref="fl-e2"/>
      </object_component>
      <object_component id="oc-183">
         <name>.debug_info</name>
         <load_address>0x16681</load_address>
         <run_address>0x16681</run_address>
         <size>0x22a</size>
         <input_file_ref idref="fl-e2"/>
      </object_component>
      <object_component id="oc-17f">
         <name>.debug_info</name>
         <load_address>0x168ab</load_address>
         <run_address>0x168ab</run_address>
         <size>0x17d</size>
         <input_file_ref idref="fl-e3"/>
      </object_component>
      <object_component id="oc-20e">
         <name>.debug_info</name>
         <load_address>0x16a28</load_address>
         <run_address>0x16a28</run_address>
         <size>0xf3</size>
         <input_file_ref idref="fl-e4"/>
      </object_component>
      <object_component id="oc-208">
         <name>.debug_info</name>
         <load_address>0x16b1b</load_address>
         <run_address>0x16b1b</run_address>
         <size>0x156</size>
         <input_file_ref idref="fl-e5"/>
      </object_component>
      <object_component id="oc-262">
         <name>.debug_info</name>
         <load_address>0x16c71</load_address>
         <run_address>0x16c71</run_address>
         <size>0x8d</size>
      </object_component>
      <object_component id="oc-13b">
         <name>.debug_line</name>
         <load_address>0x0</load_address>
         <run_address>0x0</run_address>
         <size>0x90</size>
         <input_file_ref idref="fl-2"/>
      </object_component>
      <object_component id="oc-139">
         <name>.debug_line</name>
         <load_address>0x90</load_address>
         <run_address>0x90</run_address>
         <size>0x3b</size>
         <input_file_ref idref="fl-2"/>
      </object_component>
      <object_component id="oc-7f">
         <name>.debug_line</name>
         <load_address>0xcb</load_address>
         <run_address>0xcb</run_address>
         <size>0x1c5</size>
         <input_file_ref idref="fl-2"/>
      </object_component>
      <object_component id="oc-144">
         <name>.debug_line</name>
         <load_address>0x290</load_address>
         <run_address>0x290</run_address>
         <size>0x55</size>
         <input_file_ref idref="fl-2"/>
      </object_component>
      <object_component id="oc-13f">
         <name>.debug_line</name>
         <load_address>0x2e5</load_address>
         <run_address>0x2e5</run_address>
         <size>0x52</size>
         <input_file_ref idref="fl-2"/>
      </object_component>
      <object_component id="oc-e6">
         <name>.debug_line</name>
         <load_address>0x337</load_address>
         <run_address>0x337</run_address>
         <size>0x31</size>
         <input_file_ref idref="fl-2"/>
      </object_component>
      <object_component id="oc-39">
         <name>.debug_line</name>
         <load_address>0x368</load_address>
         <run_address>0x368</run_address>
         <size>0x20</size>
         <input_file_ref idref="fl-2"/>
      </object_component>
      <object_component id="oc-e1">
         <name>.debug_line</name>
         <load_address>0x388</load_address>
         <run_address>0x388</run_address>
         <size>0x65</size>
         <input_file_ref idref="fl-2"/>
      </object_component>
      <object_component id="oc-136">
         <name>.debug_line</name>
         <load_address>0x3ed</load_address>
         <run_address>0x3ed</run_address>
         <size>0x65</size>
         <input_file_ref idref="fl-2"/>
      </object_component>
      <object_component id="oc-1e7">
         <name>.debug_line</name>
         <load_address>0x452</load_address>
         <run_address>0x452</run_address>
         <size>0x20</size>
         <input_file_ref idref="fl-3"/>
      </object_component>
      <object_component id="oc-1e5">
         <name>.debug_line</name>
         <load_address>0x472</load_address>
         <run_address>0x472</run_address>
         <size>0x33</size>
         <input_file_ref idref="fl-3"/>
      </object_component>
      <object_component id="oc-1e3">
         <name>.debug_line</name>
         <load_address>0x4a5</load_address>
         <run_address>0x4a5</run_address>
         <size>0x33</size>
         <input_file_ref idref="fl-3"/>
      </object_component>
      <object_component id="oc-14d">
         <name>.debug_line</name>
         <load_address>0x4d8</load_address>
         <run_address>0x4d8</run_address>
         <size>0x33</size>
         <input_file_ref idref="fl-3"/>
      </object_component>
      <object_component id="oc-e9">
         <name>.debug_line</name>
         <load_address>0x50b</load_address>
         <run_address>0x50b</run_address>
         <size>0x40</size>
         <input_file_ref idref="fl-4"/>
      </object_component>
      <object_component id="oc-82">
         <name>.debug_line</name>
         <load_address>0x54b</load_address>
         <run_address>0x54b</run_address>
         <size>0x40</size>
         <input_file_ref idref="fl-4"/>
      </object_component>
      <object_component id="oc-79">
         <name>.debug_line</name>
         <load_address>0x58b</load_address>
         <run_address>0x58b</run_address>
         <size>0x71</size>
         <input_file_ref idref="fl-4"/>
      </object_component>
      <object_component id="oc-15f">
         <name>.debug_line</name>
         <load_address>0x5fc</load_address>
         <run_address>0x5fc</run_address>
         <size>0x3b</size>
         <input_file_ref idref="fl-5"/>
      </object_component>
      <object_component id="oc-bb">
         <name>.debug_line</name>
         <load_address>0x637</load_address>
         <run_address>0x637</run_address>
         <size>0x146</size>
         <input_file_ref idref="fl-5"/>
      </object_component>
      <object_component id="oc-cb">
         <name>.debug_line</name>
         <load_address>0x77d</load_address>
         <run_address>0x77d</run_address>
         <size>0x75</size>
         <input_file_ref idref="fl-b"/>
      </object_component>
      <object_component id="oc-177">
         <name>.debug_line</name>
         <load_address>0x7f2</load_address>
         <run_address>0x7f2</run_address>
         <size>0x41</size>
         <input_file_ref idref="fl-c"/>
      </object_component>
      <object_component id="oc-129">
         <name>.debug_line</name>
         <load_address>0x833</load_address>
         <run_address>0x833</run_address>
         <size>0x2c</size>
         <input_file_ref idref="fl-c"/>
      </object_component>
      <object_component id="oc-173">
         <name>.debug_line</name>
         <load_address>0x85f</load_address>
         <run_address>0x85f</run_address>
         <size>0x2c</size>
         <input_file_ref idref="fl-c"/>
      </object_component>
      <object_component id="oc-175">
         <name>.debug_line</name>
         <load_address>0x88b</load_address>
         <run_address>0x88b</run_address>
         <size>0x2c</size>
         <input_file_ref idref="fl-c"/>
      </object_component>
      <object_component id="oc-c1">
         <name>.debug_line</name>
         <load_address>0x8b7</load_address>
         <run_address>0x8b7</run_address>
         <size>0x3fd</size>
         <input_file_ref idref="fl-c"/>
      </object_component>
      <object_component id="oc-17b">
         <name>.debug_line</name>
         <load_address>0xcb4</load_address>
         <run_address>0xcb4</run_address>
         <size>0x52</size>
         <input_file_ref idref="fl-c"/>
      </object_component>
      <object_component id="oc-118">
         <name>.debug_line</name>
         <load_address>0xd06</load_address>
         <run_address>0xd06</run_address>
         <size>0xb5</size>
         <input_file_ref idref="fl-d"/>
      </object_component>
      <object_component id="oc-1f3">
         <name>.debug_line</name>
         <load_address>0xdbb</load_address>
         <run_address>0xdbb</run_address>
         <size>0x41</size>
         <input_file_ref idref="fl-e"/>
      </object_component>
      <object_component id="oc-1eb">
         <name>.debug_line</name>
         <load_address>0xdfc</load_address>
         <run_address>0xdfc</run_address>
         <size>0x2e</size>
         <input_file_ref idref="fl-e"/>
      </object_component>
      <object_component id="oc-1ef">
         <name>.debug_line</name>
         <load_address>0xe2a</load_address>
         <run_address>0xe2a</run_address>
         <size>0x2e</size>
         <input_file_ref idref="fl-e"/>
      </object_component>
      <object_component id="oc-1ed">
         <name>.debug_line</name>
         <load_address>0xe58</load_address>
         <run_address>0xe58</run_address>
         <size>0x2e</size>
         <input_file_ref idref="fl-e"/>
      </object_component>
      <object_component id="oc-1e9">
         <name>.debug_line</name>
         <load_address>0xe86</load_address>
         <run_address>0xe86</run_address>
         <size>0x31</size>
         <input_file_ref idref="fl-e"/>
      </object_component>
      <object_component id="oc-1f1">
         <name>.debug_line</name>
         <load_address>0xeb7</load_address>
         <run_address>0xeb7</run_address>
         <size>0x31</size>
         <input_file_ref idref="fl-e"/>
      </object_component>
      <object_component id="oc-11e">
         <name>.debug_line</name>
         <load_address>0xee8</load_address>
         <run_address>0xee8</run_address>
         <size>0x629</size>
         <input_file_ref idref="fl-e"/>
      </object_component>
      <object_component id="oc-28">
         <name>.debug_line</name>
         <load_address>0x1511</load_address>
         <run_address>0x1511</run_address>
         <size>0x53</size>
         <input_file_ref idref="fl-c4"/>
      </object_component>
      <object_component id="oc-eb">
         <name>.debug_line</name>
         <load_address>0x1564</load_address>
         <run_address>0x1564</run_address>
         <size>0x20</size>
         <input_file_ref idref="fl-c5"/>
      </object_component>
      <object_component id="oc-17">
         <name>.debug_line</name>
         <load_address>0x1584</load_address>
         <run_address>0x1584</run_address>
         <size>0xa9</size>
         <input_file_ref idref="fl-c5"/>
      </object_component>
      <object_component id="oc-34">
         <name>.debug_line</name>
         <load_address>0x162d</load_address>
         <run_address>0x162d</run_address>
         <size>0x3a</size>
         <input_file_ref idref="fl-c5"/>
      </object_component>
      <object_component id="oc-87">
         <name>.debug_line</name>
         <load_address>0x1667</load_address>
         <run_address>0x1667</run_address>
         <size>0x8a</size>
         <input_file_ref idref="fl-c5"/>
      </object_component>
      <object_component id="oc-91">
         <name>.debug_line</name>
         <load_address>0x16f1</load_address>
         <run_address>0x16f1</run_address>
         <size>0x8a</size>
         <input_file_ref idref="fl-c6"/>
      </object_component>
      <object_component id="oc-1e">
         <name>.debug_line</name>
         <load_address>0x177b</load_address>
         <run_address>0x177b</run_address>
         <size>0x55</size>
         <input_file_ref idref="fl-c6"/>
      </object_component>
      <object_component id="oc-44">
         <name>.debug_line</name>
         <load_address>0x17d0</load_address>
         <run_address>0x17d0</run_address>
         <size>0x3a</size>
         <input_file_ref idref="fl-c6"/>
      </object_component>
      <object_component id="oc-8e">
         <name>.debug_line</name>
         <load_address>0x180a</load_address>
         <run_address>0x180a</run_address>
         <size>0x8a</size>
         <input_file_ref idref="fl-c6"/>
      </object_component>
      <object_component id="oc-99">
         <name>.debug_line</name>
         <load_address>0x1894</load_address>
         <run_address>0x1894</run_address>
         <size>0x8a</size>
         <input_file_ref idref="fl-c7"/>
      </object_component>
      <object_component id="oc-24">
         <name>.debug_line</name>
         <load_address>0x191e</load_address>
         <run_address>0x191e</run_address>
         <size>0x4f</size>
         <input_file_ref idref="fl-c7"/>
      </object_component>
      <object_component id="oc-50">
         <name>.debug_line</name>
         <load_address>0x196d</load_address>
         <run_address>0x196d</run_address>
         <size>0x34</size>
         <input_file_ref idref="fl-c7"/>
      </object_component>
      <object_component id="oc-96">
         <name>.debug_line</name>
         <load_address>0x19a1</load_address>
         <run_address>0x19a1</run_address>
         <size>0x8a</size>
         <input_file_ref idref="fl-c7"/>
      </object_component>
      <object_component id="oc-10f">
         <name>.debug_line</name>
         <load_address>0x1a2b</load_address>
         <run_address>0x1a2b</run_address>
         <size>0xf2</size>
         <input_file_ref idref="fl-c8"/>
      </object_component>
      <object_component id="oc-103">
         <name>.debug_line</name>
         <load_address>0x1b1d</load_address>
         <run_address>0x1b1d</run_address>
         <size>0x2a</size>
         <input_file_ref idref="fl-c8"/>
      </object_component>
      <object_component id="oc-6f">
         <name>.debug_line</name>
         <load_address>0x1b47</load_address>
         <run_address>0x1b47</run_address>
         <size>0x86</size>
         <input_file_ref idref="fl-c8"/>
      </object_component>
      <object_component id="oc-3d">
         <name>.debug_line</name>
         <load_address>0x1bcd</load_address>
         <run_address>0x1bcd</run_address>
         <size>0x88</size>
         <input_file_ref idref="fl-c9"/>
      </object_component>
      <object_component id="oc-4b">
         <name>.debug_line</name>
         <load_address>0x1c55</load_address>
         <run_address>0x1c55</run_address>
         <size>0x79</size>
         <input_file_ref idref="fl-ca"/>
      </object_component>
      <object_component id="oc-57">
         <name>.debug_line</name>
         <load_address>0x1cce</load_address>
         <run_address>0x1cce</run_address>
         <size>0x3d</size>
         <input_file_ref idref="fl-cb"/>
      </object_component>
      <object_component id="oc-5d">
         <name>.debug_line</name>
         <load_address>0x1d0b</load_address>
         <run_address>0x1d0b</run_address>
         <size>0x40</size>
         <input_file_ref idref="fl-cc"/>
      </object_component>
      <object_component id="oc-1e1">
         <name>.debug_line</name>
         <load_address>0x1d4b</load_address>
         <run_address>0x1d4b</run_address>
         <size>0x97</size>
         <input_file_ref idref="fl-cd"/>
      </object_component>
      <object_component id="oc-d1">
         <name>.debug_line</name>
         <load_address>0x1de2</load_address>
         <run_address>0x1de2</run_address>
         <size>0x83</size>
         <input_file_ref idref="fl-cd"/>
      </object_component>
      <object_component id="oc-1de">
         <name>.debug_line</name>
         <load_address>0x1e65</load_address>
         <run_address>0x1e65</run_address>
         <size>0x89</size>
         <input_file_ref idref="fl-cd"/>
      </object_component>
      <object_component id="oc-b6">
         <name>.debug_line</name>
         <load_address>0x1eee</load_address>
         <run_address>0x1eee</run_address>
         <size>0x33</size>
         <input_file_ref idref="fl-ce"/>
      </object_component>
      <object_component id="oc-15d">
         <name>.debug_line</name>
         <load_address>0x1f21</load_address>
         <run_address>0x1f21</run_address>
         <size>0x20</size>
         <input_file_ref idref="fl-cf"/>
      </object_component>
      <object_component id="oc-10b">
         <name>.debug_line</name>
         <load_address>0x1f41</load_address>
         <run_address>0x1f41</run_address>
         <size>0x2b</size>
         <input_file_ref idref="fl-cf"/>
      </object_component>
      <object_component id="oc-108">
         <name>.debug_line</name>
         <load_address>0x1f6c</load_address>
         <run_address>0x1f6c</run_address>
         <size>0x68</size>
         <input_file_ref idref="fl-cf"/>
      </object_component>
      <object_component id="oc-21c">
         <name>.debug_line</name>
         <load_address>0x1fd4</load_address>
         <run_address>0x1fd4</run_address>
         <size>0x16a</size>
         <input_file_ref idref="fl-d0"/>
      </object_component>
      <object_component id="oc-12f">
         <name>.debug_line</name>
         <load_address>0x213e</load_address>
         <run_address>0x213e</run_address>
         <size>0xc44</size>
         <input_file_ref idref="fl-d0"/>
      </object_component>
      <object_component id="oc-1d4">
         <name>.debug_line</name>
         <load_address>0x2d82</load_address>
         <run_address>0x2d82</run_address>
         <size>0x8a</size>
         <input_file_ref idref="fl-d0"/>
      </object_component>
      <object_component id="oc-220">
         <name>.debug_line</name>
         <load_address>0x2e0c</load_address>
         <run_address>0x2e0c</run_address>
         <size>0x8a</size>
         <input_file_ref idref="fl-d0"/>
      </object_component>
      <object_component id="oc-1d9">
         <name>.debug_line</name>
         <load_address>0x2e96</load_address>
         <run_address>0x2e96</run_address>
         <size>0x2e</size>
         <input_file_ref idref="fl-d0"/>
      </object_component>
      <object_component id="oc-fc">
         <name>.debug_line</name>
         <load_address>0x2ec4</load_address>
         <run_address>0x2ec4</run_address>
         <size>0x2b</size>
         <input_file_ref idref="fl-d1"/>
      </object_component>
      <object_component id="oc-69">
         <name>.debug_line</name>
         <load_address>0x2eef</load_address>
         <run_address>0x2eef</run_address>
         <size>0x4a</size>
         <input_file_ref idref="fl-d1"/>
      </object_component>
      <object_component id="oc-100">
         <name>.debug_line</name>
         <load_address>0x2f39</load_address>
         <run_address>0x2f39</run_address>
         <size>0x2b</size>
         <input_file_ref idref="fl-d1"/>
      </object_component>
      <object_component id="oc-233">
         <name>.debug_line</name>
         <load_address>0x2f64</load_address>
         <run_address>0x2f64</run_address>
         <size>0x89</size>
         <input_file_ref idref="fl-d2"/>
      </object_component>
      <object_component id="oc-1c7">
         <name>.debug_line</name>
         <load_address>0x2fed</load_address>
         <run_address>0x2fed</run_address>
         <size>0x63</size>
         <input_file_ref idref="fl-d2"/>
      </object_component>
      <object_component id="oc-f0">
         <name>.debug_line</name>
         <load_address>0x3050</load_address>
         <run_address>0x3050</run_address>
         <size>0xa9</size>
         <input_file_ref idref="fl-d3"/>
      </object_component>
      <object_component id="oc-63">
         <name>.debug_line</name>
         <load_address>0x30f9</load_address>
         <run_address>0x30f9</run_address>
         <size>0x8b</size>
         <input_file_ref idref="fl-d3"/>
      </object_component>
      <object_component id="oc-f4">
         <name>.debug_line</name>
         <load_address>0x3184</load_address>
         <run_address>0x3184</run_address>
         <size>0x2e</size>
         <input_file_ref idref="fl-d3"/>
      </object_component>
      <object_component id="oc-159">
         <name>.debug_line</name>
         <load_address>0x31b2</load_address>
         <run_address>0x31b2</run_address>
         <size>0x8a</size>
         <input_file_ref idref="fl-d3"/>
      </object_component>
      <object_component id="oc-f9">
         <name>.debug_line</name>
         <load_address>0x323c</load_address>
         <run_address>0x323c</run_address>
         <size>0x8b</size>
         <input_file_ref idref="fl-d3"/>
      </object_component>
      <object_component id="oc-150">
         <name>.debug_line</name>
         <load_address>0x32c7</load_address>
         <run_address>0x32c7</run_address>
         <size>0x98</size>
         <input_file_ref idref="fl-d4"/>
      </object_component>
      <object_component id="oc-a0">
         <name>.debug_line</name>
         <load_address>0x335f</load_address>
         <run_address>0x335f</run_address>
         <size>0x68</size>
         <input_file_ref idref="fl-d4"/>
      </object_component>
      <object_component id="oc-154">
         <name>.debug_line</name>
         <load_address>0x33c7</load_address>
         <run_address>0x33c7</run_address>
         <size>0x2e</size>
         <input_file_ref idref="fl-d4"/>
      </object_component>
      <object_component id="oc-237">
         <name>.debug_line</name>
         <load_address>0x33f5</load_address>
         <run_address>0x33f5</run_address>
         <size>0x20</size>
         <input_file_ref idref="fl-d5"/>
      </object_component>
      <object_component id="oc-230">
         <name>.debug_line</name>
         <load_address>0x3415</load_address>
         <run_address>0x3415</run_address>
         <size>0x2b</size>
         <input_file_ref idref="fl-d5"/>
      </object_component>
      <object_component id="oc-1ae">
         <name>.debug_line</name>
         <load_address>0x3440</load_address>
         <run_address>0x3440</run_address>
         <size>0xd2</size>
         <input_file_ref idref="fl-d6"/>
      </object_component>
      <object_component id="oc-18c">
         <name>.debug_line</name>
         <load_address>0x3512</load_address>
         <run_address>0x3512</run_address>
         <size>0x77</size>
         <input_file_ref idref="fl-d7"/>
      </object_component>
      <object_component id="oc-19b">
         <name>.debug_line</name>
         <load_address>0x3589</load_address>
         <run_address>0x3589</run_address>
         <size>0x77</size>
         <input_file_ref idref="fl-d7"/>
      </object_component>
      <object_component id="oc-196">
         <name>.debug_line</name>
         <load_address>0x3600</load_address>
         <run_address>0x3600</run_address>
         <size>0xa8</size>
         <input_file_ref idref="fl-d8"/>
      </object_component>
      <object_component id="oc-191">
         <name>.debug_line</name>
         <load_address>0x36a8</load_address>
         <run_address>0x36a8</run_address>
         <size>0x8e</size>
         <input_file_ref idref="fl-d9"/>
      </object_component>
      <object_component id="oc-1a0">
         <name>.debug_line</name>
         <load_address>0x3736</load_address>
         <run_address>0x3736</run_address>
         <size>0x5a</size>
         <input_file_ref idref="fl-da"/>
      </object_component>
      <object_component id="oc-1ab">
         <name>.debug_line</name>
         <load_address>0x3790</load_address>
         <run_address>0x3790</run_address>
         <size>0x50</size>
         <input_file_ref idref="fl-db"/>
      </object_component>
      <object_component id="oc-225">
         <name>.debug_line</name>
         <load_address>0x37e0</load_address>
         <run_address>0x37e0</run_address>
         <size>0x8a</size>
         <input_file_ref idref="fl-dc"/>
      </object_component>
      <object_component id="oc-1a5">
         <name>.debug_line</name>
         <load_address>0x386a</load_address>
         <run_address>0x386a</run_address>
         <size>0x66</size>
         <input_file_ref idref="fl-dc"/>
      </object_component>
      <object_component id="oc-235">
         <name>.debug_line</name>
         <load_address>0x38d0</load_address>
         <run_address>0x38d0</run_address>
         <size>0x20</size>
         <input_file_ref idref="fl-dd"/>
      </object_component>
      <object_component id="oc-1ca">
         <name>.debug_line</name>
         <load_address>0x38f0</load_address>
         <run_address>0x38f0</run_address>
         <size>0x48</size>
         <input_file_ref idref="fl-dd"/>
      </object_component>
      <object_component id="oc-227">
         <name>.debug_line</name>
         <load_address>0x3938</load_address>
         <run_address>0x3938</run_address>
         <size>0x20</size>
         <input_file_ref idref="fl-de"/>
      </object_component>
      <object_component id="oc-1b5">
         <name>.debug_line</name>
         <load_address>0x3958</load_address>
         <run_address>0x3958</run_address>
         <size>0x5e</size>
         <input_file_ref idref="fl-de"/>
      </object_component>
      <object_component id="oc-205">
         <name>.debug_line</name>
         <load_address>0x39b6</load_address>
         <run_address>0x39b6</run_address>
         <size>0x8a</size>
         <input_file_ref idref="fl-de"/>
      </object_component>
      <object_component id="oc-22c">
         <name>.debug_line</name>
         <load_address>0x3a40</load_address>
         <run_address>0x3a40</run_address>
         <size>0x93</size>
         <input_file_ref idref="fl-df"/>
      </object_component>
      <object_component id="oc-1bb">
         <name>.debug_line</name>
         <load_address>0x3ad3</load_address>
         <run_address>0x3ad3</run_address>
         <size>0xa1</size>
         <input_file_ref idref="fl-df"/>
      </object_component>
      <object_component id="oc-a3">
         <name>.debug_line</name>
         <load_address>0x3b74</load_address>
         <run_address>0x3b74</run_address>
         <size>0x3c</size>
         <input_file_ref idref="fl-e0"/>
      </object_component>
      <object_component id="oc-22e">
         <name>.debug_line</name>
         <load_address>0x3bb0</load_address>
         <run_address>0x3bb0</run_address>
         <size>0x20</size>
         <input_file_ref idref="fl-e1"/>
      </object_component>
      <object_component id="oc-1c1">
         <name>.debug_line</name>
         <load_address>0x3bd0</load_address>
         <run_address>0x3bd0</run_address>
         <size>0xa8</size>
         <input_file_ref idref="fl-e1"/>
      </object_component>
      <object_component id="oc-223">
         <name>.debug_line</name>
         <load_address>0x3c78</load_address>
         <run_address>0x3c78</run_address>
         <size>0x20</size>
         <input_file_ref idref="fl-e2"/>
      </object_component>
      <object_component id="oc-186">
         <name>.debug_line</name>
         <load_address>0x3c98</load_address>
         <run_address>0x3c98</run_address>
         <size>0xaa</size>
         <input_file_ref idref="fl-e2"/>
      </object_component>
      <object_component id="oc-17e">
         <name>.debug_line</name>
         <load_address>0x3d42</load_address>
         <run_address>0x3d42</run_address>
         <size>0x118</size>
         <input_file_ref idref="fl-e3"/>
      </object_component>
      <object_component id="oc-22a">
         <name>.debug_line</name>
         <load_address>0x3e5a</load_address>
         <run_address>0x3e5a</run_address>
         <size>0x2b</size>
         <input_file_ref idref="fl-e4"/>
      </object_component>
      <object_component id="oc-20b">
         <name>.debug_line</name>
         <load_address>0x3e85</load_address>
         <run_address>0x3e85</run_address>
         <size>0x45</size>
         <input_file_ref idref="fl-e5"/>
      </object_component>
      <object_component id="oc-80">
         <name>.debug_frame</name>
         <load_address>0x0</load_address>
         <run_address>0x0</run_address>
         <size>0x123</size>
         <input_file_ref idref="fl-2"/>
      </object_component>
[...]
      </symbol>
      <symbol id="sm-2c9">
         <name>drawCharLgBkg</name>
         <value>0x1709</value>
         <object_component_ref idref="oc-11a"/>
      </symbol>
      <symbol id="sm-2ca">
         <name>drawPixel</name>
         <value>0x1377</value>
         <object_component_ref idref="oc-11a"/>
      </symbol>
      <symbol id="sm-2cb">
         <name>drawImageMono</name>
         <value>0x1b23</value>
         <object_component_ref idref="oc-11a"/>
      </symbol>
      <symbol id="sm-2cc">
         <name>setColor</name>
         <value>0x1225</value>
         <object_component_ref idref="oc-11a"/>
      </symbol>
      <symbol id="sm-2cd">
         <name>bgColorHighByte</name>
         <value>0x20000427</value>
         <object_component_ref idref="oc-161"/>
      </symbol>
      <symbol id="sm-2ce">
         <name>drawCircle</name>
         <value>0x1edb</value>
         <object_component_ref idref="oc-11a"/>
      </symbol>
      <symbol id="sm-2cf">
         <name>drawImageLut</name>
         <value>0x1a15</value>
         <object_component_ref idref="oc-11a"/>
      </symbol>
      <symbol id="sm-2d0">
         <name>drawImage</name>
         <value>0x19fd</value>
         <object_component_ref idref="oc-11a"/>
      </symbol>
      <symbol id="sm-2d1">
         <name>font_11x16</name>
         <value>0x5238</value>
         <object_component_ref idref="oc-167"/>
      </symbol>
      <symbol id="sm-2d2">
         <name>drawLine</name>
         <value>0x1c81</value>
         <object_component_ref idref="oc-11a"/>
      </symbol>
      <symbol id="sm-2d3">
         <name>font_8x12</name>
         <value>0x5a62</value>
         <object_component_ref idref="oc-16a"/>
      </symbol>
      <symbol id="sm-2d4">
         <name>drawCharMd</name>
         <value>0x17ed</value>
         <object_component_ref idref="oc-11a"/>
      </symbol>
      <symbol id="sm-2d5">
         <name>drawCharSmBkg</name>
         <value>0x1587</value>
         <object_component_ref idref="oc-11a"/>
      </symbol>
      <symbol id="sm-2d6">
         <name>drawCharLg</name>
         <value>0x1661</value>
         <object_component_ref idref="oc-11a"/>
      </symbol>
      <symbol id="sm-2d7">
         <name>drawCharSm</name>
         <value>0x14e1</value>
         <object_component_ref idref="oc-11a"/>
      </symbol>
      <symbol id="sm-2d8">
         <name>drawLogicLine</name>
         <value>0x1b41</value>
         <object_component_ref idref="oc-11a"/>
      </symbol>
      <symbol id="sm-2d9">
         <name>setBackgroundColor</name>
         <value>0x1243</value>
         <object_component_ref idref="oc-11a"/>
      </symbol>
      <symbol id="sm-2da">
         <name>clearScreenBkg</name>
         <value>0x12ef</value>
         <object_component_ref idref="oc-11a"/>
      </symbol>
      <symbol id="sm-2db">
         <name>fillCircle</name>
         <value>0x20f9</value>
         <object_component_ref idref="oc-11a"/>
      </symbol>
      <symbol id="sm-2dc">
         <name>fillRect</name>
         <value>0x205b</value>
         <object_component_ref idref="oc-11a"/>
      </symbol>
      <symbol id="sm-2dd">
         <name>drawString</name>
         <value>0x13a7</value>
         <object_component_ref idref="oc-11a"/>
      </symbol>
      <symbol id="sm-2de">
         <name>clearScreen</name>
         <value>0x1261</value>
         <object_component_ref idref="oc-11a"/>
      </symbol>
      <symbol id="sm-2df">
         <name>colorLowByte</name>
         <value>0x20000424</value>
         <object_component_ref idref="oc-161"/>
      </symbol>
      <symbol id="sm-2e0">
         <name>drawCharMdBkg</name>
         <value>0x189b</value>
         <object_component_ref idref="oc-11a"/>
      </symbol>
      <symbol id="sm-2e1">
         <name>font_5x7</name>
         <value>0x62d8</value>
         <object_component_ref idref="oc-164"/>
      </symbol>
      <symbol id="sm-2e2">
         <name>drawRect</name>
         <value>0x1e77</value>
         <object_component_ref idref="oc-11a"/>
      </symbol>
      <symbol id="sm-2e3">
         <name>colorHighByte</name>
         <value>0x20000425</value>
         <object_component_ref idref="oc-161"/>
      </symbol>
      <symbol id="sm-2e4">
         <name>bgColorLowByte</name>
         <value>0x20000426</value>
         <object_component_ref idref="oc-161"/>
      </symbol>
      <symbol id="sm-2f5">
         <name>_c_int00</name>
         <value>0x40a5</value>
         <object_component_ref idref="oc-26"/>
      </symbol>
      <symbol id="sm-2f6">
         <name>__stack</name>
         <value>0x2000fe00</value>
         <object_component_ref idref="oc-2f"/>
      </symbol>
      <symbol id="sm-314">
         <name>__TI_decompress_lzss</name>
         <value>0x3f79</value>
         <object_component_ref idref="oc-14"/>
      </symbol>
      <symbol id="sm-32b">
         <name>__TI_decompress_none</name>
         <value>0x4339</value>
         <object_component_ref idref="oc-1a"/>
      </symbol>
      <symbol id="sm-342">
         <name>__TI_zero_init</name>
         <value>0x4355</value>
         <object_component_ref idref="oc-20"/>
      </symbol>
      <symbol id="sm-363">
         <name>C$$EXIT</name>
         <value>0x40f9</value>
         <object_component_ref idref="oc-6b"/>
      </symbol>
      <symbol id="sm-364">
         <name>abort</name>
         <value>0x40fd</value>
         <object_component_ref idref="oc-6b"/>
      </symbol>
      <symbol id="sm-365">
         <name>exit</name>
         <value>0x4105</value>
         <object_component_ref idref="oc-6b"/>
      </symbol>
      <symbol id="sm-366">
         <name>__TI_dtors_ptr</name>
         <value>0x20000408</value>
         <object_component_ref idref="oc-ac"/>
      </symbol>
      <symbol id="sm-367">
         <name>__TI_cleanup_ptr</name>
         <value>0x20000404</value>
         <object_component_ref idref="oc-ac"/>
      </symbol>
      <symbol id="sm-368">
         <name>__TI_enable_exit_profile_output</name>
         <value>0x2000040c</value>
         <object_component_ref idref="oc-ac"/>
      </symbol>
      <symbol id="sm-383">
         <name>memcpy</name>
         <value>0x3c6d</value>
         <object_component_ref idref="oc-3b"/>
      </symbol>
      <symbol id="sm-384">
         <name>__aeabi_memcpy</name>
         <value>0x3c6d</value>
         <object_component_ref idref="oc-3b"/>
      </symbol>
      <symbol id="sm-385">
         <name>__aeabi_memcpy8</name>
         <value>0x3c6d</value>
         <object_component_ref idref="oc-3b"/>
      </symbol>
      <symbol id="sm-386">
         <name>__aeabi_memcpy4</name>
         <value>0x3c6d</value>
         <object_component_ref idref="oc-3b"/>
      </symbol>
      <symbol id="sm-395">
         <name>__aeabi_memset</name>
         <value>0x3e17</value>
         <object_component_ref idref="oc-47"/>
      </symbol>
      <symbol id="sm-396">
         <name>memset</name>
         <value>0x3e1d</value>
         <object_component_ref idref="oc-47"/>
      </symbol>
      <symbol id="sm-397">
         <name>__aeabi_memset8</name>
         <value>0x3e17</value>
         <object_component_ref idref="oc-47"/>
      </symbol>
      <symbol id="sm-398">
         <name>__aeabi_memset4</name>
         <value>0x3e17</value>
         <object_component_ref idref="oc-47"/>
      </symbol>
      <symbol id="sm-399">
         <name>__aeabi_memclr8</name>
         <value>0x3e15</value>
         <object_component_ref idref="oc-47"/>
      </symbol>
      <symbol id="sm-39a">
         <name>__aeabi_memclr4</name>
         <value>0x3e15</value>
         <object_component_ref idref="oc-47"/>
      </symbol>
      <symbol id="sm-39b">
         <name>__aeabi_memclr</name>
         <value>0x3e15</value>
         <object_component_ref idref="oc-47"/>
      </symbol>
      <symbol id="sm-3a5">
         <name>__mpu_init</name>
         <value>0x1223</value>
         <object_component_ref idref="oc-53"/>
      </symbol>
      <symbol id="sm-3af">
         <name>_system_pre_init</name>
         <value>0x4361</value>
         <object_component_ref idref="oc-59"/>
      </symbol>
      <symbol id="sm-3c8">
         <name>sprintf</name>
         <value>0x4045</value>
         <object_component_ref idref="oc-cd"/>
      </symbol>
      <symbol id="sm-3d0">
         <name>main_func_sp</name>
         <value>0x2000042c</value>
         <object_component_ref idref="oc-71"/>
      </symbol>
      <symbol id="sm-3e9">
         <name>_nop</name>
         <value>0x430b</value>
         <object_component_ref idref="oc-104"/>
      </symbol>
      <symbol id="sm-3ea">
         <name>_lock</name>
         <value>0x2000041c</value>
         <object_component_ref idref="oc-af"/>
      </symbol>
      <symbol id="sm-3eb">
         <name>_unlock</name>
         <value>0x20000420</value>
         <object_component_ref idref="oc-af"/>
      </symbol>
      <symbol id="sm-3ec">
         <name>_register_lock</name>
         <value>0x4303</value>
         <object_component_ref idref="oc-104"/>
      </symbol>
      <symbol id="sm-3ed">
         <name>_register_unlock</name>
         <value>0x42fd</value>
         <object_component_ref idref="oc-104"/>
      </symbol>
      <symbol id="sm-4ee">
         <name>__TI_printfi</name>
         <value>0x929</value>
         <object_component_ref idref="oc-12b"/>
      </symbol>
      <symbol id="sm-502">
         <name>_args_main</name>
         <value>0x42cd</value>
         <object_component_ref idref="oc-65"/>
      </symbol>
      <symbol id="sm-518">
         <name>atoi</name>
         <value>0x41a1</value>
         <object_component_ref idref="oc-1c3"/>
      </symbol>
      <symbol id="sm-542">
         <name>__TI_auto_init</name>
         <value>0x3f09</value>
         <object_component_ref idref="oc-5f"/>
      </symbol>
      <symbol id="sm-55c">
         <name>copy_in</name>
         <value>0x41ed</value>
         <object_component_ref idref="oc-9c"/>
      </symbol>
      <symbol id="sm-567">
         <name>_ctypes_</name>
         <value>0x64b8</value>
         <object_component_ref idref="oc-214"/>
      </symbol>
      <symbol id="sm-57e">
         <name>__aeabi_dsub</name>
         <value>0x35fd</value>
         <object_component_ref idref="oc-1ac"/>
      </symbol>
      <symbol id="sm-57f">
         <name>__aeabi_dadd</name>
         <value>0x3607</value>
         <object_component_ref idref="oc-1ac"/>
      </symbol>
      <symbol id="sm-5a1">
         <name>__aeabi_cdcmpeq</name>
         <value>0x3d09</value>
         <object_component_ref idref="oc-188"/>
      </symbol>
      <symbol id="sm-5a2">
         <name>__aeabi_cdcmple</name>
         <value>0x3d09</value>
         <object_component_ref idref="oc-188"/>
      </symbol>
      <symbol id="sm-5a3">
         <name>__aeabi_cdrcmple</name>
         <value>0x3d8f</value>
         <object_component_ref idref="oc-197"/>
      </symbol>
      <symbol id="sm-5b7">
         <name>__aeabi_ddiv</name>
         <value>0x393d</value>
         <object_component_ref idref="oc-192"/>
      </symbol>
      <symbol id="sm-5c2">
         <name>__aeabi_dmul</name>
         <value>0x3a73</value>
         <object_component_ref idref="oc-18d"/>
      </symbol>
      <symbol id="sm-5cc">
         <name>__aeabi_d2iz</name>
         <value>0x4239</value>
         <object_component_ref idref="oc-19c"/>
      </symbol>
      <symbol id="sm-5d6">
         <name>__aeabi_i2d</name>
         <value>0x4281</value>
         <object_component_ref idref="oc-1a7"/>
      </symbol>
      <symbol id="sm-5e5">
         <name>ltoa</name>
         <value>0x414d</value>
         <object_component_ref idref="oc-1a1"/>
      </symbol>
      <symbol id="sm-5f5">
         <name>memccpy</name>
         <value>0x42af</value>
         <object_component_ref idref="oc-1c9"/>
      </symbol>
      <symbol id="sm-610">
         <name>frexpl</name>
         <value>0x3fe1</value>
         <object_component_ref idref="oc-1b1"/>
      </symbol>
      <symbol id="sm-611">
         <name>frexp</name>
         <value>0x3fe1</value>
         <object_component_ref idref="oc-1b1"/>
      </symbol>
      <symbol id="sm-62e">
         <name>scalbn</name>
         <value>0x3b71</value>
         <object_component_ref idref="oc-1b7"/>
      </symbol>
      <symbol id="sm-62f">
         <name>scalbnl</name>
         <value>0x3b71</value>
         <object_component_ref idref="oc-1b7"/>
      </symbol>
      <symbol id="sm-630">
         <name>ldexpl</name>
         <value>0x3b71</value>
         <object_component_ref idref="oc-1b7"/>
      </symbol>
      <symbol id="sm-631">
         <name>ldexp</name>
         <value>0x3b71</value>
         <object_component_ref idref="oc-1b7"/>
      </symbol>
      <symbol id="sm-63b">
         <name>_system_post_cinit</name>
         <value>0x37b3</value>
         <object_component_ref idref="oc-a2"/>
      </symbol>
      <symbol id="sm-64b">
         <name>strchr</name>
         <value>0x42e5</value>
         <object_component_ref idref="oc-1bd"/>
      </symbol>
      <symbol id="sm-659">
         <name>strlen</name>
         <value>0x4325</value>
         <object_component_ref idref="oc-182"/>
      </symbol>
      <symbol id="sm-675">
         <name>__aeabi_uldivmod</name>
         <value>0x3409</value>
         <object_component_ref idref="oc-17d"/>
      </symbol>
      <symbol id="sm-67d">
         <name>errno</name>
         <value>0x20000428</value>
         <object_component_ref idref="oc-20d"/>
      </symbol>
      <symbol id="sm-687">
         <name>copysign</name>
         <value>0x4311</value>
         <object_component_ref idref="oc-207"/>
      </symbol>
      <symbol id="sm-688">
         <name>copysignl</name>
         <value>0x4311</value>
         <object_component_ref idref="oc-207"/>
      </symbol>
      <symbol id="sm-689">
         <name>__TI_static_base__</name>
         <value>0x0</value>
      </symbol>
      <symbol id="sm-68c">
         <name>SHT$$INIT_ARRAY$$Limit</name>
         <value>0x0</value>
      </symbol>
      <symbol id="sm-68d">
         <name>SHT$$INIT_ARRAY$$Base</name>
         <value>0x0</value>
      </symbol>
      <symbol id="sm-68e">
         <name>NMI_Handler</name>
         <value>0x4353</value>
      </symbol>
      <symbol id="sm-68f">
         <name>HardFault_Handler</name>
         <value>0x4353</value>
      </symbol>
      <symbol id="sm-690">
         <name>MemManage_Handler</name>
         <value>0x4353</value>
      </symbol>
      <symbol id="sm-691">
         <name>BusFault_Handler</name>
         <value>0x4353</value>
      </symbol>
      <symbol id="sm-692">
         <name>UsageFault_Handler</name>
         <value>0x4353</value>
      </symbol>
      <symbol id="sm-693">
         <name>SVC_Handler</name>
         <value>0x4353</value>
      </symbol>
      <symbol id="sm-694">
         <name>DebugMon_Handler</name>
         <value>0x4353</value>
      </symbol>
      <symbol id="sm-695">
         <name>PendSV_Handler</name>
         <value>0x4353</value>
      </symbol>
      <symbol id="sm-696">
         <name>SysTick_Handler</name>
         <value>0x4353</value>
      </symbol>
      <symbol id="sm-697">
         <name>PSS_IRQHandler</name>
         <value>0x4353</value>
      </symbol>
      <symbol id="sm-698">
         <name>CS_IRQHandler</name>
         <value>0x4353</value>
      </symbol>
      <symbol id="sm-699">
         <name>PCM_IRQHandler</name>
         <value>0x4353</value>
      </symbol>
      <symbol id="sm-69a">
         <name>WDT_A_IRQHandler</name>
         <value>0x4353</value>
      </symbol>
      <symbol id="sm-69b">
         <name>FPU_IRQHandler</name>
         <value>0x4353</value>
      </symbol>
      <symbol id="sm-69c">
         <name>FLCTL_IRQHandler</name>
         <value>0x4353</value>
      </symbol>
      <symbol id="sm-69d">
         <name>COMP_E0_IRQHandler</name>
         <value>0x4353</value>
      </symbol>
      <symbol id="sm-69e">
         <name>COMP_E1_IRQHandler</name>
         <value>0x4353</value>
      </symbol>
      <symbol id="sm-69f">
         <name>TA0_0_IRQHandler</name>
         <value>0x4353</value>
      </symbol>
      <symbol id="sm-6a0">
         <name>TA0_N_IRQHandler</name>
         <value>0x4353</value>
      </symbol>
      <symbol id="sm-6a1">
         <name>TA1_0_IRQHandler</name>
         <value>0x4353</value>
      </symbol>
      <symbol id="sm-6a2">
         <name>TA1_N_IRQHandler</name>
         <value>0x4353</value>
      </symbol>
      <symbol id="sm-6a3">
         <name>TA2_0_IRQHandler</name>
         <value>0x4353</value>
      </symbol>
      <symbol id="sm-6a4">
         <name>TA2_N_IRQHandler</name>
         <value>0x4353</value>
      </symbol>
      <symbol id="sm-6a5">
         <name>TA3_0_IRQHandler</name>
         <value>0x4353</value>
      </symbol>
      <symbol id="sm-6a6">
         <name>TA3_N_IRQHandler</name>
         <value>0x4353</value>
      </symbol>
      <symbol id="sm-6a7">
         <name>EUSCIA0_IRQHandler</name>
         <value>0x4353</value>
      </symbol>
      <symbol id="sm-6a8">
         <name>EUSCIA1_IRQHandler</name>
         <value>0x4353</value>
      </symbol>
      <symbol id="sm-6a9">
         <name>EUSCIA2_IRQHandler</name>
         <value>0x4353</value>
      </symbol>
      <symbol id="sm-6aa">
         <name>EUSCIA3_IRQHandler</name>
         <value>0x4353</value>
      </symbol>
      <symbol id="sm-6ab">
         <name>EUSCIB0_IRQHandler</name>
         <value>0x4353</value>
      </symbol>
      <symbol id="sm-6ac">
         <name>EUSCIB1_IRQHandler</name>
         <value>0x4353</value>
      </symbol>
      <symbol id="sm-6ad">
         <name>EUSCIB2_IRQHandler</name>
         <value>0x4353</value>
      </symbol>
      <symbol id="sm-6ae">
         <name>EUSCIB3_IRQHandler</name>
         <value>0x4353</value>
      </symbol>
      <symbol id="sm-6af">
         <name>ADC14_IRQHandler</name>
         <value>0x4353</value>
      </symbol>
      <symbol id="sm-6b0">
         <name>T32_INT1_IRQHandler</name>
         <value>0x4353</value>
      </symbol>
      <symbol id="sm-6b1">
         <name>T32_INT2_IRQHandler</name>
         <value>0x4353</value>
      </symbol>
      <symbol id="sm-6b2">
         <name>T32_INTC_IRQHandler</name>
         <value>0x4353</value>
      </symbol>
      <symbol id="sm-6b3">
         <name>AES256_IRQHandler</name>
         <value>0x4353</value>
      </symbol>
      <symbol id="sm-6b4">
         <name>RTC_C_IRQHandler</name>
         <value>0x4353</value>
      </symbol>
      <symbol id="sm-6b5">
         <name>DMA_ERR_IRQHandler</name>
         <value>0x4353</value>
      </symbol>
      <symbol id="sm-6b6">
         <name>DMA_INT3_IRQHandler</name>
         <value>0x4353</value>
      </symbol>
      <symbol id="sm-6b7">
         <name>DMA_INT2_IRQHandler</name>
         <value>0x4353</value>
      </symbol>
      <symbol id="sm-6b8">
         <name>DMA_INT1_IRQHandler</name>
         <value>0x4353</value>
      </symbol>
      <symbol id="sm-6b9">
         <name>DMA_INT0_IRQHandler</name>
         <value>0x4353</value>
      </symbol>
      <symbol id="sm-6ba">
         <name>PORT1_IRQHandler</name>
         <value>0x4353</value>
      </symbol>
      <symbol id="sm-6bb">
         <name>PORT2_IRQHandler</name>
         <value>0x4353</value>
      </symbol>
      <symbol id="sm-6bc">
         <name>PORT3_IRQHandler</name>
         <value>0x4353</value>
      </symbol>
      <symbol id="sm-6bd">
         <name>PORT4_IRQHandler</name>
         <value>0x2fc9</value>
      </symbol>
      <symbol id="sm-6be">
         <name>PORT5_IRQHandler</name>
         <value>0x3065</value>
      </symbol>
      <symbol id="sm-6bf">
         <name>PORT6_IRQHandler</name>
         <value>0x4353</value>
      </symbol>
   </symbol_table>
   <title>Link successful</title>
</link_info>
