<?xml version="1.0"?>
<link_info>
   <banner>TI ARM Linker PC v16.9.3.LTS</banner>
   <copyright>Copyright (c) 1996-2017 Texas Instruments Incorporated</copyright>
   <link_time>0x5a8e7e00</link_time>
   <link_errors>0x1</link_errors>
   <output_file>practica1.out</output_file>
   <entry_point>
      <name>_c_int00</name>
      <address>0x40a5</address>
   </entry_point>
   <input_file_list>
      <input_file id="fl-2">
         <path>.\</path>
         <kind>object</kind>
         <file>Practica1_PAE_main.obj</file>
         <name>Practica1_PAE_main.obj</name>
      </input_file>
      <input_file id="fl-3">
         <path>.\</path>
         <kind>object</kind>
         <file>startup_msp432p401r_ccs.obj</file>
         <name>startup_msp432p401r_ccs.obj</name>
      </input_file>
      <input_file id="fl-4">
         <path>.\</path>
         <kind>object</kind>
         <file>system_msp432p401r.obj</file>
         <name>system_msp432p401r.obj</name>
      </input_file>
      <input_file id="fl-9">
         <kind>object</kind>
         <file>&lt;internal&gt;</file>
         <name>&lt;internal&gt;</name>
      </input_file>
      <input_file id="fl-a">
         <path>..\</path>
         <kind>archive</kind>
         <file>lib_PAE2.lib</file>
         <name>Inicializacion.obj</name>
      </input_file>
      <input_file id="fl-b">
         <path>..\</path>
         <kind>archive</kind>
         <file>lib_PAE2.lib</file>
         <name>lcd.obj</name>
      </input_file>
      <input_file id="fl-c">
         <path>..\</path>
         <kind>archive</kind>
         <file>lib_PAE2.lib</file>
         <name>msp_LCD.obj</name>
      </input_file>
      <input_file id="fl-d">
         <path>..\</path>
         <kind>archive</kind>
         <file>lib_PAE2.lib</file>
         <name>graphics.obj</name>
      </input_file>
      <input_file id="fl-c3">
         <path>C:\ti\ccsv7\tools\compiler\ti-cgt-arm_16.9.3.LTS\lib\</path>
         <kind>archive</kind>
         <file>rtsv7M4_T_le_v4SPD16_eabi.lib</file>
         <name>boot.obj</name>
      </input_file>
      <input_file id="fl-c4">
         <path>C:\ti\ccsv7\tools\compiler\ti-cgt-arm_16.9.3.LTS\lib\</path>
         <kind>archive</kind>
         <file>rtsv7M4_T_le_v4SPD16_eabi.lib</file>
         <name>copy_decompress_lzss.obj</name>
      </input_file>
      <input_file id="fl-c5">
         <path>C:\ti\ccsv7\tools\compiler\ti-cgt-arm_16.9.3.LTS\lib\</path>
         <kind>archive</kind>
         <file>rtsv7M4_T_le_v4SPD16_eabi.lib</file>
         <name>copy_decompress_none.obj</name>
      </input_file>
      <input_file id="fl-c6">
         <path>C:\ti\ccsv7\tools\compiler\ti-cgt-arm_16.9.3.LTS\lib\</path>
         <kind>archive</kind>
         <file>rtsv7M4_T_le_v4SPD16_eabi.lib</file>
         <name>copy_zero_init.obj</name>
      </input_file>
      <input_file id="fl-c7">
         <path>C:\ti\ccsv7\tools\compiler\ti-cgt-arm_16.9.3.LTS\lib\</path>
         <kind>archive</kind>
         <file>rtsv7M4_T_le_v4SPD16_eabi.lib</file>
         <name>exit.obj</name>
      </input_file>
      <input_file id="fl-c8">
         <path>C:\ti\ccsv7\tools\compiler\ti-cgt-arm_16.9.3.LTS\lib\</path>
         <kind>archive</kind>
         <file>rtsv7M4_T_le_v4SPD16_eabi.lib</file>
         <name>memcpy_t2.obj</name>
      </input_file>
      <input_file id="fl-c9">
         <path>C:\ti\ccsv7\tools\compiler\ti-cgt-arm_16.9.3.LTS\lib\</path>
         <kind>archive</kind>
         <file>rtsv7M4_T_le_v4SPD16_eabi.lib</file>
         <name>memset_t2.obj</name>
      </input_file>
      <input_file id="fl-ca">
         <path>C:\ti\ccsv7\tools\compiler\ti-cgt-arm_16.9.3.LTS\lib\</path>
         <kind>archive</kind>
         <file>rtsv7M4_T_le_v4SPD16_eabi.lib</file>
         <name>mpu_init.obj</name>
      </input_file>
      <input_file id="fl-cb">
         <path>C:\ti\ccsv7\tools\compiler\ti-cgt-arm_16.9.3.LTS\lib\</path>
         <kind>archive</kind>
         <file>rtsv7M4_T_le_v4SPD16_eabi.lib</file>
         <name>pre_init.obj</name>
      </input_file>
      <input_file id="fl-cc">
         <path>C:\ti\ccsv7\tools\compiler\ti-cgt-arm_16.9.3.LTS\lib\</path>
         <kind>archive</kind>
         <file>rtsv7M4_T_le_v4SPD16_eabi.lib</file>
         <name>sprintf.obj</name>
      </input_file>
      <input_file id="fl-cd">
         <path>C:\ti\ccsv7\tools\compiler\ti-cgt-arm_16.9.3.LTS\lib\</path>
         <kind>archive</kind>
         <file>rtsv7M4_T_le_v4SPD16_eabi.lib</file>
         <name>stkdepth_vars.obj</name>
      </input_file>
      <input_file id="fl-ce">
         <path>C:\ti\ccsv7\tools\compiler\ti-cgt-arm_16.9.3.LTS\lib\</path>
         <kind>archive</kind>
         <file>rtsv7M4_T_le_v4SPD16_eabi.lib</file>
         <name>_lock.obj</name>
      </input_file>
      <input_file id="fl-cf">
         <path>C:\ti\ccsv7\tools\compiler\ti-cgt-arm_16.9.3.LTS\lib\</path>
         <kind>archive</kind>
         <file>rtsv7M4_T_le_v4SPD16_eabi.lib</file>
         <name>_printfi.obj</name>
      </input_file>
      <input_file id="fl-d0">
         <path>C:\ti\ccsv7\tools\compiler\ti-cgt-arm_16.9.3.LTS\lib\</path>
         <kind>archive</kind>
         <file>rtsv7M4_T_le_v4SPD16_eabi.lib</file>
         <name>args_main.obj</name>
      </input_file>
      <input_file id="fl-d1">
         <path>C:\ti\ccsv7\tools\compiler\ti-cgt-arm_16.9.3.LTS\lib\</path>
         <kind>archive</kind>
         <file>rtsv7M4_T_le_v4SPD16_eabi.lib</file>
         <name>atoi.obj</name>
      </input_file>
      <input_file id="fl-d2">
         <path>C:\ti\ccsv7\tools\compiler\ti-cgt-arm_16.9.3.LTS\lib\</path>
         <kind>archive</kind>
         <file>rtsv7M4_T_le_v4SPD16_eabi.lib</file>
         <name>autoinit.obj</name>
      </input_file>
      <input_file id="fl-d3">
         <path>C:\ti\ccsv7\tools\compiler\ti-cgt-arm_16.9.3.LTS\lib\</path>
         <kind>archive</kind>
         <file>rtsv7M4_T_le_v4SPD16_eabi.lib</file>
         <name>cpy_tbl.obj</name>
      </input_file>
      <input_file id="fl-d4">
         <path>C:\ti\ccsv7\tools\compiler\ti-cgt-arm_16.9.3.LTS\lib\</path>
         <kind>archive</kind>
         <file>rtsv7M4_T_le_v4SPD16_eabi.lib</file>
         <name>ctype.obj</name>
      </input_file>
      <input_file id="fl-d5">
         <path>C:\ti\ccsv7\tools\compiler\ti-cgt-arm_16.9.3.LTS\lib\</path>
         <kind>archive</kind>
         <file>rtsv7M4_T_le_v4SPD16_eabi.lib</file>
         <name>fd_add_t2.obj</name>
      </input_file>
      <input_file id="fl-d6">
         <path>C:\ti\ccsv7\tools\compiler\ti-cgt-arm_16.9.3.LTS\lib\</path>
         <kind>archive</kind>
         <file>rtsv7M4_T_le_v4SPD16_eabi.lib</file>
         <name>fd_cmp_t2.obj</name>
      </input_file>
      <input_file id="fl-d7">
         <path>C:\ti\ccsv7\tools\compiler\ti-cgt-arm_16.9.3.LTS\lib\</path>
         <kind>archive</kind>
         <file>rtsv7M4_T_le_v4SPD16_eabi.lib</file>
         <name>fd_div_t2.obj</name>
      </input_file>
      <input_file id="fl-d8">
         <path>C:\ti\ccsv7\tools\compiler\ti-cgt-arm_16.9.3.LTS\lib\</path>
         <kind>archive</kind>
         <file>rtsv7M4_T_le_v4SPD16_eabi.lib</file>
         <name>fd_mul_t2.obj</name>
      </input_file>
      <input_file id="fl-d9">
         <path>C:\ti\ccsv7\tools\compiler\ti-cgt-arm_16.9.3.LTS\lib\</path>
         <kind>archive</kind>
         <file>rtsv7M4_T_le_v4SPD16_eabi.lib</file>
         <name>fd_toi_t2.obj</name>
      </input_file>
      <input_file id="fl-da">
         <path>C:\ti\ccsv7\tools\compiler\ti-cgt-arm_16.9.3.LTS\lib\</path>
         <kind>archive</kind>
         <file>rtsv7M4_T_le_v4SPD16_eabi.lib</file>
         <name>i_tofd_t2.obj</name>
      </input_file>
      <input_file id="fl-db">
         <path>C:\ti\ccsv7\tools\compiler\ti-cgt-arm_16.9.3.LTS\lib\</path>
         <kind>archive</kind>
         <file>rtsv7M4_T_le_v4SPD16_eabi.lib</file>
         <name>ltoa.obj</name>
      </input_file>
      <input_file id="fl-dc">
         <path>C:\ti\ccsv7\tools\compiler\ti-cgt-arm_16.9.3.LTS\lib\</path>
         <kind>archive</kind>
         <file>rtsv7M4_T_le_v4SPD16_eabi.lib</file>
         <name>memccpy.obj</name>
      </input_file>
      <input_file id="fl-dd">
         <path>C:\ti\ccsv7\tools\compiler\ti-cgt-arm_16.9.3.LTS\lib\</path>
         <kind>archive</kind>
         <file>rtsv7M4_T_le_v4SPD16_eabi.lib</file>
         <name>s_frexp.obj</name>
      </input_file>
      <input_file id="fl-de">
         <path>C:\ti\ccsv7\tools\compiler\ti-cgt-arm_16.9.3.LTS\lib\</path>
         <kind>archive</kind>
         <file>rtsv7M4_T_le_v4SPD16_eabi.lib</file>
         <name>s_scalbn.obj</name>
      </input_file>
      <input_file id="fl-df">
         <path>C:\ti\ccsv7\tools\compiler\ti-cgt-arm_16.9.3.LTS\lib\</path>
         <kind>archive</kind>
         <file>rtsv7M4_T_le_v4SPD16_eabi.lib</file>
         <name>startup.obj</name>
      </input_file>
      <input_file id="fl-e0">
         <path>C:\ti\ccsv7\tools\compiler\ti-cgt-arm_16.9.3.LTS\lib\</path>
         <kind>archive</kind>
         <file>rtsv7M4_T_le_v4SPD16_eabi.lib</file>
         <name>strchr.obj</name>
      </input_file>
      <input_file id="fl-e1">
         <path>C:\ti\ccsv7\tools\compiler\ti-cgt-arm_16.9.3.LTS\lib\</path>
         <kind>archive</kind>
         <file>rtsv7M4_T_le_v4SPD16_eabi.lib</file>
         <name>strlen.obj</name>
      </input_file>
      <input_file id="fl-e2">
         <path>C:\ti\ccsv7\tools\compiler\ti-cgt-arm_16.9.3.LTS\lib\</path>
         <kind>archive</kind>
         <file>rtsv7M4_T_le_v4SPD16_eabi.lib</file>
         <name>ull_div_t2.obj</name>
      </input_file>
      <input_file id="fl-e3">
         <path>C:\ti\ccsv7\tools\compiler\ti-cgt-arm_16.9.3.LTS\lib\</path>
         <kind>archive</kind>
         <file>rtsv7M4_T_le_v4SPD16_eabi.lib</file>
         <name>errno.obj</name>
      </input_file>
      <input_file id="fl-e4">
         <path>C:\ti\ccsv7\tools\compiler\ti-cgt-arm_16.9.3.LTS\lib\</path>
         <kind>archive</kind>
         <file>rtsv7M4_T_le_v4SPD16_eabi.lib</file>
         <name>s_copysign.obj</name>
      </input_file>
   </input_file_list>
   <object_component_list>
      <object_component id="oc-2c">
         <name>.intvecs:retain</name>
         <load_address>0x0</load_address>
         <run_address>0x0</run_address>
         <size>0xe4</size>
         <input_file_ref idref="fl-3"/>
      </object_component>
      <object_component id="oc-128">
         <name>.text</name>
         <load_address>0xe4</load_address>
         <run_address>0xe4</run_address>
         <size>0x113e</size>
         <input_file_ref idref="fl-cf"/>
      </object_component>
      <object_component id="oc-53">
         <name>.text</name>
         <load_address>0x1222</load_address>
         <run_address>0x1222</run_address>
         <size>0x2</size>
         <input_file_ref idref="fl-ca"/>
      </object_component>
      <object_component id="oc-117">
         <name>.text</name>
         <load_address>0x1224</load_address>
         <run_address>0x1224</run_address>
         <size>0x104c</size>
         <input_file_ref idref="fl-d"/>
      </object_component>
      <object_component id="oc-be">
         <name>.text</name>
         <load_address>0x2270</load_address>
         <run_address>0x2270</run_address>
         <size>0x8a8</size>
         <input_file_ref idref="fl-b"/>
      </object_component>
      <object_component id="oc-7b">
         <name>.text</name>
         <load_address>0x2b18</load_address>
         <run_address>0x2b18</run_address>
         <size>0x5c4</size>
         <input_file_ref idref="fl-2"/>
      </object_component>
      <object_component id="oc-b7">
         <name>.text</name>
         <load_address>0x30dc</load_address>
         <run_address>0x30dc</run_address>
         <size>0x32c</size>
         <input_file_ref idref="fl-4"/>
      </object_component>
      <object_component id="oc-171">
         <name>.text</name>
         <load_address>0x3408</load_address>
         <run_address>0x3408</run_address>
         <size>0x1f4</size>
         <input_file_ref idref="fl-e2"/>
      </object_component>
      <object_component id="oc-1a0">
         <name>.text</name>
         <load_address>0x35fc</load_address>
         <run_address>0x35fc</run_address>
         <size>0x1b6</size>
         <input_file_ref idref="fl-d5"/>
      </object_component>
      <object_component id="oc-a2">
         <name>.text</name>
         <load_address>0x37b2</load_address>
         <run_address>0x37b2</run_address>
         <size>0x2</size>
         <input_file_ref idref="fl-df"/>
      </object_component>
      <object_component id="oc-111">
         <name>.text</name>
         <load_address>0x37b4</load_address>
         <run_address>0x37b4</run_address>
         <size>0x188</size>
         <input_file_ref idref="fl-c"/>
      </object_component>
      <object_component id="oc-186">
         <name>.text</name>
         <load_address>0x393c</load_address>
         <run_address>0x393c</run_address>
         <size>0x136</size>
         <input_file_ref idref="fl-d7"/>
      </object_component>
      <object_component id="oc-181">
         <name>.text</name>
         <load_address>0x3a72</load_address>
         <run_address>0x3a72</run_address>
         <size>0xfc</size>
         <input_file_ref idref="fl-d8"/>
      </object_component>
      <object_component id="oc-1ab">
         <name>.text</name>
         <load_address>0x3b70</load_address>
         <run_address>0x3b70</run_address>
         <size>0xfc</size>
         <input_file_ref idref="fl-de"/>
      </object_component>
      <object_component id="oc-3b">
         <name>.text</name>
         <load_address>0x3c6c</load_address>
         <run_address>0x3c6c</run_address>
         <size>0x9c</size>
         <input_file_ref idref="fl-c8"/>
      </object_component>
      <object_component id="oc-17c">
         <name>.text:__aeabi_cdcmple</name>
         <load_address>0x3d08</load_address>
         <run_address>0x3d08</run_address>
         <size>0x86</size>
         <input_file_ref idref="fl-d6"/>
      </object_component>
      <object_component id="oc-18b">
         <name>.text:__aeabi_cdrcmple</name>
         <load_address>0x3d8e</load_address>
         <run_address>0x3d8e</run_address>
         <size>0x86</size>
         <input_file_ref idref="fl-d6"/>
      </object_component>
      <object_component id="oc-47">
         <name>.text</name>
         <load_address>0x3e14</load_address>
         <run_address>0x3e14</run_address>
         <size>0x7a</size>
         <input_file_ref idref="fl-c9"/>
      </object_component>
      <object_component id="oc-c7">
         <name>.text</name>
         <load_address>0x3e90</load_address>
         <run_address>0x3e90</run_address>
         <size>0x78</size>
         <input_file_ref idref="fl-a"/>
      </object_component>
      <object_component id="oc-5f">
         <name>.text</name>
         <load_address>0x3f08</load_address>
         <run_address>0x3f08</run_address>
         <size>0x70</size>
         <input_file_ref idref="fl-d2"/>
      </object_component>
      <object_component id="oc-14">
         <name>.text:decompress:lzss</name>
         <load_address>0x3f78</load_address>
         <run_address>0x3f78</run_address>
         <size>0x68</size>
         <input_file_ref idref="fl-c4"/>
      </object_component>
      <object_component id="oc-1a5">
         <name>.text</name>
         <load_address>0x3fe0</load_address>
         <run_address>0x3fe0</run_address>
         <size>0x64</size>
         <input_file_ref idref="fl-dd"/>
      </object_component>
      <object_component id="oc-cd">
         <name>.text</name>
         <load_address>0x4044</load_address>
         <run_address>0x4044</run_address>
         <size>0x60</size>
         <input_file_ref idref="fl-cc"/>
      </object_component>
      <object_component id="oc-26">
         <name>.text</name>
         <load_address>0x40a4</load_address>
         <run_address>0x40a4</run_address>
         <size>0x54</size>
         <input_file_ref idref="fl-c3"/>
      </object_component>
      <object_component id="oc-6b">
         <name>.text</name>
         <load_address>0x40f8</load_address>
         <run_address>0x40f8</run_address>
         <size>0x54</size>
         <input_file_ref idref="fl-c7"/>
      </object_component>
      <object_component id="oc-195">
         <name>.text</name>
         <load_address>0x414c</load_address>
         <run_address>0x414c</run_address>
         <size>0x54</size>
         <input_file_ref idref="fl-db"/>
      </object_component>
      <object_component id="oc-1b7">
         <name>.text</name>
         <load_address>0x41a0</load_address>
         <run_address>0x41a0</run_address>
         <size>0x4c</size>
         <input_file_ref idref="fl-d1"/>
      </object_component>
      <object_component id="oc-9c">
         <name>.text</name>
         <load_address>0x41ec</load_address>
         <run_address>0x41ec</run_address>
         <size>0x4c</size>
         <input_file_ref idref="fl-d3"/>
      </object_component>
      <object_component id="oc-190">
         <name>.text</name>
         <load_address>0x4238</load_address>
         <run_address>0x4238</run_address>
         <size>0x48</size>
         <input_file_ref idref="fl-d9"/>
      </object_component>
      <object_component id="oc-19b">
         <name>.text</name>
         <load_address>0x4280</load_address>
         <run_address>0x4280</run_address>
         <size>0x2e</size>
         <input_file_ref idref="fl-da"/>
      </object_component>
      <object_component id="oc-1bd">
         <name>.text</name>
         <load_address>0x42ae</load_address>
         <run_address>0x42ae</run_address>
         <size>0x1c</size>
         <input_file_ref idref="fl-dc"/>
      </object_component>
      <object_component id="oc-65">
         <name>.text</name>
         <load_address>0x42cc</load_address>
         <run_address>0x42cc</run_address>
         <size>0x18</size>
         <input_file_ref idref="fl-d0"/>
      </object_component>
      <object_component id="oc-1b1">
         <name>.text</name>
         <load_address>0x42e4</load_address>
         <run_address>0x42e4</run_address>
         <size>0x16</size>
         <input_file_ref idref="fl-e0"/>
      </object_component>
      <object_component id="oc-101">
         <name>.text</name>
         <load_address>0x42fc</load_address>
         <run_address>0x42fc</run_address>
         <size>0x14</size>
         <input_file_ref idref="fl-ce"/>
      </object_component>
      <object_component id="oc-1f5">
         <name>.text</name>
         <load_address>0x4310</load_address>
         <run_address>0x4310</run_address>
         <size>0x14</size>
         <input_file_ref idref="fl-e4"/>
      </object_component>
      <object_component id="oc-176">
         <name>.text</name>
         <load_address>0x4324</load_address>
         <run_address>0x4324</run_address>
         <size>0x14</size>
         <input_file_ref idref="fl-e1"/>
      </object_component>
      <object_component id="oc-1a">
         <name>.text:decompress:none</name>
         <load_address>0x4338</load_address>
         <run_address>0x4338</run_address>
         <size>0xe</size>
         <input_file_ref idref="fl-c5"/>
      </object_component>
      <object_component id="oc-75">
         <name>.text</name>
         <load_address>0x4346</load_address>
         <run_address>0x4346</run_address>
         <size>0xe</size>
         <input_file_ref idref="fl-3"/>
      </object_component>
      <object_component id="oc-20">
         <name>.text:decompress:ZI</name>
         <load_address>0x4354</load_address>
         <run_address>0x4354</run_address>
         <size>0xc</size>
         <input_file_ref idref="fl-c6"/>
      </object_component>
      <object_component id="oc-59">
         <name>.text</name>
         <load_address>0x4360</load_address>
         <run_address>0x4360</run_address>
         <size>0x4</size>
         <input_file_ref idref="fl-cb"/>
      </object_component>
      <object_component id="oc-15b">
         <name>.const:font_11x16</name>
         <load_address>0x4364</load_address>
         <run_address>0x4364</run_address>
         <size>0x82a</size>
         <input_file_ref idref="fl-d"/>
      </object_component>
      <object_component id="oc-15e">
         <name>.const:font_8x12</name>
         <load_address>0x4b8e</load_address>
         <run_address>0x4b8e</run_address>
         <size>0x474</size>
         <input_file_ref idref="fl-d"/>
      </object_component>
      <object_component id="oc-158">
         <name>.const:font_5x7</name>
         <load_address>0x5002</load_address>
         <run_address>0x5002</run_address>
         <size>0x1e0</size>
         <input_file_ref idref="fl-d"/>
      </object_component>
      <object_component id="oc-202">
         <name>.const:.string:_ctypes_</name>
         <load_address>0x51e2</load_address>
         <run_address>0x51e2</run_address>
         <size>0x101</size>
         <input_file_ref idref="fl-d4"/>
      </object_component>
      <object_component id="oc-11d">
         <name>.const:.string:$P$T0$1</name>
         <load_address>0x52e3</load_address>
         <run_address>0x52e3</run_address>
         <size>0x10</size>
         <input_file_ref idref="fl-b"/>
      </object_component>
      <object_component id="oc-120">
         <name>.const:.string:$P$T1$2</name>
         <load_address>0x52f3</load_address>
         <run_address>0x52f3</run_address>
         <size>0x10</size>
         <input_file_ref idref="fl-b"/>
      </object_component>
      <object_component id="oc-24d">
         <name>.cinit..data.load</name>
         <load_address>0x5308</load_address>
         <run_address>0x5308</run_address>
         <size>0x26</size>
      </object_component>
      <object_component id="oc-24b">
         <name>__TI_handler_table</name>
         <load_address>0x5330</load_address>
         <run_address>0x5330</run_address>
         <size>0xc</size>
      </object_component>
      <object_component id="oc-24e">
         <name>.cinit..bss.load</name>
         <load_address>0x5340</load_address>
         <run_address>0x5340</run_address>
         <size>0x8</size>
      </object_component>
      <object_component id="oc-24c">
         <name>__TI_cinit_table</name>
         <load_address>0x5348</load_address>
         <run_address>0x5348</run_address>
         <size>0x10</size>
      </object_component>
      <object_component id="oc-228">
         <name>.binit</name>
         <load_address>0x0</load_address>
         <run_address>0x0</run_address>
         <size>0x0</size>
      </object_component>
      <object_component id="oc-d3">
         <name>.data</name>
         <load_address>0x20000434</load_address>
         <run_address>0x20000434</run_address>
         <size>0x3</size>
         <input_file_ref idref="fl-2"/>
      </object_component>
      <object_component id="oc-10d">
         <name>.data</name>
         <load_address>0x20000430</load_address>
         <run_address>0x20000430</run_address>
         <size>0x4</size>
         <input_file_ref idref="fl-4"/>
      </object_component>
      <object_component id="oc-c4">
         <name>.data</name>
         <load_address>0x20000410</load_address>
         <run_address>0x20000410</run_address>
         <size>0xa</size>
         <input_file_ref idref="fl-b"/>
      </object_component>
      <object_component id="oc-155">
         <name>.data</name>
         <load_address>0x20000424</load_address>
         <run_address>0x20000424</run_address>
         <size>0x4</size>
         <input_file_ref idref="fl-d"/>
      </object_component>
      <object_component id="oc-ac">
         <name>.data:$O1$$</name>
         <load_address>0x20000404</load_address>
         <run_address>0x20000404</run_address>
         <size>0xc</size>
         <input_file_ref idref="fl-c7"/>
      </object_component>
      <object_component id="oc-71">
         <name>.data</name>
         <load_address>0x2000042c</load_address>
         <run_address>0x2000042c</run_address>
         <size>0x4</size>
         <input_file_ref idref="fl-cd"/>
      </object_component>
      <object_component id="oc-af">
         <name>.data:$O1$$</name>
         <load_address>0x2000041c</load_address>
         <run_address>0x2000041c</run_address>
         <size>0x8</size>
         <input_file_ref idref="fl-ce"/>
      </object_component>
      <object_component id="oc-1fb">
         <name>.data</name>
         <load_address>0x20000428</load_address>
         <run_address>0x20000428</run_address>
         <size>0x4</size>
         <input_file_ref idref="fl-e3"/>
      </object_component>
      <object_component id="oc-161">
         <name>.bss:g_pulConvertedPalette</name>
         <uninitialized>true</uninitialized>
         <run_address>0x20000000</run_address>
         <size>0x400</size>
         <input_file_ref idref="fl-d"/>
      </object_component>
      <object_component id="oc-d6">
         <name>.common:x0</name>
         <uninitialized>true</uninitialized>
         <run_address>0x20000400</run_address>
         <size>0x2</size>
      </object_component>
      <object_component id="oc-d9">
         <name>.common:y0</name>
         <uninitialized>true</uninitialized>
         <run_address>0x20000402</run_address>
         <size>0x2</size>
      </object_component>
      <object_component id="oc-2f">
         <name>.stack</name>
         <uninitialized>true</uninitialized>
         <run_address>0x2000fe00</run_address>
         <size>0x0</size>
         <input_file_ref idref="fl-c3"/>
      </object_component>
      <object_component id="oc-24f">
         <name>.stack</name>
         <uninitialized>true</uninitialized>
         <run_address>0x2000fe00</run_address>
         <size>0x0</size>
      </object_component>
      <object_component id="oc-d7">
         <name>.debug_info</name>
         <load_address>0x0</load_address>
         <run_address>0x0</run_address>
         <size>0x82d</size>
         <input_file_ref idref="fl-2"/>
      </object_component>
      <object_component id="oc-d4">
         <name>.debug_info</name>
         <load_address>0x82d</load_address>
         <run_address>0x82d</run_address>
         <size>0x10d</size>
         <input_file_ref idref="fl-2"/>
      </object_component>
      <object_component id="oc-7c">
         <name>.debug_info</name>
         <load_address>0x93a</load_address>
         <run_address>0x93a</run_address>
         <size>0x753</size>
         <input_file_ref idref="fl-2"/>
      </object_component>
      <object_component id="oc-13e">
         <name>.debug_info</name>
         <load_address>0x108d</load_address>
         <run_address>0x108d</run_address>
         <size>0x1055</size>
         <input_file_ref idref="fl-2"/>
      </object_component>
      <object_component id="oc-139">
         <name>.debug_info</name>
         <load_address>0x20e2</load_address>
         <run_address>0x20e2</run_address>
         <size>0x37cd</size>
         <input_file_ref idref="fl-2"/>
      </object_component>
      <object_component id="oc-e0">
         <name>.debug_info</name>
         <load_address>0x58af</load_address>
         <run_address>0x58af</run_address>
         <size>0xb2</size>
         <input_file_ref idref="fl-2"/>
      </object_component>
      <object_component id="oc-36">
         <name>.debug_info</name>
         <load_address>0x5961</load_address>
         <run_address>0x5961</run_address>
         <size>0x84</size>
         <input_file_ref idref="fl-2"/>
      </object_component>
      <object_component id="oc-db">
         <name>.debug_info</name>
         <load_address>0x59e5</load_address>
         <run_address>0x59e5</run_address>
         <size>0x18b</size>
         <input_file_ref idref="fl-2"/>
      </object_component>
      <object_component id="oc-130">
         <name>.debug_info</name>
         <load_address>0x5b70</load_address>
         <run_address>0x5b70</run_address>
         <size>0x4e</size>
         <input_file_ref idref="fl-2"/>
      </object_component>
      <object_component id="oc-83">
         <name>.debug_info</name>
         <load_address>0x5bbe</load_address>
         <run_address>0x5bbe</run_address>
         <size>0x29e</size>
         <input_file_ref idref="fl-3"/>
      </object_component>
      <object_component id="oc-2d">
         <name>.debug_info</name>
         <load_address>0x5e5c</load_address>
         <run_address>0x5e5c</run_address>
         <size>0xdc</size>
         <input_file_ref idref="fl-3"/>
      </object_component>
      <object_component id="oc-76">
         <name>.debug_info</name>
         <load_address>0x5f38</load_address>
         <run_address>0x5f38</run_address>
         <size>0x1a3</size>
         <input_file_ref idref="fl-3"/>
      </object_component>
      <object_component id="oc-10e">
         <name>.debug_info</name>
         <load_address>0x60db</load_address>
         <run_address>0x60db</run_address>
         <size>0xd5</size>
         <input_file_ref idref="fl-4"/>
      </object_component>
      <object_component id="oc-b8">
         <name>.debug_info</name>
         <load_address>0x61b0</load_address>
         <run_address>0x61b0</run_address>
         <size>0x247</size>
         <input_file_ref idref="fl-4"/>
      </object_component>
      <object_component id="oc-c9">
         <name>.debug_info</name>
         <load_address>0x63f7</load_address>
         <run_address>0x63f7</run_address>
         <size>0x181</size>
         <input_file_ref idref="fl-a"/>
      </object_component>
      <object_component id="oc-124">
         <name>.debug_info</name>
         <load_address>0x6578</load_address>
         <run_address>0x6578</run_address>
         <size>0x689</size>
         <input_file_ref idref="fl-b"/>
      </object_component>
      <object_component id="oc-c5">
         <name>.debug_info</name>
         <load_address>0x6c01</load_address>
         <run_address>0x6c01</run_address>
         <size>0x19a</size>
         <input_file_ref idref="fl-b"/>
      </object_component>
      <object_component id="oc-11e">
         <name>.debug_info</name>
         <load_address>0x6d9b</load_address>
         <run_address>0x6d9b</run_address>
         <size>0xc6</size>
         <input_file_ref idref="fl-b"/>
      </object_component>
      <object_component id="oc-121">
         <name>.debug_info</name>
         <load_address>0x6e61</load_address>
         <run_address>0x6e61</run_address>
         <size>0xc6</size>
         <input_file_ref idref="fl-b"/>
      </object_component>
      <object_component id="oc-bf">
         <name>.debug_info</name>
         <load_address>0x6f27</load_address>
         <run_address>0x6f27</run_address>
         <size>0x1818</size>
         <input_file_ref idref="fl-b"/>
      </object_component>
      <object_component id="oc-16c">
         <name>.debug_info</name>
         <load_address>0x873f</load_address>
         <run_address>0x873f</run_address>
         <size>0x37cd</size>
         <input_file_ref idref="fl-b"/>
      </object_component>
      <object_component id="oc-112">
         <name>.debug_info</name>
         <load_address>0xbf0c</load_address>
         <run_address>0xbf0c</run_address>
         <size>0x28b</size>
         <input_file_ref idref="fl-c"/>
      </object_component>
      <object_component id="oc-165">
         <name>.debug_info</name>
         <load_address>0xc197</load_address>
         <run_address>0xc197</run_address>
         <size>0x1f1</size>
         <input_file_ref idref="fl-d"/>
      </object_component>
      <object_component id="oc-159">
         <name>.debug_info</name>
         <load_address>0xc388</load_address>
         <run_address>0xc388</run_address>
         <size>0xce</size>
         <input_file_ref idref="fl-d"/>
      </object_component>
      <object_component id="oc-15f">
         <name>.debug_info</name>
         <load_address>0xc456</load_address>
         <run_address>0xc456</run_address>
         <size>0xd0</size>
         <input_file_ref idref="fl-d"/>
      </object_component>
      <object_component id="oc-15c">
         <name>.debug_info</name>
         <load_address>0xc526</load_address>
         <run_address>0xc526</run_address>
         <size>0xd2</size>
         <input_file_ref idref="fl-d"/>
      </object_component>
      <object_component id="oc-156">
         <name>.debug_info</name>
         <load_address>0xc5f8</load_address>
         <run_address>0xc5f8</run_address>
         <size>0x15d</size>
         <input_file_ref idref="fl-d"/>
      </object_component>
      <object_component id="oc-162">
         <name>.debug_info</name>
         <load_address>0xc755</load_address>
         <run_address>0xc755</run_address>
         <size>0xe7</size>
         <input_file_ref idref="fl-d"/>
      </object_component>
      <object_component id="oc-118">
         <name>.debug_info</name>
         <load_address>0xc83c</load_address>
         <run_address>0xc83c</run_address>
         <size>0x1a6f</size>
         <input_file_ref idref="fl-d"/>
      </object_component>
      <object_component id="oc-28">
         <name>.debug_info</name>
         <load_address>0xe2ab</load_address>
         <run_address>0xe2ab</run_address>
         <size>0x160</size>
         <input_file_ref idref="fl-c3"/>
      </object_component>
      <object_component id="oc-89">
         <name>.debug_info</name>
         <load_address>0xe40b</load_address>
         <run_address>0xe40b</run_address>
         <size>0x293</size>
         <input_file_ref idref="fl-c4"/>
      </object_component>
      <object_component id="oc-16">
         <name>.debug_info</name>
         <load_address>0xe69e</load_address>
         <run_address>0xe69e</run_address>
         <size>0x245</size>
         <input_file_ref idref="fl-c4"/>
      </object_component>
      <object_component id="oc-31">
         <name>.debug_info</name>
         <load_address>0xe8e3</load_address>
         <run_address>0xe8e3</run_address>
         <size>0x60</size>
         <input_file_ref idref="fl-c4"/>
      </object_component>
      <object_component id="oc-84">
         <name>.debug_info</name>
         <load_address>0xe943</load_address>
         <run_address>0xe943</run_address>
         <size>0x46</size>
         <input_file_ref idref="fl-c4"/>
      </object_component>
      <object_component id="oc-46">
         <name>.debug_info</name>
         <load_address>0xe989</load_address>
         <run_address>0xe989</run_address>
         <size>0x2da</size>
         <input_file_ref idref="fl-c5"/>
      </object_component>
      <object_component id="oc-1c">
         <name>.debug_info</name>
         <load_address>0xec63</load_address>
         <run_address>0xec63</run_address>
         <size>0x1df</size>
         <input_file_ref idref="fl-c5"/>
      </object_component>
      <object_component id="oc-41">
         <name>.debug_info</name>
         <load_address>0xee42</load_address>
         <run_address>0xee42</run_address>
         <size>0x46</size>
         <input_file_ref idref="fl-c5"/>
      </object_component>
      <object_component id="oc-8b">
         <name>.debug_info</name>
         <load_address>0xee88</load_address>
         <run_address>0xee88</run_address>
         <size>0x2c</size>
         <input_file_ref idref="fl-c5"/>
      </object_component>
      <object_component id="oc-52">
         <name>.debug_info</name>
         <load_address>0xeeb4</load_address>
         <run_address>0xeeb4</run_address>
         <size>0x2c9</size>
         <input_file_ref idref="fl-c6"/>
      </object_component>
      <object_component id="oc-21">
         <name>.debug_info</name>
         <load_address>0xf17d</load_address>
         <run_address>0xf17d</run_address>
         <size>0x1aa</size>
         <input_file_ref idref="fl-c6"/>
      </object_component>
      <object_component id="oc-4d">
         <name>.debug_info</name>
         <load_address>0xf327</load_address>
         <run_address>0xf327</run_address>
         <size>0x46</size>
         <input_file_ref idref="fl-c6"/>
      </object_component>
      <object_component id="oc-93">
         <name>.debug_info</name>
         <load_address>0xf36d</load_address>
         <run_address>0xf36d</run_address>
         <size>0x2c</size>
         <input_file_ref idref="fl-c6"/>
      </object_component>
      <object_component id="oc-b3">
         <name>.debug_info</name>
         <load_address>0xf399</load_address>
         <run_address>0xf399</run_address>
         <size>0x3ce</size>
         <input_file_ref idref="fl-c7"/>
      </object_component>
      <object_component id="oc-ad">
         <name>.debug_info</name>
         <load_address>0xf767</load_address>
         <run_address>0xf767</run_address>
         <size>0x185</size>
         <input_file_ref idref="fl-c7"/>
      </object_component>
      <object_component id="oc-6c">
         <name>.debug_info</name>
         <load_address>0xf8ec</load_address>
         <run_address>0xf8ec</run_address>
         <size>0x214</size>
         <input_file_ref idref="fl-c7"/>
      </object_component>
      <object_component id="oc-3c">
         <name>.debug_info</name>
         <load_address>0xfb00</load_address>
         <run_address>0xfb00</run_address>
         <size>0x111</size>
         <input_file_ref idref="fl-c8"/>
      </object_component>
      <object_component id="oc-48">
         <name>.debug_info</name>
         <load_address>0xfc11</load_address>
         <run_address>0xfc11</run_address>
         <size>0x13f</size>
         <input_file_ref idref="fl-c9"/>
      </object_component>
      <object_component id="oc-54">
         <name>.debug_info</name>
         <load_address>0xfd50</load_address>
         <run_address>0xfd50</run_address>
         <size>0x138</size>
         <input_file_ref idref="fl-ca"/>
      </object_component>
      <object_component id="oc-5a">
         <name>.debug_info</name>
         <load_address>0xfe88</load_address>
         <run_address>0xfe88</run_address>
         <size>0x148</size>
         <input_file_ref idref="fl-cb"/>
      </object_component>
      <object_component id="oc-12f">
         <name>.debug_info</name>
         <load_address>0xffd0</load_address>
         <run_address>0xffd0</run_address>
         <size>0x355</size>
         <input_file_ref idref="fl-cc"/>
      </object_component>
      <object_component id="oc-ce">
         <name>.debug_info</name>
         <load_address>0x10325</load_address>
         <run_address>0x10325</run_address>
         <size>0x2e4</size>
         <input_file_ref idref="fl-cc"/>
      </object_component>
      <object_component id="oc-1cf">
         <name>.debug_info</name>
         <load_address>0x10609</load_address>
         <run_address>0x10609</run_address>
         <size>0x2c</size>
         <input_file_ref idref="fl-cc"/>
      </object_component>
      <object_component id="oc-72">
         <name>.debug_info</name>
         <load_address>0x10635</load_address>
         <run_address>0x10635</run_address>
         <size>0x109</size>
         <input_file_ref idref="fl-cd"/>
      </object_component>
      <object_component id="oc-109">
         <name>.debug_info</name>
         <load_address>0x1073e</load_address>
         <run_address>0x1073e</run_address>
         <size>0x2be</size>
         <input_file_ref idref="fl-ce"/>
      </object_component>
      <object_component id="oc-b0">
         <name>.debug_info</name>
         <load_address>0x109fc</load_address>
         <run_address>0x109fc</run_address>
         <size>0x113</size>
         <input_file_ref idref="fl-ce"/>
      </object_component>
      <object_component id="oc-102">
         <name>.debug_info</name>
         <load_address>0x10b0f</load_address>
         <run_address>0x10b0f</run_address>
         <size>0x21f</size>
         <input_file_ref idref="fl-ce"/>
      </object_component>
      <object_component id="oc-1c4">
         <name>.debug_info</name>
         <load_address>0x10d2e</load_address>
         <run_address>0x10d2e</run_address>
         <size>0x51f</size>
         <input_file_ref idref="fl-cf"/>
      </object_component>
      <object_component id="oc-129">
         <name>.debug_info</name>
         <load_address>0x1124d</load_address>
         <run_address>0x1124d</run_address>
         <size>0x1543</size>
         <input_file_ref idref="fl-cf"/>
      </object_component>
      <object_component id="oc-1c5">
         <name>.debug_info</name>
         <load_address>0x12790</load_address>
         <run_address>0x12790</run_address>
         <size>0x86</size>
         <input_file_ref idref="fl-cf"/>
      </object_component>
      <object_component id="oc-20b">
         <name>.debug_info</name>
         <load_address>0x12816</load_address>
         <run_address>0x12816</run_address>
         <size>0x46</size>
         <input_file_ref idref="fl-cf"/>
      </object_component>
      <object_component id="oc-1ca">
         <name>.debug_info</name>
         <load_address>0x1285c</load_address>
         <run_address>0x1285c</run_address>
         <size>0x39</size>
         <input_file_ref idref="fl-cf"/>
      </object_component>
      <object_component id="oc-ab">
         <name>.debug_info</name>
         <load_address>0x12895</load_address>
         <run_address>0x12895</run_address>
         <size>0x300</size>
         <input_file_ref idref="fl-d0"/>
      </object_component>
      <object_component id="oc-66">
         <name>.debug_info</name>
         <load_address>0x12b95</load_address>
         <run_address>0x12b95</run_address>
         <size>0x167</size>
         <input_file_ref idref="fl-d0"/>
      </object_component>
      <object_component id="oc-fa">
         <name>.debug_info</name>
         <load_address>0x12cfc</load_address>
         <run_address>0x12cfc</run_address>
         <size>0x5e</size>
         <input_file_ref idref="fl-d0"/>
      </object_component>
      <object_component id="oc-206">
         <name>.debug_info</name>
         <load_address>0x12d5a</load_address>
         <run_address>0x12d5a</run_address>
         <size>0x2ae</size>
         <input_file_ref idref="fl-d1"/>
      </object_component>
      <object_component id="oc-1b8">
         <name>.debug_info</name>
         <load_address>0x13008</load_address>
         <run_address>0x13008</run_address>
         <size>0x171</size>
         <input_file_ref idref="fl-d1"/>
      </object_component>
      <object_component id="oc-a9">
         <name>.debug_info</name>
         <load_address>0x13179</load_address>
         <run_address>0x13179</run_address>
         <size>0x483</size>
         <input_file_ref idref="fl-d2"/>
      </object_component>
      <object_component id="oc-63">
         <name>.debug_info</name>
         <load_address>0x135fc</load_address>
         <run_address>0x135fc</run_address>
         <size>0x190</size>
         <input_file_ref idref="fl-d2"/>
      </object_component>
      <object_component id="oc-ee">
         <name>.debug_info</name>
         <load_address>0x1378c</load_address>
         <run_address>0x1378c</run_address>
         <size>0x39</size>
         <input_file_ref idref="fl-d2"/>
      </object_component>
      <object_component id="oc-14a">
         <name>.debug_info</name>
         <load_address>0x137c5</load_address>
         <run_address>0x137c5</run_address>
         <size>0x39</size>
         <input_file_ref idref="fl-d2"/>
      </object_component>
      <object_component id="oc-f3">
         <name>.debug_info</name>
         <load_address>0x137fe</load_address>
         <run_address>0x137fe</run_address>
         <size>0xcd</size>
         <input_file_ref idref="fl-d2"/>
      </object_component>
      <object_component id="oc-ea">
         <name>.debug_info</name>
         <load_address>0x138cb</load_address>
         <run_address>0x138cb</run_address>
         <size>0x37a</size>
         <input_file_ref idref="fl-d3"/>
      </object_component>
      <object_component id="oc-9d">
         <name>.debug_info</name>
         <load_address>0x13c45</load_address>
         <run_address>0x13c45</run_address>
         <size>0x183</size>
         <input_file_ref idref="fl-d3"/>
      </object_component>
      <object_component id="oc-145">
         <name>.debug_info</name>
         <load_address>0x13dc8</load_address>
         <run_address>0x13dc8</run_address>
         <size>0x2c</size>
         <input_file_ref idref="fl-d3"/>
      </object_component>
      <object_component id="oc-21f">
         <name>.debug_info</name>
         <load_address>0x13df4</load_address>
         <run_address>0x13df4</run_address>
         <size>0xee</size>
         <input_file_ref idref="fl-d4"/>
      </object_component>
      <object_component id="oc-203">
         <name>.debug_info</name>
         <load_address>0x13ee2</load_address>
         <run_address>0x13ee2</run_address>
         <size>0xfa</size>
         <input_file_ref idref="fl-d4"/>
      </object_component>
      <object_component id="oc-1a3">
         <name>.debug_info</name>
         <load_address>0x13fdc</load_address>
         <run_address>0x13fdc</run_address>
         <size>0x144</size>
         <input_file_ref idref="fl-d5"/>
      </object_component>
      <object_component id="oc-17d">
         <name>.debug_info</name>
         <load_address>0x14120</load_address>
         <run_address>0x14120</run_address>
         <size>0x120</size>
         <input_file_ref idref="fl-d6"/>
      </object_component>
      <object_component id="oc-18c">
         <name>.debug_info</name>
         <load_address>0x14240</load_address>
         <run_address>0x14240</run_address>
         <size>0x122</size>
         <input_file_ref idref="fl-d6"/>
      </object_component>
      <object_component id="oc-187">
         <name>.debug_info</name>
         <load_address>0x14362</load_address>
         <run_address>0x14362</run_address>
         <size>0x132</size>
         <input_file_ref idref="fl-d7"/>
      </object_component>
      <object_component id="oc-182">
         <name>.debug_info</name>
         <load_address>0x14494</load_address>
         <run_address>0x14494</run_address>
         <size>0x132</size>
         <input_file_ref idref="fl-d8"/>
      </object_component>
      <object_component id="oc-191">
         <name>.debug_info</name>
         <load_address>0x145c6</load_address>
         <run_address>0x145c6</run_address>
         <size>0x126</size>
         <input_file_ref idref="fl-d9"/>
      </object_component>
      <object_component id="oc-19c">
         <name>.debug_info</name>
         <load_address>0x146ec</load_address>
         <run_address>0x146ec</run_address>
         <size>0x124</size>
         <input_file_ref idref="fl-da"/>
      </object_component>
      <object_component id="oc-1eb">
         <name>.debug_info</name>
         <load_address>0x14810</load_address>
         <run_address>0x14810</run_address>
         <size>0x2e6</size>
         <input_file_ref idref="fl-db"/>
      </object_component>
      <object_component id="oc-196">
         <name>.debug_info</name>
         <load_address>0x14af6</load_address>
         <run_address>0x14af6</run_address>
         <size>0x1c2</size>
         <input_file_ref idref="fl-db"/>
      </object_component>
      <object_component id="oc-208">
         <name>.debug_info</name>
         <load_address>0x14cb8</load_address>
         <run_address>0x14cb8</run_address>
         <size>0x28b</size>
         <input_file_ref idref="fl-dc"/>
      </object_component>
      <object_component id="oc-1bf">
         <name>.debug_info</name>
         <load_address>0x14f43</load_address>
         <run_address>0x14f43</run_address>
         <size>0x1ab</size>
         <input_file_ref idref="fl-dc"/>
      </object_component>
      <object_component id="oc-1ef">
         <name>.debug_info</name>
         <load_address>0x150ee</load_address>
         <run_address>0x150ee</run_address>
         <size>0x2d9</size>
         <input_file_ref idref="fl-dd"/>
      </object_component>
      <object_component id="oc-1a6">
         <name>.debug_info</name>
         <load_address>0x153c7</load_address>
         <run_address>0x153c7</run_address>
         <size>0x18a</size>
         <input_file_ref idref="fl-dd"/>
      </object_component>
      <object_component id="oc-1f0">
         <name>.debug_info</name>
         <load_address>0x15551</load_address>
         <run_address>0x15551</run_address>
         <size>0x2c</size>
         <input_file_ref idref="fl-dd"/>
      </object_component>
      <object_component id="oc-1ff">
         <name>.debug_info</name>
         <load_address>0x1557d</load_address>
         <run_address>0x1557d</run_address>
         <size>0x316</size>
         <input_file_ref idref="fl-de"/>
      </object_component>
      <object_component id="oc-1ac">
         <name>.debug_info</name>
         <load_address>0x15893</load_address>
         <run_address>0x15893</run_address>
         <size>0x1d5</size>
         <input_file_ref idref="fl-de"/>
      </object_component>
      <object_component id="oc-a3">
         <name>.debug_info</name>
         <load_address>0x15a68</load_address>
         <run_address>0x15a68</run_address>
         <size>0x145</size>
         <input_file_ref idref="fl-df"/>
      </object_component>
      <object_component id="oc-201">
         <name>.debug_info</name>
         <load_address>0x15bad</load_address>
         <run_address>0x15bad</run_address>
         <size>0x28f</size>
         <input_file_ref idref="fl-e0"/>
      </object_component>
      <object_component id="oc-1b2">
         <name>.debug_info</name>
         <load_address>0x15e3c</load_address>
         <run_address>0x15e3c</run_address>
         <size>0x244</size>
         <input_file_ref idref="fl-e0"/>
      </object_component>
      <object_component id="oc-1e4">
         <name>.debug_info</name>
         <load_address>0x16080</load_address>
         <run_address>0x16080</run_address>
         <size>0x284</size>
         <input_file_ref idref="fl-e1"/>
      </object_component>
      <object_component id="oc-177">
         <name>.debug_info</name>
         <load_address>0x16304</load_address>
         <run_address>0x16304</run_address>
         <size>0x22a</size>
         <input_file_ref idref="fl-e1"/>
      </object_component>
      <object_component id="oc-173">
         <name>.debug_info</name>
         <load_address>0x1652e</load_address>
         <run_address>0x1652e</run_address>
         <size>0x17d</size>
         <input_file_ref idref="fl-e2"/>
      </object_component>
      <object_component id="oc-1fc">
         <name>.debug_info</name>
         <load_address>0x166ab</load_address>
         <run_address>0x166ab</run_address>
         <size>0xf3</size>
         <input_file_ref idref="fl-e3"/>
      </object_component>
      <object_component id="oc-1f6">
         <name>.debug_info</name>
         <load_address>0x1679e</load_address>
         <run_address>0x1679e</run_address>
         <size>0x156</size>
         <input_file_ref idref="fl-e4"/>
      </object_component>
      <object_component id="oc-250">
         <name>.debug_info</name>
         <load_address>0x168f4</load_address>
         <run_address>0x168f4</run_address>
         <size>0x8b</size>
      </object_component>
      <object_component id="oc-138">
         <name>.debug_line</name>
         <load_address>0x0</load_address>
         <run_address>0x0</run_address>
         <size>0x90</size>
         <input_file_ref idref="fl-2"/>
      </object_component>
      <object_component id="oc-136">
         <name>.debug_line</name>
         <load_address>0x90</load_address>
         <run_address>0x90</run_address>
         <size>0x3b</size>
         <input_file_ref idref="fl-2"/>
      </object_component>
      <object_component id="oc-7f">
         <name>.debug_line</name>
         <load_address>0xcb</load_address>
         <run_address>0xcb</run_address>
         <size>0x1c3</size>
         <input_file_ref idref="fl-2"/>
      </object_component>
      <object_component id="oc-141">
         <name>.debug_line</name>
         <load_address>0x28e</load_address>
         <run_address>0x28e</run_address>
         <size>0x55</size>
         <input_file_ref idref="fl-2"/>
      </object_component>
      <object_component id="oc-13c">
         <name>.debug_line</name>
         <load_address>0x2e3</load_address>
         <run_address>0x2e3</run_address>
         <size>0x52</size>
         <input_file_ref idref="fl-2"/>
      </object_component>
      <object_component id="oc-e3">
         <name>.debug_line</name>
         <load_address>0x335</load_address>
         <run_address>0x335</run_address>
         <size>0x31</size>
         <input_file_ref idref="fl-2"/>
      </object_component>
      <object_component id="oc-39">
         <name>.debug_line</name>
         <load_address>0x366</load_address>
         <run_address>0x366</run_address>
         <size>0x20</size>
         <input_file_ref idref="fl-2"/>
      </object_component>
      <object_component id="oc-de">
         <name>.debug_line</name>
         <load_address>0x386</load_address>
         <run_address>0x386</run_address>
         <size>0x65</size>
         <input_file_ref idref="fl-2"/>
      </object_component>
      <object_component id="oc-133">
         <name>.debug_line</name>
         <load_address>0x3eb</load_address>
         <run_address>0x3eb</run_address>
         <size>0x65</size>
         <input_file_ref idref="fl-2"/>
      </object_component>
      <object_component id="oc-e6">
         <name>.debug_line</name>
         <load_address>0x450</load_address>
         <run_address>0x450</run_address>
         <size>0x40</size>
         <input_file_ref idref="fl-3"/>
      </object_component>
      <object_component id="oc-82">
         <name>.debug_line</name>
         <load_address>0x490</load_address>
         <run_address>0x490</run_address>
         <size>0x40</size>
         <input_file_ref idref="fl-3"/>
      </object_component>
      <object_component id="oc-79">
         <name>.debug_line</name>
         <load_address>0x4d0</load_address>
         <run_address>0x4d0</run_address>
         <size>0x71</size>
         <input_file_ref idref="fl-3"/>
      </object_component>
      <object_component id="oc-153">
         <name>.debug_line</name>
         <load_address>0x541</load_address>
         <run_address>0x541</run_address>
         <size>0x3b</size>
         <input_file_ref idref="fl-4"/>
      </object_component>
      <object_component id="oc-bb">
         <name>.debug_line</name>
         <load_address>0x57c</load_address>
         <run_address>0x57c</run_address>
         <size>0x146</size>
         <input_file_ref idref="fl-4"/>
      </object_component>
      <object_component id="oc-c8">
         <name>.debug_line</name>
         <load_address>0x6c2</load_address>
         <run_address>0x6c2</run_address>
         <size>0x75</size>
         <input_file_ref idref="fl-a"/>
      </object_component>
      <object_component id="oc-16b">
         <name>.debug_line</name>
         <load_address>0x737</load_address>
         <run_address>0x737</run_address>
         <size>0x41</size>
         <input_file_ref idref="fl-b"/>
      </object_component>
      <object_component id="oc-126">
         <name>.debug_line</name>
         <load_address>0x778</load_address>
         <run_address>0x778</run_address>
         <size>0x2c</size>
         <input_file_ref idref="fl-b"/>
      </object_component>
      <object_component id="oc-167">
         <name>.debug_line</name>
         <load_address>0x7a4</load_address>
         <run_address>0x7a4</run_address>
         <size>0x2c</size>
         <input_file_ref idref="fl-b"/>
      </object_component>
      <object_component id="oc-169">
         <name>.debug_line</name>
         <load_address>0x7d0</load_address>
         <run_address>0x7d0</run_address>
         <size>0x2c</size>
         <input_file_ref idref="fl-b"/>
      </object_component>
      <object_component id="oc-c2">
         <name>.debug_line</name>
         <load_address>0x7fc</load_address>
         <run_address>0x7fc</run_address>
         <size>0x3fd</size>
         <input_file_ref idref="fl-b"/>
      </object_component>
      <object_component id="oc-16f">
         <name>.debug_line</name>
         <load_address>0xbf9</load_address>
         <run_address>0xbf9</run_address>
         <size>0x52</size>
         <input_file_ref idref="fl-b"/>
      </object_component>
      <object_component id="oc-115">
         <name>.debug_line</name>
         <load_address>0xc4b</load_address>
         <run_address>0xc4b</run_address>
         <size>0xb5</size>
         <input_file_ref idref="fl-c"/>
      </object_component>
      <object_component id="oc-1e1">
         <name>.debug_line</name>
         <load_address>0xd00</load_address>
         <run_address>0xd00</run_address>
         <size>0x41</size>
         <input_file_ref idref="fl-d"/>
      </object_component>
      <object_component id="oc-1d9">
         <name>.debug_line</name>
         <load_address>0xd41</load_address>
         <run_address>0xd41</run_address>
         <size>0x2e</size>
         <input_file_ref idref="fl-d"/>
      </object_component>
      <object_component id="oc-1dd">
         <name>.debug_line</name>
         <load_address>0xd6f</load_address>
         <run_address>0xd6f</run_address>
         <size>0x2e</size>
         <input_file_ref idref="fl-d"/>
      </object_component>
      <object_component id="oc-1db">
         <name>.debug_line</name>
         <load_address>0xd9d</load_address>
         <run_address>0xd9d</run_address>
         <size>0x2e</size>
         <input_file_ref idref="fl-d"/>
      </object_component>
      <object_component id="oc-1d7">
         <name>.debug_line</name>
         <load_address>0xdcb</load_address>
         <run_address>0xdcb</run_address>
         <size>0x31</size>
         <input_file_ref idref="fl-d"/>
      </object_component>
      <object_component id="oc-1df">
         <name>.debug_line</name>
         <load_address>0xdfc</load_address>
         <run_address>0xdfc</run_address>
         <size>0x31</size>
         <input_file_ref idref="fl-d"/>
      </object_component>
      <object_component id="oc-11c">
         <name>.debug_line</name>
         <load_address>0xe2d</load_address>
         <run_address>0xe2d</run_address>
         <size>0x629</size>
         <input_file_ref idref="fl-d"/>
      </object_component>
      <object_component id="oc-2a">
         <name>.debug_line</name>
         <load_address>0x1456</load_address>
         <run_address>0x1456</run_address>
         <size>0x53</size>
         <input_file_ref idref="fl-c3"/>
      </object_component>
      <object_component id="oc-e8">
         <name>.debug_line</name>
         <load_address>0x14a9</load_address>
         <run_address>0x14a9</run_address>
         <size>0x20</size>
         <input_file_ref idref="fl-c4"/>
      </object_component>
      <object_component id="oc-19">
         <name>.debug_line</name>
         <load_address>0x14c9</load_address>
         <run_address>0x14c9</run_address>
         <size>0xa9</size>
         <input_file_ref idref="fl-c4"/>
      </object_component>
      <object_component id="oc-34">
         <name>.debug_line</name>
         <load_address>0x1572</load_address>
         <run_address>0x1572</run_address>
         <size>0x3a</size>
         <input_file_ref idref="fl-c4"/>
      </object_component>
      <object_component id="oc-87">
         <name>.debug_line</name>
         <load_address>0x15ac</load_address>
         <run_address>0x15ac</run_address>
         <size>0x8a</size>
         <input_file_ref idref="fl-c4"/>
      </object_component>
      <object_component id="oc-91">
         <name>.debug_line</name>
         <load_address>0x1636</load_address>
         <run_address>0x1636</run_address>
         <size>0x8a</size>
         <input_file_ref idref="fl-c5"/>
      </object_component>
      <object_component id="oc-1e">
         <name>.debug_line</name>
         <load_address>0x16c0</load_address>
         <run_address>0x16c0</run_address>
         <size>0x55</size>
         <input_file_ref idref="fl-c5"/>
      </object_component>
      <object_component id="oc-44">
         <name>.debug_line</name>
         <load_address>0x1715</load_address>
         <run_address>0x1715</run_address>
         <size>0x3a</size>
         <input_file_ref idref="fl-c5"/>
      </object_component>
      <object_component id="oc-8e">
         <name>.debug_line</name>
         <load_address>0x174f</load_address>
         <run_address>0x174f</run_address>
         <size>0x8a</size>
         <input_file_ref idref="fl-c5"/>
      </object_component>
      <object_component id="oc-99">
         <name>.debug_line</name>
         <load_address>0x17d9</load_address>
         <run_address>0x17d9</run_address>
         <size>0x8a</size>
         <input_file_ref idref="fl-c6"/>
      </object_component>
      <object_component id="oc-24">
         <name>.debug_line</name>
         <load_address>0x1863</load_address>
         <run_address>0x1863</run_address>
         <size>0x4f</size>
         <input_file_ref idref="fl-c6"/>
      </object_component>
      <object_component id="oc-50">
         <name>.debug_line</name>
         <load_address>0x18b2</load_address>
         <run_address>0x18b2</run_address>
         <size>0x34</size>
         <input_file_ref idref="fl-c6"/>
      </object_component>
      <object_component id="oc-96">
         <name>.debug_line</name>
         <load_address>0x18e6</load_address>
         <run_address>0x18e6</run_address>
         <size>0x8a</size>
         <input_file_ref idref="fl-c6"/>
      </object_component>
      <object_component id="oc-10c">
         <name>.debug_line</name>
         <load_address>0x1970</load_address>
         <run_address>0x1970</run_address>
         <size>0xf2</size>
         <input_file_ref idref="fl-c7"/>
      </object_component>
      <object_component id="oc-100">
         <name>.debug_line</name>
         <load_address>0x1a62</load_address>
         <run_address>0x1a62</run_address>
         <size>0x2a</size>
         <input_file_ref idref="fl-c7"/>
      </object_component>
      <object_component id="oc-6f">
         <name>.debug_line</name>
         <load_address>0x1a8c</load_address>
         <run_address>0x1a8c</run_address>
         <size>0x86</size>
         <input_file_ref idref="fl-c7"/>
      </object_component>
      <object_component id="oc-3f">
         <name>.debug_line</name>
         <load_address>0x1b12</load_address>
         <run_address>0x1b12</run_address>
         <size>0x88</size>
         <input_file_ref idref="fl-c8"/>
      </object_component>
      <object_component id="oc-4b">
         <name>.debug_line</name>
         <load_address>0x1b9a</load_address>
         <run_address>0x1b9a</run_address>
         <size>0x79</size>
         <input_file_ref idref="fl-c9"/>
      </object_component>
      <object_component id="oc-57">
         <name>.debug_line</name>
         <load_address>0x1c13</load_address>
         <run_address>0x1c13</run_address>
         <size>0x3d</size>
         <input_file_ref idref="fl-ca"/>
      </object_component>
      <object_component id="oc-5d">
         <name>.debug_line</name>
         <load_address>0x1c50</load_address>
         <run_address>0x1c50</run_address>
         <size>0x40</size>
         <input_file_ref idref="fl-cb"/>
      </object_component>
      <object_component id="oc-1d5">
         <name>.debug_line</name>
         <load_address>0x1c90</load_address>
         <run_address>0x1c90</run_address>
         <size>0x97</size>
         <input_file_ref idref="fl-cc"/>
      </object_component>
      <object_component id="oc-d1">
         <name>.debug_line</name>
         <load_address>0x1d27</load_address>
         <run_address>0x1d27</run_address>
         <size>0x83</size>
         <input_file_ref idref="fl-cc"/>
      </object_component>
      <object_component id="oc-1d2">
         <name>.debug_line</name>
         <load_address>0x1daa</load_address>
         <run_address>0x1daa</run_address>
         <size>0x89</size>
         <input_file_ref idref="fl-cc"/>
      </object_component>
      <object_component id="oc-b6">
         <name>.debug_line</name>
         <load_address>0x1e33</load_address>
         <run_address>0x1e33</run_address>
         <size>0x33</size>
         <input_file_ref idref="fl-cd"/>
      </object_component>
      <object_component id="oc-151">
         <name>.debug_line</name>
         <load_address>0x1e66</load_address>
         <run_address>0x1e66</run_address>
         <size>0x20</size>
         <input_file_ref idref="fl-ce"/>
      </object_component>
      <object_component id="oc-108">
         <name>.debug_line</name>
         <load_address>0x1e86</load_address>
         <run_address>0x1e86</run_address>
         <size>0x2b</size>
         <input_file_ref idref="fl-ce"/>
      </object_component>
      <object_component id="oc-105">
         <name>.debug_line</name>
         <load_address>0x1eb1</load_address>
         <run_address>0x1eb1</run_address>
         <size>0x68</size>
         <input_file_ref idref="fl-ce"/>
      </object_component>
      <object_component id="oc-20a">
         <name>.debug_line</name>
         <load_address>0x1f19</load_address>
         <run_address>0x1f19</run_address>
         <size>0x16a</size>
         <input_file_ref idref="fl-cf"/>
      </object_component>
      <object_component id="oc-12c">
         <name>.debug_line</name>
         <load_address>0x2083</load_address>
         <run_address>0x2083</run_address>
         <size>0xc44</size>
         <input_file_ref idref="fl-cf"/>
      </object_component>
      <object_component id="oc-1c8">
         <name>.debug_line</name>
         <load_address>0x2cc7</load_address>
         <run_address>0x2cc7</run_address>
         <size>0x8a</size>
         <input_file_ref idref="fl-cf"/>
      </object_component>
      <object_component id="oc-20e">
         <name>.debug_line</name>
         <load_address>0x2d51</load_address>
         <run_address>0x2d51</run_address>
         <size>0x8a</size>
         <input_file_ref idref="fl-cf"/>
      </object_component>
      <object_component id="oc-1cd">
         <name>.debug_line</name>
         <load_address>0x2ddb</load_address>
         <run_address>0x2ddb</run_address>
         <size>0x2e</size>
         <input_file_ref idref="fl-cf"/>
      </object_component>
      <object_component id="oc-f9">
         <name>.debug_line</name>
         <load_address>0x2e09</load_address>
         <run_address>0x2e09</run_address>
         <size>0x2b</size>
         <input_file_ref idref="fl-d0"/>
      </object_component>
      <object_component id="oc-69">
         <name>.debug_line</name>
         <load_address>0x2e34</load_address>
         <run_address>0x2e34</run_address>
         <size>0x4a</size>
         <input_file_ref idref="fl-d0"/>
      </object_component>
      <object_component id="oc-fd">
         <name>.debug_line</name>
         <load_address>0x2e7e</load_address>
         <run_address>0x2e7e</run_address>
         <size>0x2b</size>
         <input_file_ref idref="fl-d0"/>
      </object_component>
      <object_component id="oc-221">
         <name>.debug_line</name>
         <load_address>0x2ea9</load_address>
         <run_address>0x2ea9</run_address>
         <size>0x89</size>
         <input_file_ref idref="fl-d1"/>
      </object_component>
      <object_component id="oc-1bb">
         <name>.debug_line</name>
         <load_address>0x2f32</load_address>
         <run_address>0x2f32</run_address>
         <size>0x63</size>
         <input_file_ref idref="fl-d1"/>
      </object_component>
      <object_component id="oc-ed">
         <name>.debug_line</name>
         <load_address>0x2f95</load_address>
         <run_address>0x2f95</run_address>
         <size>0xa9</size>
         <input_file_ref idref="fl-d2"/>
      </object_component>
      <object_component id="oc-62">
         <name>.debug_line</name>
         <load_address>0x303e</load_address>
         <run_address>0x303e</run_address>
         <size>0x8b</size>
         <input_file_ref idref="fl-d2"/>
      </object_component>
      <object_component id="oc-f1">
         <name>.debug_line</name>
         <load_address>0x30c9</load_address>
         <run_address>0x30c9</run_address>
         <size>0x2e</size>
         <input_file_ref idref="fl-d2"/>
      </object_component>
      <object_component id="oc-14d">
         <name>.debug_line</name>
         <load_address>0x30f7</load_address>
         <run_address>0x30f7</run_address>
         <size>0x8a</size>
         <input_file_ref idref="fl-d2"/>
      </object_component>
      <object_component id="oc-f6">
         <name>.debug_line</name>
         <load_address>0x3181</load_address>
         <run_address>0x3181</run_address>
         <size>0x8b</size>
         <input_file_ref idref="fl-d2"/>
      </object_component>
      <object_component id="oc-144">
         <name>.debug_line</name>
         <load_address>0x320c</load_address>
         <run_address>0x320c</run_address>
         <size>0x98</size>
         <input_file_ref idref="fl-d3"/>
      </object_component>
      <object_component id="oc-a0">
         <name>.debug_line</name>
         <load_address>0x32a4</load_address>
         <run_address>0x32a4</run_address>
         <size>0x68</size>
         <input_file_ref idref="fl-d3"/>
      </object_component>
      <object_component id="oc-148">
         <name>.debug_line</name>
         <load_address>0x330c</load_address>
         <run_address>0x330c</run_address>
         <size>0x2e</size>
         <input_file_ref idref="fl-d3"/>
      </object_component>
      <object_component id="oc-225">
         <name>.debug_line</name>
         <load_address>0x333a</load_address>
         <run_address>0x333a</run_address>
         <size>0x20</size>
         <input_file_ref idref="fl-d4"/>
      </object_component>
      <object_component id="oc-21e">
         <name>.debug_line</name>
         <load_address>0x335a</load_address>
         <run_address>0x335a</run_address>
         <size>0x2b</size>
         <input_file_ref idref="fl-d4"/>
      </object_component>
      <object_component id="oc-1a2">
         <name>.debug_line</name>
         <load_address>0x3385</load_address>
         <run_address>0x3385</run_address>
         <size>0xd2</size>
         <input_file_ref idref="fl-d5"/>
      </object_component>
      <object_component id="oc-180">
         <name>.debug_line</name>
         <load_address>0x3457</load_address>
         <run_address>0x3457</run_address>
         <size>0x77</size>
         <input_file_ref idref="fl-d6"/>
      </object_component>
      <object_component id="oc-18f">
         <name>.debug_line</name>
         <load_address>0x34ce</load_address>
         <run_address>0x34ce</run_address>
         <size>0x77</size>
         <input_file_ref idref="fl-d6"/>
      </object_component>
      <object_component id="oc-18a">
         <name>.debug_line</name>
         <load_address>0x3545</load_address>
         <run_address>0x3545</run_address>
         <size>0xa8</size>
         <input_file_ref idref="fl-d7"/>
      </object_component>
      <object_component id="oc-185">
         <name>.debug_line</name>
         <load_address>0x35ed</load_address>
         <run_address>0x35ed</run_address>
         <size>0x8e</size>
         <input_file_ref idref="fl-d8"/>
      </object_component>
      <object_component id="oc-194">
         <name>.debug_line</name>
         <load_address>0x367b</load_address>
         <run_address>0x367b</run_address>
         <size>0x5a</size>
         <input_file_ref idref="fl-d9"/>
      </object_component>
      <object_component id="oc-19f">
         <name>.debug_line</name>
         <load_address>0x36d5</load_address>
         <run_address>0x36d5</run_address>
         <size>0x50</size>
         <input_file_ref idref="fl-da"/>
      </object_component>
      <object_component id="oc-213">
         <name>.debug_line</name>
         <load_address>0x3725</load_address>
         <run_address>0x3725</run_address>
         <size>0x8a</size>
         <input_file_ref idref="fl-db"/>
      </object_component>
      <object_component id="oc-199">
         <name>.debug_line</name>
         <load_address>0x37af</load_address>
         <run_address>0x37af</run_address>
         <size>0x66</size>
         <input_file_ref idref="fl-db"/>
      </object_component>
      <object_component id="oc-223">
         <name>.debug_line</name>
         <load_address>0x3815</load_address>
         <run_address>0x3815</run_address>
         <size>0x20</size>
         <input_file_ref idref="fl-dc"/>
      </object_component>
      <object_component id="oc-1be">
         <name>.debug_line</name>
         <load_address>0x3835</load_address>
         <run_address>0x3835</run_address>
         <size>0x48</size>
         <input_file_ref idref="fl-dc"/>
      </object_component>
      <object_component id="oc-215">
         <name>.debug_line</name>
         <load_address>0x387d</load_address>
         <run_address>0x387d</run_address>
         <size>0x20</size>
         <input_file_ref idref="fl-dd"/>
      </object_component>
      <object_component id="oc-1a9">
         <name>.debug_line</name>
         <load_address>0x389d</load_address>
         <run_address>0x389d</run_address>
         <size>0x5e</size>
         <input_file_ref idref="fl-dd"/>
      </object_component>
      <object_component id="oc-1f3">
         <name>.debug_line</name>
         <load_address>0x38fb</load_address>
         <run_address>0x38fb</run_address>
         <size>0x8a</size>
         <input_file_ref idref="fl-dd"/>
      </object_component>
      <object_component id="oc-21a">
         <name>.debug_line</name>
         <load_address>0x3985</load_address>
         <run_address>0x3985</run_address>
         <size>0x93</size>
         <input_file_ref idref="fl-de"/>
      </object_component>
      <object_component id="oc-1af">
         <name>.debug_line</name>
         <load_address>0x3a18</load_address>
         <run_address>0x3a18</run_address>
         <size>0xa1</size>
         <input_file_ref idref="fl-de"/>
      </object_component>
      <object_component id="oc-a6">
         <name>.debug_line</name>
         <load_address>0x3ab9</load_address>
         <run_address>0x3ab9</run_address>
         <size>0x3c</size>
         <input_file_ref idref="fl-df"/>
      </object_component>
      <object_component id="oc-21c">
         <name>.debug_line</name>
         <load_address>0x3af5</load_address>
         <run_address>0x3af5</run_address>
         <size>0x20</size>
         <input_file_ref idref="fl-e0"/>
      </object_component>
      <object_component id="oc-1b5">
         <name>.debug_line</name>
         <load_address>0x3b15</load_address>
         <run_address>0x3b15</run_address>
         <size>0xa8</size>
         <input_file_ref idref="fl-e0"/>
      </object_component>
      <object_component id="oc-211">
         <name>.debug_line</name>
         <load_address>0x3bbd</load_address>
         <run_address>0x3bbd</run_address>
         <size>0x20</size>
         <input_file_ref idref="fl-e1"/>
      </object_component>
      <object_component id="oc-17a">
         <name>.debug_line</name>
         <load_address>0x3bdd</load_address>
         <run_address>0x3bdd</run_address>
         <size>0xaa</size>
         <input_file_ref idref="fl-e1"/>
      </object_component>
      <object_component id="oc-172">
         <name>.debug_line</name>
         <load_address>0x3c87</load_address>
         <run_address>0x3c87</run_address>
         <size>0x118</size>
         <input_file_ref idref="fl-e2"/>
      </object_component>
      <object_component id="oc-218">
         <name>.debug_line</name>
         <load_address>0x3d9f</load_address>
         <run_address>0x3d9f</run_address>
         <size>0x2b</size>
         <input_file_ref idref="fl-e3"/>
      </object_component>
      <object_component id="oc-1f9">
         <name>.debug_line</name>
         <load_address>0x3dca</load_address>
         <run_address>0x3dca</run_address>
         <size>0x45</size>
         <input_file_ref idref="fl-e4"/>
      </object_component>
      <object_component id="oc-80">
         <name>.debug_frame</name>
         <load_address>0x0</load_address>
         <run_address>0x0</run_address>
         <size>0x123</size>
         <input_file_ref idref="fl-2"/>
      </object_component>
      <object_component id="oc-7a">
         <name>.debug_frame</name>
         <load_address>0x123</load_address>
         <run_address>0x123</run_address>
         <size>0x69</size>
         <input_file_ref idref="fl-3"/>
      </object_component>
      <object_component id="oc-bc">
         <name>.debug_frame</name>
         <load_address>0x18c</load_address>
         <run_address>0x18c</run_address>
         <size>0x6a</size>
         <input_file_ref idref="fl-4"/>
      </object_component>
      <object_component id="oc-cc">
         <name>.debug_frame</name>
         <load_address>0x1f6</load_address>
         <run_address>0x1f6</run_address>
         <size>0x62</size>
         <input_file_ref idref="fl-a"/>
      </object_component>
      <object_component id="oc-c3">
         <name>.debug_frame</name>
         <load_address>0x258</load_address>
         <run_address>0x258</run_address>
         <size>0x285</size>
         <input_file_ref idref="fl-b"/>
      </object_component>
      <object_component id="oc-116">
         <name>.debug_frame</name>
         <load_address>0x4dd</load_address>
         <run_address>0x4dd</run_address>
         <size>0x9e</size>
         <input_file_ref idref="fl-c"/>
      </object_component>
      <object_component id="oc-11b">
         <name>.debug_frame</name>
         <load_address>0x57b</load_address>
         <run_address>0x57b</run_address>
         <size>0x2d4</size>
         <input_file_ref idref="fl-d"/>
      </object_component>
      <object_component id="oc-15">
         <name>.debug_frame</name>
         <load_address>0x84f</load_address>
         <run_address>0x84f</run_address>
         <size>0x60</size>
         <input_file_ref idref="fl-c4"/>
      </object_component>
      <object_component id="oc-1f">
         <name>.debug_frame</name>
         <load_address>0x8af</load_address>
         <run_address>0x8af</run_address>
         <size>0x51</size>
         <input_file_ref idref="fl-c5"/>
      </object_component>
      <object_component id="oc-25">
         <name>.debug_frame</name>
         <load_address>0x900</load_address>
         <run_address>0x900</run_address>
         <size>0x51</size>
         <input_file_ref idref="fl-c6"/>
      </object_component>
      <object_component id="oc-70">
         <name>.debug_frame</name>
         <load_address>0x951</load_address>
         <run_address>0x951</run_address>
         <size>0x85</size>
         <input_file_ref idref="fl-c7"/>
      </object_component>
      <object_component id="oc-58">
         <name>.debug_frame</name>
         <load_address>0x9d6</load_address>
         <run_address>0x9d6</run_address>
         <size>0x51</size>
         <input_file_ref idref="fl-ca"/>
      </object_component>
      <object_component id="oc-5e">
         <name>.debug_frame</name>
         <load_address>0xa27</load_address>
         <run_address>0xa27</run_address>
         <size>0x51</size>
         <input_file_ref idref="fl-cb"/>
      </object_component>
      <object_component id="oc-d2">
[...]
      </symbol>
      <symbol id="sm-2b1">
         <name>drawPixel</name>
         <value>0x1377</value>
         <object_component_ref idref="oc-117"/>
      </symbol>
      <symbol id="sm-2b2">
         <name>drawImageMono</name>
         <value>0x1b23</value>
         <object_component_ref idref="oc-117"/>
      </symbol>
      <symbol id="sm-2b3">
         <name>setColor</name>
         <value>0x1225</value>
         <object_component_ref idref="oc-117"/>
      </symbol>
      <symbol id="sm-2b4">
         <name>bgColorHighByte</name>
         <value>0x20000427</value>
         <object_component_ref idref="oc-155"/>
      </symbol>
      <symbol id="sm-2b5">
         <name>drawCircle</name>
         <value>0x1edb</value>
         <object_component_ref idref="oc-117"/>
      </symbol>
      <symbol id="sm-2b6">
         <name>drawImageLut</name>
         <value>0x1a15</value>
         <object_component_ref idref="oc-117"/>
      </symbol>
      <symbol id="sm-2b7">
         <name>drawImage</name>
         <value>0x19fd</value>
         <object_component_ref idref="oc-117"/>
      </symbol>
      <symbol id="sm-2b8">
         <name>font_11x16</name>
         <value>0x4364</value>
         <object_component_ref idref="oc-15b"/>
      </symbol>
      <symbol id="sm-2b9">
         <name>drawLine</name>
         <value>0x1c81</value>
         <object_component_ref idref="oc-117"/>
      </symbol>
      <symbol id="sm-2ba">
         <name>font_8x12</name>
         <value>0x4b8e</value>
         <object_component_ref idref="oc-15e"/>
      </symbol>
      <symbol id="sm-2bb">
         <name>drawCharMd</name>
         <value>0x17ed</value>
         <object_component_ref idref="oc-117"/>
      </symbol>
      <symbol id="sm-2bc">
         <name>drawCharSmBkg</name>
         <value>0x1587</value>
         <object_component_ref idref="oc-117"/>
      </symbol>
      <symbol id="sm-2bd">
         <name>drawCharLg</name>
         <value>0x1661</value>
         <object_component_ref idref="oc-117"/>
      </symbol>
      <symbol id="sm-2be">
         <name>drawCharSm</name>
         <value>0x14e1</value>
         <object_component_ref idref="oc-117"/>
      </symbol>
      <symbol id="sm-2bf">
         <name>drawLogicLine</name>
         <value>0x1b41</value>
         <object_component_ref idref="oc-117"/>
      </symbol>
      <symbol id="sm-2c0">
         <name>setBackgroundColor</name>
         <value>0x1243</value>
         <object_component_ref idref="oc-117"/>
      </symbol>
      <symbol id="sm-2c1">
         <name>clearScreenBkg</name>
         <value>0x12ef</value>
         <object_component_ref idref="oc-117"/>
      </symbol>
      <symbol id="sm-2c2">
         <name>fillCircle</name>
         <value>0x20f9</value>
         <object_component_ref idref="oc-117"/>
      </symbol>
      <symbol id="sm-2c3">
         <name>fillRect</name>
         <value>0x205b</value>
         <object_component_ref idref="oc-117"/>
      </symbol>
      <symbol id="sm-2c4">
         <name>drawString</name>
         <value>0x13a7</value>
         <object_component_ref idref="oc-117"/>
      </symbol>
      <symbol id="sm-2c5">
         <name>clearScreen</name>
         <value>0x1261</value>
         <object_component_ref idref="oc-117"/>
      </symbol>
      <symbol id="sm-2c6">
         <name>colorLowByte</name>
         <value>0x20000424</value>
         <object_component_ref idref="oc-155"/>
      </symbol>
      <symbol id="sm-2c7">
         <name>drawCharMdBkg</name>
         <value>0x189b</value>
         <object_component_ref idref="oc-117"/>
      </symbol>
      <symbol id="sm-2c8">
         <name>font_5x7</name>
         <value>0x5002</value>
         <object_component_ref idref="oc-158"/>
      </symbol>
      <symbol id="sm-2c9">
         <name>drawRect</name>
         <value>0x1e77</value>
         <object_component_ref idref="oc-117"/>
      </symbol>
      <symbol id="sm-2ca">
         <name>colorHighByte</name>
         <value>0x20000425</value>
         <object_component_ref idref="oc-155"/>
      </symbol>
      <symbol id="sm-2cb">
         <name>bgColorLowByte</name>
         <value>0x20000426</value>
         <object_component_ref idref="oc-155"/>
      </symbol>
      <symbol id="sm-2dc">
         <name>_c_int00</name>
         <value>0x40a5</value>
         <object_component_ref idref="oc-26"/>
      </symbol>
      <symbol id="sm-2dd">
         <name>__stack</name>
         <value>0x2000fe00</value>
         <object_component_ref idref="oc-2f"/>
      </symbol>
      <symbol id="sm-2fb">
         <name>__TI_decompress_lzss</name>
         <value>0x3f79</value>
         <object_component_ref idref="oc-14"/>
      </symbol>
      <symbol id="sm-312">
         <name>__TI_decompress_none</name>
         <value>0x4339</value>
         <object_component_ref idref="oc-1a"/>
      </symbol>
      <symbol id="sm-329">
         <name>__TI_zero_init</name>
         <value>0x4355</value>
         <object_component_ref idref="oc-20"/>
      </symbol>
      <symbol id="sm-34a">
         <name>C$$EXIT</name>
         <value>0x40f9</value>
         <object_component_ref idref="oc-6b"/>
      </symbol>
      <symbol id="sm-34b">
         <name>abort</name>
         <value>0x40fd</value>
         <object_component_ref idref="oc-6b"/>
      </symbol>
      <symbol id="sm-34c">
         <name>exit</name>
         <value>0x4105</value>
         <object_component_ref idref="oc-6b"/>
      </symbol>
      <symbol id="sm-34d">
         <name>__TI_dtors_ptr</name>
         <value>0x20000408</value>
         <object_component_ref idref="oc-ac"/>
      </symbol>
      <symbol id="sm-34e">
         <name>__TI_cleanup_ptr</name>
         <value>0x20000404</value>
         <object_component_ref idref="oc-ac"/>
      </symbol>
      <symbol id="sm-34f">
         <name>__TI_enable_exit_profile_output</name>
         <value>0x2000040c</value>
         <object_component_ref idref="oc-ac"/>
      </symbol>
      <symbol id="sm-36a">
         <name>memcpy</name>
         <value>0x3c6d</value>
         <object_component_ref idref="oc-3b"/>
      </symbol>
      <symbol id="sm-36b">
         <name>__aeabi_memcpy</name>
         <value>0x3c6d</value>
         <object_component_ref idref="oc-3b"/>
      </symbol>
      <symbol id="sm-36c">
         <name>__aeabi_memcpy8</name>
         <value>0x3c6d</value>
         <object_component_ref idref="oc-3b"/>
      </symbol>
      <symbol id="sm-36d">
         <name>__aeabi_memcpy4</name>
         <value>0x3c6d</value>
         <object_component_ref idref="oc-3b"/>
      </symbol>
      <symbol id="sm-37c">
         <name>__aeabi_memset</name>
         <value>0x3e17</value>
         <object_component_ref idref="oc-47"/>
      </symbol>
      <symbol id="sm-37d">
         <name>memset</name>
         <value>0x3e1d</value>
         <object_component_ref idref="oc-47"/>
      </symbol>
      <symbol id="sm-37e">
         <name>__aeabi_memset8</name>
         <value>0x3e17</value>
         <object_component_ref idref="oc-47"/>
      </symbol>
      <symbol id="sm-37f">
         <name>__aeabi_memset4</name>
         <value>0x3e17</value>
         <object_component_ref idref="oc-47"/>
      </symbol>
      <symbol id="sm-380">
         <name>__aeabi_memclr8</name>
         <value>0x3e15</value>
         <object_component_ref idref="oc-47"/>
      </symbol>
      <symbol id="sm-381">
         <name>__aeabi_memclr4</name>
         <value>0x3e15</value>
         <object_component_ref idref="oc-47"/>
      </symbol>
      <symbol id="sm-382">
         <name>__aeabi_memclr</name>
         <value>0x3e15</value>
         <object_component_ref idref="oc-47"/>
      </symbol>
      <symbol id="sm-38c">
         <name>__mpu_init</name>
         <value>0x1223</value>
         <object_component_ref idref="oc-53"/>
      </symbol>
      <symbol id="sm-396">
         <name>_system_pre_init</name>
         <value>0x4361</value>
         <object_component_ref idref="oc-59"/>
      </symbol>
      <symbol id="sm-3af">
         <name>sprintf</name>
         <value>0x4045</value>
         <object_component_ref idref="oc-cd"/>
      </symbol>
      <symbol id="sm-3b7">
         <name>main_func_sp</name>
         <value>0x2000042c</value>
         <object_component_ref idref="oc-71"/>
      </symbol>
      <symbol id="sm-3d0">
         <name>_nop</name>
         <value>0x430b</value>
         <object_component_ref idref="oc-101"/>
      </symbol>
      <symbol id="sm-3d1">
         <name>_lock</name>
         <value>0x2000041c</value>
         <object_component_ref idref="oc-af"/>
      </symbol>
      <symbol id="sm-3d2">
         <name>_unlock</name>
         <value>0x20000420</value>
         <object_component_ref idref="oc-af"/>
      </symbol>
      <symbol id="sm-3d3">
         <name>_register_lock</name>
         <value>0x4303</value>
         <object_component_ref idref="oc-101"/>
      </symbol>
      <symbol id="sm-3d4">
         <name>_register_unlock</name>
         <value>0x42fd</value>
         <object_component_ref idref="oc-101"/>
      </symbol>
      <symbol id="sm-4d5">
         <name>__TI_printfi</name>
         <value>0x929</value>
         <object_component_ref idref="oc-128"/>
      </symbol>
      <symbol id="sm-4e9">
         <name>_args_main</name>
         <value>0x42cd</value>
         <object_component_ref idref="oc-65"/>
      </symbol>
      <symbol id="sm-4ff">
         <name>atoi</name>
         <value>0x41a1</value>
         <object_component_ref idref="oc-1b7"/>
      </symbol>
      <symbol id="sm-529">
         <name>__TI_auto_init</name>
         <value>0x3f09</value>
         <object_component_ref idref="oc-5f"/>
      </symbol>
      <symbol id="sm-543">
         <name>copy_in</name>
         <value>0x41ed</value>
         <object_component_ref idref="oc-9c"/>
      </symbol>
      <symbol id="sm-54e">
         <name>_ctypes_</name>
         <value>0x51e2</value>
         <object_component_ref idref="oc-202"/>
      </symbol>
      <symbol id="sm-565">
         <name>__aeabi_dsub</name>
         <value>0x35fd</value>
         <object_component_ref idref="oc-1a0"/>
      </symbol>
      <symbol id="sm-566">
         <name>__aeabi_dadd</name>
         <value>0x3607</value>
         <object_component_ref idref="oc-1a0"/>
      </symbol>
      <symbol id="sm-588">
         <name>__aeabi_cdcmpeq</name>
         <value>0x3d09</value>
         <object_component_ref idref="oc-17c"/>
      </symbol>
      <symbol id="sm-589">
         <name>__aeabi_cdcmple</name>
         <value>0x3d09</value>
         <object_component_ref idref="oc-17c"/>
      </symbol>
      <symbol id="sm-58a">
         <name>__aeabi_cdrcmple</name>
         <value>0x3d8f</value>
         <object_component_ref idref="oc-18b"/>
      </symbol>
      <symbol id="sm-59e">
         <name>__aeabi_ddiv</name>
         <value>0x393d</value>
         <object_component_ref idref="oc-186"/>
      </symbol>
      <symbol id="sm-5a9">
         <name>__aeabi_dmul</name>
         <value>0x3a73</value>
         <object_component_ref idref="oc-181"/>
      </symbol>
      <symbol id="sm-5b3">
         <name>__aeabi_d2iz</name>
         <value>0x4239</value>
         <object_component_ref idref="oc-190"/>
      </symbol>
      <symbol id="sm-5bd">
         <name>__aeabi_i2d</name>
         <value>0x4281</value>
         <object_component_ref idref="oc-19b"/>
      </symbol>
      <symbol id="sm-5cc">
         <name>ltoa</name>
         <value>0x414d</value>
         <object_component_ref idref="oc-195"/>
      </symbol>
      <symbol id="sm-5dc">
         <name>memccpy</name>
         <value>0x42af</value>
         <object_component_ref idref="oc-1bd"/>
      </symbol>
      <symbol id="sm-5f7">
         <name>frexpl</name>
         <value>0x3fe1</value>
         <object_component_ref idref="oc-1a5"/>
      </symbol>
      <symbol id="sm-5f8">
         <name>frexp</name>
         <value>0x3fe1</value>
         <object_component_ref idref="oc-1a5"/>
      </symbol>
      <symbol id="sm-615">
         <name>scalbn</name>
         <value>0x3b71</value>
         <object_component_ref idref="oc-1ab"/>
      </symbol>
      <symbol id="sm-616">
         <name>scalbnl</name>
         <value>0x3b71</value>
         <object_component_ref idref="oc-1ab"/>
      </symbol>
      <symbol id="sm-617">
         <name>ldexpl</name>
         <value>0x3b71</value>
         <object_component_ref idref="oc-1ab"/>
      </symbol>
      <symbol id="sm-618">
         <name>ldexp</name>
         <value>0x3b71</value>
         <object_component_ref idref="oc-1ab"/>
      </symbol>
      <symbol id="sm-622">
         <name>_system_post_cinit</name>
         <value>0x37b3</value>
         <object_component_ref idref="oc-a2"/>
      </symbol>
      <symbol id="sm-632">
         <name>strchr</name>
         <value>0x42e5</value>
         <object_component_ref idref="oc-1b1"/>
      </symbol>
      <symbol id="sm-640">
         <name>strlen</name>
         <value>0x4325</value>
         <object_component_ref idref="oc-176"/>
      </symbol>
      <symbol id="sm-65c">
         <name>__aeabi_uldivmod</name>
         <value>0x3409</value>
         <object_component_ref idref="oc-171"/>
      </symbol>
      <symbol id="sm-664">
         <name>errno</name>
         <value>0x20000428</value>
         <object_component_ref idref="oc-1fb"/>
      </symbol>
      <symbol id="sm-66e">
         <name>copysign</name>
         <value>0x4311</value>
         <object_component_ref idref="oc-1f5"/>
      </symbol>
      <symbol id="sm-66f">
         <name>copysignl</name>
         <value>0x4311</value>
         <object_component_ref idref="oc-1f5"/>
      </symbol>
      <symbol id="sm-670">
         <name>__TI_static_base__</name>
         <value>0x0</value>
      </symbol>
      <symbol id="sm-673">
         <name>logoUB8BPP_UNCOMP</name>
         <value>0x0</value>
      </symbol>
      <symbol id="sm-674">
         <name>SHT$$INIT_ARRAY$$Limit</name>
         <value>0x0</value>
      </symbol>
      <symbol id="sm-675">
         <name>SHT$$INIT_ARRAY$$Base</name>
         <value>0x0</value>
      </symbol>
      <symbol id="sm-676">
         <name>NMI_Handler</name>
         <value>0x4353</value>
      </symbol>
      <symbol id="sm-677">
         <name>HardFault_Handler</name>
         <value>0x4353</value>
      </symbol>
      <symbol id="sm-678">
         <name>MemManage_Handler</name>
         <value>0x4353</value>
      </symbol>
      <symbol id="sm-679">
         <name>BusFault_Handler</name>
         <value>0x4353</value>
      </symbol>
      <symbol id="sm-67a">
         <name>UsageFault_Handler</name>
         <value>0x4353</value>
      </symbol>
      <symbol id="sm-67b">
         <name>SVC_Handler</name>
         <value>0x4353</value>
      </symbol>
      <symbol id="sm-67c">
         <name>DebugMon_Handler</name>
         <value>0x4353</value>
      </symbol>
      <symbol id="sm-67d">
         <name>PendSV_Handler</name>
         <value>0x4353</value>
      </symbol>
      <symbol id="sm-67e">
         <name>SysTick_Handler</name>
         <value>0x4353</value>
      </symbol>
      <symbol id="sm-67f">
         <name>PSS_IRQHandler</name>
         <value>0x4353</value>
      </symbol>
      <symbol id="sm-680">
         <name>CS_IRQHandler</name>
         <value>0x4353</value>
      </symbol>
      <symbol id="sm-681">
         <name>PCM_IRQHandler</name>
         <value>0x4353</value>
      </symbol>
      <symbol id="sm-682">
         <name>WDT_A_IRQHandler</name>
         <value>0x4353</value>
      </symbol>
      <symbol id="sm-683">
         <name>FPU_IRQHandler</name>
         <value>0x4353</value>
      </symbol>
      <symbol id="sm-684">
         <name>FLCTL_IRQHandler</name>
         <value>0x4353</value>
      </symbol>
      <symbol id="sm-685">
         <name>COMP_E0_IRQHandler</name>
         <value>0x4353</value>
      </symbol>
      <symbol id="sm-686">
         <name>COMP_E1_IRQHandler</name>
         <value>0x4353</value>
      </symbol>
      <symbol id="sm-687">
         <name>TA0_0_IRQHandler</name>
         <value>0x4353</value>
      </symbol>
      <symbol id="sm-688">
         <name>TA0_N_IRQHandler</name>
         <value>0x4353</value>
      </symbol>
      <symbol id="sm-689">
         <name>TA1_0_IRQHandler</name>
         <value>0x4353</value>
      </symbol>
      <symbol id="sm-68a">
         <name>TA1_N_IRQHandler</name>
         <value>0x4353</value>
      </symbol>
      <symbol id="sm-68b">
         <name>TA2_0_IRQHandler</name>
         <value>0x4353</value>
      </symbol>
      <symbol id="sm-68c">
         <name>TA2_N_IRQHandler</name>
         <value>0x4353</value>
      </symbol>
      <symbol id="sm-68d">
         <name>TA3_0_IRQHandler</name>
         <value>0x4353</value>
      </symbol>
      <symbol id="sm-68e">
         <name>TA3_N_IRQHandler</name>
         <value>0x4353</value>
      </symbol>
      <symbol id="sm-68f">
         <name>EUSCIA0_IRQHandler</name>
         <value>0x4353</value>
      </symbol>
      <symbol id="sm-690">
         <name>EUSCIA1_IRQHandler</name>
         <value>0x4353</value>
      </symbol>
      <symbol id="sm-691">
         <name>EUSCIA2_IRQHandler</name>
         <value>0x4353</value>
      </symbol>
      <symbol id="sm-692">
         <name>EUSCIA3_IRQHandler</name>
         <value>0x4353</value>
      </symbol>
      <symbol id="sm-693">
         <name>EUSCIB0_IRQHandler</name>
         <value>0x4353</value>
      </symbol>
      <symbol id="sm-694">
         <name>EUSCIB1_IRQHandler</name>
         <value>0x4353</value>
      </symbol>
      <symbol id="sm-695">
         <name>EUSCIB2_IRQHandler</name>
         <value>0x4353</value>
      </symbol>
      <symbol id="sm-696">
         <name>EUSCIB3_IRQHandler</name>
         <value>0x4353</value>
      </symbol>
      <symbol id="sm-697">
         <name>ADC14_IRQHandler</name>
         <value>0x4353</value>
      </symbol>
      <symbol id="sm-698">
         <name>T32_INT1_IRQHandler</name>
         <value>0x4353</value>
      </symbol>
      <symbol id="sm-699">
         <name>T32_INT2_IRQHandler</name>
         <value>0x4353</value>
      </symbol>
      <symbol id="sm-69a">
         <name>T32_INTC_IRQHandler</name>
         <value>0x4353</value>
      </symbol>
      <symbol id="sm-69b">
         <name>AES256_IRQHandler</name>
         <value>0x4353</value>
      </symbol>
      <symbol id="sm-69c">
         <name>RTC_C_IRQHandler</name>
         <value>0x4353</value>
      </symbol>
      <symbol id="sm-69d">
         <name>DMA_ERR_IRQHandler</name>
         <value>0x4353</value>
      </symbol>
      <symbol id="sm-69e">
         <name>DMA_INT3_IRQHandler</name>
         <value>0x4353</value>
      </symbol>
      <symbol id="sm-69f">
         <name>DMA_INT2_IRQHandler</name>
         <value>0x4353</value>
      </symbol>
      <symbol id="sm-6a0">
         <name>DMA_INT1_IRQHandler</name>
         <value>0x4353</value>
      </symbol>
      <symbol id="sm-6a1">
         <name>DMA_INT0_IRQHandler</name>
         <value>0x4353</value>
      </symbol>
      <symbol id="sm-6a2">
         <name>PORT1_IRQHandler</name>
         <value>0x4353</value>
      </symbol>
      <symbol id="sm-6a3">
         <name>PORT2_IRQHandler</name>
         <value>0x4353</value>
      </symbol>
      <symbol id="sm-6a4">
         <name>PORT3_IRQHandler</name>
         <value>0x4353</value>
      </symbol>
      <symbol id="sm-6a5">
         <name>PORT4_IRQHandler</name>
         <value>0x2fc9</value>
      </symbol>
      <symbol id="sm-6a6">
         <name>PORT5_IRQHandler</name>
         <value>0x3065</value>
      </symbol>
      <symbol id="sm-6a7">
         <name>PORT6_IRQHandler</name>
         <value>0x4353</value>
      </symbol>
   </symbol_table>
   <title>Link errors: red sections failed placement</title>
</link_info>
